../Core/Src/lcd.c:39:6:SPI_init	8	static
../Core/Src/lcd.c:44:6:LCD_reset	8	static
../Core/Src/lcd.c:51:6:transferComm	16	static
../Core/Src/lcd.c:59:6:transferData	16	static
../Core/Src/lcd.c:67:6:LCD_init	8	static
../Core/Src/lcd.c:168:6:drawBackground	24	static
../Core/Src/lcd.c:189:6:drawRectangle	56	static
../Core/Src/lcd.c:227:6:drawBetterBar	32	static
../Core/Src/lcd.c:231:6:eraseBar	24	static
../Core/Src/lcd.c:234:6:LCD_Fill_Color	32	static
../Core/Src/lcd.c:270:6:dma_write_data	24	static
../Core/Src/lcd.c:295:6:LCD_SetAddressWindow	48	static
../Core/Src/lcd.c:329:6:drawRectangleDMA	256	static
../Core/Src/lcd.c:364:6:updateBarGraph	56	static
