../Core/Src/main.c:74:6:reset_data	16	static
../Core/Src/main.c:129:5:main	40	static
../Core/Src/main.c:254:6:SystemClock_Config	88	static
../Core/Src/main.c:295:13:MX_ADC1_Init	56	static
../Core/Src/main.c:363:13:MX_DAC1_Init	56	static
../Core/Src/main.c:410:13:MX_SPI1_Init	8	static
../Core/Src/main.c:450:13:MX_TIM7_Init	24	static
../Core/Src/main.c:486:13:MX_DMA_Init	24	static
../Core/Src/main.c:515:13:MX_GPIO_Init	40	static
../Core/Src/main.c:542:6:HAL_ADC_ConvHalfCpltCallback	32	static
../Core/Src/main.c:565:6:HAL_ADC_ConvCpltCallback	32	static
../Core/Src/main.c:594:6:Error_Handler	4	static,ignoring_inline_asm
