../Core/Src/main.c:121:5:main	40	static
../Core/Src/main.c:246:6:SystemClock_Config	88	static
../Core/Src/main.c:287:13:MX_ADC1_Init	56	static
../Core/Src/main.c:355:13:MX_DAC1_Init	56	static
../Core/Src/main.c:402:13:MX_SPI1_Init	8	static
../Core/Src/main.c:442:13:MX_TIM7_Init	24	static
../Core/Src/main.c:478:13:MX_DMA_Init	24	static
../Core/Src/main.c:507:13:MX_GPIO_Init	40	static
../Core/Src/main.c:534:6:HAL_ADC_ConvHalfCpltCallback	32	static
../Core/Src/main.c:557:6:HAL_ADC_ConvCpltCallback	32	static
../Core/Src/main.c:586:6:Error_Handler	4	static,ignoring_inline_asm
