Archive member included to satisfy reference by file (symbol)

/Users/enrique/STM32CubeIDE/workspace_1.17.0/lcd_test/Drivers/CMSIS/DSP_DRIVERS/Lib/GCC/libarm_cortexM4lf_math.a(arm_rfft_fast_init_f32.o)
                              ./Core/Src/fft.o (arm_rfft_fast_init_f32)
/Users/enrique/STM32CubeIDE/workspace_1.17.0/lcd_test/Drivers/CMSIS/DSP_DRIVERS/Lib/GCC/libarm_cortexM4lf_math.a(arm_rfft_fast_f32.o)
                              ./Core/Src/fft.o (arm_rfft_fast_f32)
/Users/enrique/STM32CubeIDE/workspace_1.17.0/lcd_test/Drivers/CMSIS/DSP_DRIVERS/Lib/GCC/libarm_cortexM4lf_math.a(arm_cfft_f32.o)
                              /Users/enrique/STM32CubeIDE/workspace_1.17.0/lcd_test/Drivers/CMSIS/DSP_DRIVERS/Lib/GCC/libarm_cortexM4lf_math.a(arm_rfft_fast_f32.o) (arm_cfft_f32)
/Users/enrique/STM32CubeIDE/workspace_1.17.0/lcd_test/Drivers/CMSIS/DSP_DRIVERS/Lib/GCC/libarm_cortexM4lf_math.a(arm_rfft_q15.o)
                              ./Core/Src/fft.o (arm_rfft_q15)
/Users/enrique/STM32CubeIDE/workspace_1.17.0/lcd_test/Drivers/CMSIS/DSP_DRIVERS/Lib/GCC/libarm_cortexM4lf_math.a(arm_rfft_init_q15.o)
                              ./Core/Src/fft.o (arm_rfft_init_q15)
/Users/enrique/STM32CubeIDE/workspace_1.17.0/lcd_test/Drivers/CMSIS/DSP_DRIVERS/Lib/GCC/libarm_cortexM4lf_math.a(arm_bitreversal2.o)
                              /Users/enrique/STM32CubeIDE/workspace_1.17.0/lcd_test/Drivers/CMSIS/DSP_DRIVERS/Lib/GCC/libarm_cortexM4lf_math.a(arm_cfft_f32.o) (arm_bitreversal_32)
/Users/enrique/STM32CubeIDE/workspace_1.17.0/lcd_test/Drivers/CMSIS/DSP_DRIVERS/Lib/GCC/libarm_cortexM4lf_math.a(arm_cmplx_mag_f32.o)
                              ./Core/Src/main.o (arm_cmplx_mag_f32)
/Users/enrique/STM32CubeIDE/workspace_1.17.0/lcd_test/Drivers/CMSIS/DSP_DRIVERS/Lib/GCC/libarm_cortexM4lf_math.a(arm_const_structs.o)
                              /Users/enrique/STM32CubeIDE/workspace_1.17.0/lcd_test/Drivers/CMSIS/DSP_DRIVERS/Lib/GCC/libarm_cortexM4lf_math.a(arm_rfft_init_q15.o) (arm_cfft_sR_q15_len4096)
/Users/enrique/STM32CubeIDE/workspace_1.17.0/lcd_test/Drivers/CMSIS/DSP_DRIVERS/Lib/GCC/libarm_cortexM4lf_math.a(arm_common_tables.o)
                              /Users/enrique/STM32CubeIDE/workspace_1.17.0/lcd_test/Drivers/CMSIS/DSP_DRIVERS/Lib/GCC/libarm_cortexM4lf_math.a(arm_rfft_init_q15.o) (realCoefBQ15)
/Users/enrique/STM32CubeIDE/workspace_1.17.0/lcd_test/Drivers/CMSIS/DSP_DRIVERS/Lib/GCC/libarm_cortexM4lf_math.a(arm_cfft_q15.o)
                              /Users/enrique/STM32CubeIDE/workspace_1.17.0/lcd_test/Drivers/CMSIS/DSP_DRIVERS/Lib/GCC/libarm_cortexM4lf_math.a(arm_rfft_q15.o) (arm_cfft_q15)
/Users/enrique/STM32CubeIDE/workspace_1.17.0/lcd_test/Drivers/CMSIS/DSP_DRIVERS/Lib/GCC/libarm_cortexM4lf_math.a(arm_cfft_radix8_f32.o)
                              /Users/enrique/STM32CubeIDE/workspace_1.17.0/lcd_test/Drivers/CMSIS/DSP_DRIVERS/Lib/GCC/libarm_cortexM4lf_math.a(arm_cfft_f32.o) (arm_radix8_butterfly_f32)
/Users/enrique/STM32CubeIDE/workspace_1.17.0/lcd_test/Drivers/CMSIS/DSP_DRIVERS/Lib/GCC/libarm_cortexM4lf_math.a(arm_cfft_radix4_q15.o)
                              /Users/enrique/STM32CubeIDE/workspace_1.17.0/lcd_test/Drivers/CMSIS/DSP_DRIVERS/Lib/GCC/libarm_cortexM4lf_math.a(arm_cfft_q15.o) (arm_radix4_butterfly_q15)
/Users/enrique/STM32CubeIDE/workspace_1.17.0/lcd_test/Drivers/CMSIS/DSP_DRIVERS/Lib/GCC/libarm_cortexM4lf_math.a(arm_bitreversal.o)
                              /Users/enrique/STM32CubeIDE/workspace_1.17.0/lcd_test/Drivers/CMSIS/DSP_DRIVERS/Lib/GCC/libarm_cortexM4lf_math.a(arm_cfft_radix4_q15.o) (arm_bitreversal_q15)
/Applications/STM32CubeIDE.app/Contents/Eclipse/plugins/com.st.stm32cube.ide.mcu.externaltools.gnu-tools-for-stm32.12.3.rel1.macos64_1.1.0.202410301201/tools/bin/../lib/gcc/arm-none-eabi/12.3.1/../../../../arm-none-eabi/lib/thumb/v7e-m+fp/hard/libc_nano.a(libc_a-exit.o)
                              /Applications/STM32CubeIDE.app/Contents/Eclipse/plugins/com.st.stm32cube.ide.mcu.externaltools.gnu-tools-for-stm32.12.3.rel1.macos64_1.1.0.202410301201/tools/bin/../lib/gcc/arm-none-eabi/12.3.1/../../../../arm-none-eabi/lib/thumb/v7e-m+fp/hard/crt0.o (exit)
/Applications/STM32CubeIDE.app/Contents/Eclipse/plugins/com.st.stm32cube.ide.mcu.externaltools.gnu-tools-for-stm32.12.3.rel1.macos64_1.1.0.202410301201/tools/bin/../lib/gcc/arm-none-eabi/12.3.1/../../../../arm-none-eabi/lib/thumb/v7e-m+fp/hard/libc_nano.a(libc_a-nano-vfprintf_float.o)
                              (_printf_float)
/Applications/STM32CubeIDE.app/Contents/Eclipse/plugins/com.st.stm32cube.ide.mcu.externaltools.gnu-tools-for-stm32.12.3.rel1.macos64_1.1.0.202410301201/tools/bin/../lib/gcc/arm-none-eabi/12.3.1/../../../../arm-none-eabi/lib/thumb/v7e-m+fp/hard/libc_nano.a(libc_a-nano-vfprintf_i.o)
[...]
Memory Configuration

Name             Origin             Length             Attributes
RAM              0x20000000         0x0001c000         xrw
FLASH            0x08000000         0x00080000         xr
*default*        0x00000000         0xffffffff

Linker script and memory map

LOAD /Applications/STM32CubeIDE.app/Contents/Eclipse/plugins/com.st.stm32cube.ide.mcu.externaltools.gnu-tools-for-stm32.12.3.rel1.macos64_1.1.0.202410301201/tools/bin/../lib/gcc/arm-none-eabi/12.3.1/thumb/v7e-m+fp/hard/crti.o
LOAD /Applications/STM32CubeIDE.app/Contents/Eclipse/plugins/com.st.stm32cube.ide.mcu.externaltools.gnu-tools-for-stm32.12.3.rel1.macos64_1.1.0.202410301201/tools/bin/../lib/gcc/arm-none-eabi/12.3.1/thumb/v7e-m+fp/hard/crtbegin.o
LOAD /Applications/STM32CubeIDE.app/Contents/Eclipse/plugins/com.st.stm32cube.ide.mcu.externaltools.gnu-tools-for-stm32.12.3.rel1.macos64_1.1.0.202410301201/tools/bin/../lib/gcc/arm-none-eabi/12.3.1/../../../../arm-none-eabi/lib/thumb/v7e-m+fp/hard/crt0.o
LOAD ./Core/Src/UART.o
LOAD ./Core/Src/fft.o
LOAD ./Core/Src/iir.o
LOAD ./Core/Src/lcd.o
LOAD ./Core/Src/main.o
LOAD ./Core/Src/stm32g4xx_hal_msp.o
LOAD ./Core/Src/stm32g4xx_it.o
LOAD ./Core/Src/syscalls.o
LOAD ./Core/Src/sysmem.o
LOAD ./Core/Src/system_stm32g4xx.o
LOAD ./Core/Startup/startup_stm32g491retx.o
LOAD ./Drivers/STM32G4xx_HAL_Driver/Src/stm32g4xx_hal.o
LOAD ./Drivers/STM32G4xx_HAL_Driver/Src/stm32g4xx_hal_adc.o
LOAD ./Drivers/STM32G4xx_HAL_Driver/Src/stm32g4xx_hal_adc_ex.o
LOAD ./Drivers/STM32G4xx_HAL_Driver/Src/stm32g4xx_hal_cortex.o
LOAD ./Drivers/STM32G4xx_HAL_Driver/Src/stm32g4xx_hal_dac.o
LOAD ./Drivers/STM32G4xx_HAL_Driver/Src/stm32g4xx_hal_dac_ex.o
LOAD ./Drivers/STM32G4xx_HAL_Driver/Src/stm32g4xx_hal_dma.o
LOAD ./Drivers/STM32G4xx_HAL_Driver/Src/stm32g4xx_hal_dma_ex.o
LOAD ./Drivers/STM32G4xx_HAL_Driver/Src/stm32g4xx_hal_exti.o
LOAD ./Drivers/STM32G4xx_HAL_Driver/Src/stm32g4xx_hal_flash.o
LOAD ./Drivers/STM32G4xx_HAL_Driver/Src/stm32g4xx_hal_flash_ex.o
LOAD ./Drivers/STM32G4xx_HAL_Driver/Src/stm32g4xx_hal_flash_ramfunc.o
LOAD ./Drivers/STM32G4xx_HAL_Driver/Src/stm32g4xx_hal_gpio.o
LOAD ./Drivers/STM32G4xx_HAL_Driver/Src/stm32g4xx_hal_pwr.o
LOAD ./Drivers/STM32G4xx_HAL_Driver/Src/stm32g4xx_hal_pwr_ex.o
LOAD ./Drivers/STM32G4xx_HAL_Driver/Src/stm32g4xx_hal_rcc.o
LOAD ./Drivers/STM32G4xx_HAL_Driver/Src/stm32g4xx_hal_rcc_ex.o
LOAD ./Drivers/STM32G4xx_HAL_Driver/Src/stm32g4xx_hal_spi.o
LOAD ./Drivers/STM32G4xx_HAL_Driver/Src/stm32g4xx_hal_spi_ex.o
LOAD ./Drivers/STM32G4xx_HAL_Driver/Src/stm32g4xx_hal_tim.o
LOAD ./Drivers/STM32G4xx_HAL_Driver/Src/stm32g4xx_hal_tim_ex.o
LOAD ./Drivers/STM32G4xx_HAL_Driver/Src/stm32g4xx_hal_uart.o
LOAD ./Drivers/STM32G4xx_HAL_Driver/Src/stm32g4xx_hal_uart_ex.o
LOAD ./Drivers/STM32G4xx_HAL_Driver/Src/stm32g4xx_hal_usart.o
LOAD ./Drivers/STM32G4xx_HAL_Driver/Src/stm32g4xx_hal_usart_ex.o
LOAD ./Drivers/STM32G4xx_HAL_Driver/Src/stm32g4xx_ll_adc.o
LOAD /Users/enrique/STM32CubeIDE/workspace_1.17.0/lcd_test/Drivers/CMSIS/DSP_DRIVERS/Lib/GCC/libarm_cortexM4lf_math.a
START GROUP
LOAD /Applications/STM32CubeIDE.app/Contents/Eclipse/plugins/com.st.stm32cube.ide.mcu.externaltools.gnu-tools-for-stm32.12.3.rel1.macos64_1.1.0.202410301201/tools/bin/../lib/gcc/arm-none-eabi/12.3.1/../../../../arm-none-eabi/lib/thumb/v7e-m+fp/hard/libc_nano.a
LOAD /Applications/STM32CubeIDE.app/Contents/Eclipse/plugins/com.st.stm32cube.ide.mcu.externaltools.gnu-tools-for-stm32.12.3.rel1.macos64_1.1.0.202410301201/tools/bin/../lib/gcc/arm-none-eabi/12.3.1/../../../../arm-none-eabi/lib/thumb/v7e-m+fp/hard/libm.a
END GROUP
START GROUP
LOAD /Applications/STM32CubeIDE.app/Contents/Eclipse/plugins/com.st.stm32cube.ide.mcu.externaltools.gnu-tools-for-stm32.12.3.rel1.macos64_1.1.0.202410301201/tools/bin/../lib/gcc/arm-none-eabi/12.3.1/thumb/v7e-m+fp/hard/libgcc.a
LOAD /Applications/STM32CubeIDE.app/Contents/Eclipse/plugins/com.st.stm32cube.ide.mcu.externaltools.gnu-tools-for-stm32.12.3.rel1.macos64_1.1.0.202410301201/tools/bin/../lib/gcc/arm-none-eabi/12.3.1/../../../../arm-none-eabi/lib/thumb/v7e-m+fp/hard/libc_nano.a
END GROUP
START GROUP
LOAD /Applications/STM32CubeIDE.app/Contents/Eclipse/plugins/com.st.stm32cube.ide.mcu.externaltools.gnu-tools-for-stm32.12.3.rel1.macos64_1.1.0.202410301201/tools/bin/../lib/gcc/arm-none-eabi/12.3.1/thumb/v7e-m+fp/hard/libgcc.a
LOAD /Applications/STM32CubeIDE.app/Contents/Eclipse/plugins/com.st.stm32cube.ide.mcu.externaltools.gnu-tools-for-stm32.12.3.rel1.macos64_1.1.0.202410301201/tools/bin/../lib/gcc/arm-none-eabi/12.3.1/../../../../arm-none-eabi/lib/thumb/v7e-m+fp/hard/libc_nano.a
LOAD /Applications/STM32CubeIDE.app/Contents/Eclipse/plugins/com.st.stm32cube.ide.mcu.externaltools.gnu-tools-for-stm32.12.3.rel1.macos64_1.1.0.202410301201/tools/bin/../lib/gcc/arm-none-eabi/12.3.1/../../../../arm-none-eabi/lib/thumb/v7e-m+fp/hard/libnosys.a
END GROUP
START GROUP
LOAD /Applications/STM32CubeIDE.app/Contents/Eclipse/plugins/com.st.stm32cube.ide.mcu.externaltools.gnu-tools-for-stm32.12.3.rel1.macos64_1.1.0.202410301201/tools/bin/../lib/gcc/arm-none-eabi/12.3.1/thumb/v7e-m+fp/hard/libgcc.a
LOAD /Applications/STM32CubeIDE.app/Contents/Eclipse/plugins/com.st.stm32cube.ide.mcu.externaltools.gnu-tools-for-stm32.12.3.rel1.macos64_1.1.0.202410301201/tools/bin/../lib/gcc/arm-none-eabi/12.3.1/../../../../arm-none-eabi/lib/thumb/v7e-m+fp/hard/libc_nano.a
LOAD /Applications/STM32CubeIDE.app/Contents/Eclipse/plugins/com.st.stm32cube.ide.mcu.externaltools.gnu-tools-for-stm32.12.3.rel1.macos64_1.1.0.202410301201/tools/bin/../lib/gcc/arm-none-eabi/12.3.1/../../../../arm-none-eabi/lib/thumb/v7e-m+fp/hard/libnosys.a
END GROUP
LOAD /Applications/STM32CubeIDE.app/Contents/Eclipse/plugins/com.st.stm32cube.ide.mcu.externaltools.gnu-tools-for-stm32.12.3.rel1.macos64_1.1.0.202410301201/tools/bin/../lib/gcc/arm-none-eabi/12.3.1/thumb/v7e-m+fp/hard/crtend.o
LOAD /Applications/STM32CubeIDE.app/Contents/Eclipse/plugins/com.st.stm32cube.ide.mcu.externaltools.gnu-tools-for-stm32.12.3.rel1.macos64_1.1.0.202410301201/tools/bin/../lib/gcc/arm-none-eabi/12.3.1/thumb/v7e-m+fp/hard/crtn.o
                0x2001c000                        _estack = (ORIGIN (RAM) + LENGTH (RAM))
                0x00000200                        _Min_Heap_Size = 0x200
                0x00000400                        _Min_Stack_Size = 0x400

.isr_vector     0x08000000      0x1d8
                0x08000000                        . = ALIGN (0x4)
 *(.isr_vector)
 .isr_vector    0x08000000      0x1d8 ./Core/Startup/startup_stm32g491retx.o
                0x08000000                g_pfnVectors
                0x080001d8                        . = ALIGN (0x4)

.text           0x080001e0     0xb344
                0x080001e0                        . = ALIGN (0x4)
 *(.text)
 .text          0x080001e0       0x40 /Applications/STM32CubeIDE.app/Contents/Eclipse/plugins/com.st.stm32cube.ide.mcu.externaltools.gnu-tools-for-stm32.12.3.rel1.macos64_1.1.0.202410301201/tools/bin/../lib/gcc/arm-none-eabi/12.3.1/thumb/v7e-m+fp/hard/crtbegin.o
 .text          0x08000220       0xa0 /Applications/STM32CubeIDE.app/Contents/Eclipse/plugins/com.st.stm32cube.ide.mcu.externaltools.gnu-tools-for-stm32.12.3.rel1.macos64_1.1.0.202410301201/tools/bin/../lib/gcc/arm-none-eabi/12.3.1/../../../../arm-none-eabi/lib/thumb/v7e-m+fp/hard/libc_nano.a(libc_a-memchr.o)
                0x08000220                memchr
 .text          0x080002c0       0x10 /Applications/STM32CubeIDE.app/Contents/Eclipse/plugins/com.st.stm32cube.ide.mcu.externaltools.gnu-tools-for-stm32.12.3.rel1.macos64_1.1.0.202410301201/tools/bin/../lib/gcc/arm-none-eabi/12.3.1/../../../../arm-none-eabi/lib/thumb/v7e-m+fp/hard/libc_nano.a(libc_a-strlen.o)
                0x080002c0                strlen
 .text          0x080002d0      0x378 /Applications/STM32CubeIDE.app/Contents/Eclipse/plugins/com.st.stm32cube.ide.mcu.externaltools.gnu-tools-for-stm32.12.3.rel1.macos64_1.1.0.202410301201/tools/bin/../lib/gcc/arm-none-eabi/12.3.1/thumb/v7e-m+fp/hard/libgcc.a(_arm_addsubdf3.o)
                0x080002d0                __aeabi_drsub
                0x080002d8                __subdf3
                0x080002d8                __aeabi_dsub
                0x080002dc                __aeabi_dadd
                0x080002dc                __adddf3
                0x08000554                __aeabi_ui2d
                0x08000554                __floatunsidf
                0x08000574                __floatsidf
                0x08000574                __aeabi_i2d
                0x08000598                __extendsfdf2
                0x08000598                __aeabi_f2d
                0x080005dc                __aeabi_ul2d
                0x080005dc                __floatundidf
                0x080005ec                __aeabi_l2d
                0x080005ec                __floatdidf
 .text          0x08000648      0x424 /Applications/STM32CubeIDE.app/Contents/Eclipse/plugins/com.st.stm32cube.ide.mcu.externaltools.gnu-tools-for-stm32.12.3.rel1.macos64_1.1.0.202410301201/tools/bin/../lib/gcc/arm-none-eabi/12.3.1/thumb/v7e-m+fp/hard/libgcc.a(_arm_muldivdf3.o)
                0x08000648                __aeabi_dmul
                0x08000648                __muldf3
                0x0800089c                __aeabi_ddiv
                0x0800089c                __divdf3
 .text          0x08000a6c      0x110 /Applications/STM32CubeIDE.app/Contents/Eclipse/plugins/com.st.stm32cube.ide.mcu.externaltools.gnu-tools-for-stm32.12.3.rel1.macos64_1.1.0.202410301201/tools/bin/../lib/gcc/arm-none-eabi/12.3.1/thumb/v7e-m+fp/hard/libgcc.a(_arm_cmpdf2.o)
                0x08000a6c                __gedf2
                0x08000a6c                __gtdf2
                0x08000a74                __ledf2
                0x08000a74                __ltdf2
                0x08000a7c                __cmpdf2
                0x08000a7c                __eqdf2
                0x08000a7c                __nedf2
                0x08000af8                __aeabi_cdrcmple
                0x08000b08                __aeabi_cdcmple
                0x08000b08                __aeabi_cdcmpeq
                0x08000b18                __aeabi_dcmpeq
                0x08000b2c                __aeabi_dcmplt
                0x08000b40                __aeabi_dcmple
                0x08000b54                __aeabi_dcmpge
                0x08000b68                __aeabi_dcmpgt
 .text          0x08000b7c       0x2c /Applications/STM32CubeIDE.app/Contents/Eclipse/plugins/com.st.stm32cube.ide.mcu.externaltools.gnu-tools-for-stm32.12.3.rel1.macos64_1.1.0.202410301201/tools/bin/../lib/gcc/arm-none-eabi/12.3.1/thumb/v7e-m+fp/hard/libgcc.a(_arm_unorddf2.o)
                0x08000b7c                __aeabi_dcmpun
                0x08000b7c                __unorddf2
 .text          0x08000ba8       0x50 /Applications/STM32CubeIDE.app/Contents/Eclipse/plugins/com.st.stm32cube.ide.mcu.externaltools.gnu-tools-for-stm32.12.3.rel1.macos64_1.1.0.202410301201/tools/bin/../lib/gcc/arm-none-eabi/12.3.1/thumb/v7e-m+fp/hard/libgcc.a(_arm_fixdfsi.o)
                0x08000ba8                __fixdfsi
                0x08000ba8                __aeabi_d2iz
 .text          0x08000bf8       0x30 /Applications/STM32CubeIDE.app/Contents/Eclipse/plugins/com.st.stm32cube.ide.mcu.externaltools.gnu-tools-for-stm32.12.3.rel1.macos64_1.1.0.202410301201/tools/bin/../lib/gcc/arm-none-eabi/12.3.1/thumb/v7e-m+fp/hard/libgcc.a(_aeabi_uldivmod.o)
                0x08000bf8                __aeabi_uldivmod
 .text          0x08000c28      0x2bc /Applications/STM32CubeIDE.app/Contents/Eclipse/plugins/com.st.stm32cube.ide.mcu.externaltools.gnu-tools-for-stm32.12.3.rel1.macos64_1.1.0.202410301201/tools/bin/../lib/gcc/arm-none-eabi/12.3.1/thumb/v7e-m+fp/hard/libgcc.a(_udivmoddi4.o)
                0x08000c28                __udivmoddi4
 .text          0x08000ee4        0x4 /Applications/STM32CubeIDE.app/Contents/Eclipse/plugins/com.st.stm32cube.ide.mcu.externaltools.gnu-tools-for-stm32.12.3.rel1.macos64_1.1.0.202410301201/tools/bin/../lib/gcc/arm-none-eabi/12.3.1/thumb/v7e-m+fp/hard/libgcc.a(_dvmd_tls.o)
                0x08000ee4                __aeabi_ldiv0
                0x08000ee4                __aeabi_idiv0
 *(.text*)
 .text.uart_init
                0x08000ee8       0xb8 ./Core/Src/UART.o
                0x08000ee8                uart_init
 .text.__io_putchar
                0x08000fa0       0x24 ./Core/Src/UART.o
                0x08000fa0                __io_putchar
 .text.init_fft
                0x08000fc4       0x38 ./Core/Src/fft.o
                0x08000fc4                init_fft
 .text.perform_fft
                0x08000ffc       0x24 ./Core/Src/fft.o
                0x08000ffc                perform_fft
 .text.lowpass_IIR_filter
                0x08001020       0x3a ./Core/Src/iir.o
                0x08001020                lowpass_IIR_filter
 .text.SPI_init
                0x0800105a       0x14 ./Core/Src/lcd.o
                0x0800105a                SPI_init
 .text.LCD_reset
                0x0800106e       0x28 ./Core/Src/lcd.o
                0x0800106e                LCD_reset
 *fill*         0x08001096        0x2 
 .text.transferComm
                0x08001098       0x48 ./Core/Src/lcd.o
                0x08001098                transferComm
 .text.transferData
                0x080010e0       0x48 ./Core/Src/lcd.o
                0x080010e0                transferData
 .text.LCD_init
                0x08001128      0x1d6 ./Core/Src/lcd.o
                0x08001128                LCD_init
 *fill*         0x080012fe        0x2 
 .text.LCD_Fill_Color
                0x08001300       0xb8 ./Core/Src/lcd.o
                0x08001300                LCD_Fill_Color
 .text.dma_write_data
                0x080013b8       0x9c ./Core/Src/lcd.o
                0x080013b8                dma_write_data
 .text.LCD_SetAddressWindow
                0x08001454       0xdc ./Core/Src/lcd.o
                0x08001454                LCD_SetAddressWindow
 .text.drawRectangleDMA
                0x08001530       0xf8 ./Core/Src/lcd.o
                0x08001530                drawRectangleDMA
 .text.updateBarGraph
                0x08001628       0x90 ./Core/Src/lcd.o
                0x08001628                updateBarGraph
 .text.main     0x080016b8      0x21c ./Core/Src/main.o
                0x080016b8                main
 .text.SystemClock_Config
                0x080018d4       0x80 ./Core/Src/main.o
                0x080018d4                SystemClock_Config
 .text.MX_ADC1_Init
                0x08001954       0xf4 ./Core/Src/main.o
 .text.MX_DAC1_Init
                0x08001a48       0x74 ./Core/Src/main.o
 .text.MX_SPI1_Init
                0x08001abc       0x7c ./Core/Src/main.o
 .text.MX_TIM7_Init
                0x08001b38       0x6c ./Core/Src/main.o
 .text.MX_DMA_Init
                0x08001ba4       0x9c ./Core/Src/main.o
 .text.MX_GPIO_Init
                0x08001c40       0x94 ./Core/Src/main.o
 .text.HAL_ADC_ConvHalfCpltCallback
                0x08001cd4       0xdc ./Core/Src/main.o
                0x08001cd4                HAL_ADC_ConvHalfCpltCallback
 .text.HAL_ADC_ConvCpltCallback
                0x08001db0       0xe0 ./Core/Src/main.o
                0x08001db0                HAL_ADC_ConvCpltCallback
 .text.Error_Handler
                0x08001e90        0xc ./Core/Src/main.o
                0x08001e90                Error_Handler
 .text.HAL_MspInit
                0x08001e9c       0x48 ./Core/Src/stm32g4xx_hal_msp.o
                0x08001e9c                HAL_MspInit
 .text.HAL_ADC_MspInit
                0x08001ee4      0x108 ./Core/Src/stm32g4xx_hal_msp.o
                0x08001ee4                HAL_ADC_MspInit
 .text.HAL_DAC_MspInit
                0x08001fec       0xdc ./Core/Src/stm32g4xx_hal_msp.o
                0x08001fec                HAL_DAC_MspInit
 .text.HAL_SPI_MspInit
                0x080020c8      0x178 ./Core/Src/stm32g4xx_hal_msp.o
                0x080020c8                HAL_SPI_MspInit
 .text.HAL_TIM_Base_MspInit
                0x08002240       0x40 ./Core/Src/stm32g4xx_hal_msp.o
                0x08002240                HAL_TIM_Base_MspInit
 .text.NMI_Handler
                0x08002280        0x8 ./Core/Src/stm32g4xx_it.o
                0x08002280                NMI_Handler
 .text.HardFault_Handler
                0x08002288        0x8 ./Core/Src/stm32g4xx_it.o
                0x08002288                HardFault_Handler
 .text.MemManage_Handler
                0x08002290        0x8 ./Core/Src/stm32g4xx_it.o
                0x08002290                MemManage_Handler
 .text.BusFault_Handler
                0x08002298        0x8 ./Core/Src/stm32g4xx_it.o
                0x08002298                BusFault_Handler
 .text.UsageFault_Handler
                0x080022a0        0x8 ./Core/Src/stm32g4xx_it.o
                0x080022a0                UsageFault_Handler
 .text.SVC_Handler
                0x080022a8        0xe ./Core/Src/stm32g4xx_it.o
                0x080022a8                SVC_Handler
 .text.DebugMon_Handler
                0x080022b6        0xe ./Core/Src/stm32g4xx_it.o
                0x080022b6                DebugMon_Handler
 .text.PendSV_Handler
                0x080022c4        0xe ./Core/Src/stm32g4xx_it.o
                0x080022c4                PendSV_Handler
 .text.SysTick_Handler
                0x080022d2        0xc ./Core/Src/stm32g4xx_it.o
                0x080022d2                SysTick_Handler
 *fill*         0x080022de        0x2 
 .text.DMA1_Channel1_IRQHandler
                0x080022e0       0x14 ./Core/Src/stm32g4xx_it.o
                0x080022e0                DMA1_Channel1_IRQHandler
 .text.DMA1_Channel2_IRQHandler
                0x080022f4       0x14 ./Core/Src/stm32g4xx_it.o
                0x080022f4                DMA1_Channel2_IRQHandler
 .text.DMA2_Channel2_IRQHandler
                0x08002308       0x14 ./Core/Src/stm32g4xx_it.o
                0x08002308                DMA2_Channel2_IRQHandler
 .text.DMA2_Channel3_IRQHandler
                0x0800231c       0x14 ./Core/Src/stm32g4xx_it.o
                0x0800231c                DMA2_Channel3_IRQHandler
 .text._getpid  0x08002330       0x10 ./Core/Src/syscalls.o
                0x08002330                _getpid
 .text._kill    0x08002340       0x20 ./Core/Src/syscalls.o
                0x08002340                _kill
 .text._exit    0x08002360       0x16 ./Core/Src/syscalls.o
                0x08002360                _exit
 .text._read    0x08002376       0x3a ./Core/Src/syscalls.o
                0x08002376                _read
 .text._write   0x080023b0       0x38 ./Core/Src/syscalls.o
                0x080023b0                _write
 .text._close   0x080023e8       0x18 ./Core/Src/syscalls.o
                0x080023e8                _close
 .text._fstat   0x08002400       0x20 ./Core/Src/syscalls.o
                0x08002400                _fstat
 .text._isatty  0x08002420       0x16 ./Core/Src/syscalls.o
                0x08002420                _isatty
 .text._lseek   0x08002436       0x1a ./Core/Src/syscalls.o
                0x08002436                _lseek
 .text._sbrk    0x08002450       0x6c ./Core/Src/sysmem.o
                0x08002450                _sbrk
 .text.SystemInit
                0x080024bc       0x24 ./Core/Src/system_stm32g4xx.o
                0x080024bc                SystemInit
 .text.Reset_Handler
                0x080024e0       0x50 ./Core/Startup/startup_stm32g491retx.o
                0x080024e0                Reset_Handler
 .text.Default_Handler
                0x08002530        0x2 ./Core/Startup/startup_stm32g491retx.o
                0x08002530                TIM1_BRK_TIM15_IRQHandler
                0x08002530                EXTI2_IRQHandler
                0x08002530                TIM8_TRG_COM_IRQHandler
                0x08002530                TIM8_CC_IRQHandler
                0x08002530                TIM1_CC_IRQHandler
                0x08002530                USB_HP_IRQHandler
                0x08002530                CORDIC_IRQHandler
                0x08002530                DMA2_Channel8_IRQHandler
                0x08002530                EXTI3_IRQHandler
                0x08002530                I2C3_ER_IRQHandler
                0x08002530                EXTI0_IRQHandler
                0x08002530                I2C2_EV_IRQHandler
                0x08002530                FPU_IRQHandler
                0x08002530                FDCAN1_IT1_IRQHandler
                0x08002530                TIM1_UP_TIM16_IRQHandler
                0x08002530                ADC1_2_IRQHandler
                0x08002530                SPI1_IRQHandler
                0x08002530                TIM6_DAC_IRQHandler
                0x08002530                TIM8_UP_IRQHandler
                0x08002530                DMA1_Channel4_IRQHandler
                0x08002530                TIM20_TRG_COM_IRQHandler
                0x08002530                USART3_IRQHandler
                0x08002530                DMA1_Channel7_IRQHandler
                0x08002530                UART5_IRQHandler
                0x08002530                ADC3_IRQHandler
                0x08002530                TIM4_IRQHandler
                0x08002530                DMA2_Channel1_IRQHandler
                0x08002530                QUADSPI_IRQHandler
                0x08002530                I2C1_EV_IRQHandler
                0x08002530                DMA1_Channel6_IRQHandler
                0x08002530                UART4_IRQHandler
                0x08002530                DMA2_Channel4_IRQHandler
                0x08002530                TIM3_IRQHandler
                0x08002530                RCC_IRQHandler
                0x08002530                TIM20_UP_IRQHandler
                0x08002530                Default_Handler
                0x08002530                DMA2_Channel7_IRQHandler
                0x08002530                RTC_TAMP_LSECSS_IRQHandler
                0x08002530                FMAC_IRQHandler
                0x08002530                EXTI15_10_IRQHandler
                0x08002530                DMA1_Channel8_IRQHandler
                0x08002530                TIM7_IRQHandler
                0x08002530                UCPD1_IRQHandler
                0x08002530                I2C3_EV_IRQHandler
                0x08002530                EXTI9_5_IRQHandler
                0x08002530                RTC_WKUP_IRQHandler
                0x08002530                PVD_PVM_IRQHandler
                0x08002530                SPI2_IRQHandler
                0x08002530                DMA2_Channel5_IRQHandler
                0x08002530                CRS_IRQHandler
                0x08002530                DMA1_Channel5_IRQHandler
                0x08002530                USB_LP_IRQHandler
                0x08002530                EXTI4_IRQHandler
                0x08002530                RNG_IRQHandler
                0x08002530                TIM1_TRG_COM_TIM17_IRQHandler
                0x08002530                FDCAN2_IT1_IRQHandler
                0x08002530                DMA1_Channel3_IRQHandler
                0x08002530                WWDG_IRQHandler
                0x08002530                FDCAN2_IT0_IRQHandler
                0x08002530                LPUART1_IRQHandler
                0x08002530                DMA2_Channel6_IRQHandler
                0x08002530                FDCAN1_IT0_IRQHandler
                0x08002530                TIM2_IRQHandler
                0x08002530                COMP1_2_3_IRQHandler
                0x08002530                EXTI1_IRQHandler
                0x08002530                USART2_IRQHandler
                0x08002530                TIM20_BRK_IRQHandler
                0x08002530                I2C2_ER_IRQHandler
                0x08002530                TIM8_BRK_IRQHandler
                0x08002530                FLASH_IRQHandler
                0x08002530                TIM20_CC_IRQHandler
                0x08002530                USART1_IRQHandler
                0x08002530                SPI3_IRQHandler
                0x08002530                I2C1_ER_IRQHandler
                0x08002530                LPTIM1_IRQHandler
                0x08002530                DMAMUX_OVR_IRQHandler
                0x08002530                USBWakeUp_IRQHandler
                0x08002530                SAI1_IRQHandler
                0x08002530                COMP4_IRQHandler
                0x08002530                RTC_Alarm_IRQHandler
 .text.HAL_Init
                0x08002532       0x30 ./Drivers/STM32G4xx_HAL_Driver/Src/stm32g4xx_hal.o
                0x08002532                HAL_Init
 *fill*         0x08002562        0x2 
 .text.HAL_InitTick
                0x08002564       0x74 ./Drivers/STM32G4xx_HAL_Driver/Src/stm32g4xx_hal.o
                0x08002564                HAL_InitTick
 .text.HAL_IncTick
                0x080025d8       0x24 ./Drivers/STM32G4xx_HAL_Driver/Src/stm32g4xx_hal.o
                0x080025d8                HAL_IncTick
 .text.HAL_GetTick
                0x080025fc       0x18 ./Drivers/STM32G4xx_HAL_Driver/Src/stm32g4xx_hal.o
                0x080025fc                HAL_GetTick
 .text.HAL_Delay
                0x08002614       0x44 ./Drivers/STM32G4xx_HAL_Driver/Src/stm32g4xx_hal.o
                0x08002614                HAL_Delay
 .text.LL_ADC_SetCommonClock
                0x08002658       0x26 ./Drivers/STM32G4xx_HAL_Driver/Src/stm32g4xx_hal_adc.o
 .text.LL_ADC_SetCommonPathInternalCh
                0x0800267e       0x26 ./Drivers/STM32G4xx_HAL_Driver/Src/stm32g4xx_hal_adc.o
 .text.LL_ADC_GetCommonPathInternalCh
                0x080026a4       0x1c ./Drivers/STM32G4xx_HAL_Driver/Src/stm32g4xx_hal_adc.o
 .text.LL_ADC_SetOffset
                0x080026c0       0x48 ./Drivers/STM32G4xx_HAL_Driver/Src/stm32g4xx_hal_adc.o
 .text.LL_ADC_GetOffsetChannel
                0x08002708       0x2c ./Drivers/STM32G4xx_HAL_Driver/Src/stm32g4xx_hal_adc.o
 .text.LL_ADC_SetOffsetState
                0x08002734       0x36 ./Drivers/STM32G4xx_HAL_Driver/Src/stm32g4xx_hal_adc.o
 .text.LL_ADC_SetOffsetSign
                0x0800276a       0x36 ./Drivers/STM32G4xx_HAL_Driver/Src/stm32g4xx_hal_adc.o
 .text.LL_ADC_SetOffsetSaturation
                0x080027a0       0x36 ./Drivers/STM32G4xx_HAL_Driver/Src/stm32g4xx_hal_adc.o
 .text.LL_ADC_SetSamplingTimeCommonConfig
                0x080027d6       0x26 ./Drivers/STM32G4xx_HAL_Driver/Src/stm32g4xx_hal_adc.o
 .text.LL_ADC_REG_IsTriggerSourceSWStart
                0x080027fc       0x26 ./Drivers/STM32G4xx_HAL_Driver/Src/stm32g4xx_hal_adc.o
 .text.LL_ADC_REG_SetSequencerRanks
                0x08002822       0x58 ./Drivers/STM32G4xx_HAL_Driver/Src/stm32g4xx_hal_adc.o
 .text.LL_ADC_SetChannelSamplingTime
                0x0800287a       0x56 ./Drivers/STM32G4xx_HAL_Driver/Src/stm32g4xx_hal_adc.o
 .text.LL_ADC_SetChannelSingleDiff
                0x080028d0       0x48 ./Drivers/STM32G4xx_HAL_Driver/Src/stm32g4xx_hal_adc.o
 .text.LL_ADC_GetMultimode
                0x08002918       0x1c ./Drivers/STM32G4xx_HAL_Driver/Src/stm32g4xx_hal_adc.o
 .text.LL_ADC_DisableDeepPowerDown
                0x08002934       0x24 ./Drivers/STM32G4xx_HAL_Driver/Src/stm32g4xx_hal_adc.o
 .text.LL_ADC_IsDeepPowerDownEnabled
                0x08002958       0x28 ./Drivers/STM32G4xx_HAL_Driver/Src/stm32g4xx_hal_adc.o
 .text.LL_ADC_EnableInternalRegulator
                0x08002980       0x28 ./Drivers/STM32G4xx_HAL_Driver/Src/stm32g4xx_hal_adc.o
 .text.LL_ADC_IsInternalRegulatorEnabled
                0x080029a8       0x28 ./Drivers/STM32G4xx_HAL_Driver/Src/stm32g4xx_hal_adc.o
 .text.LL_ADC_Enable
                0x080029d0       0x28 ./Drivers/STM32G4xx_HAL_Driver/Src/stm32g4xx_hal_adc.o
 .text.LL_ADC_IsEnabled
                0x080029f8       0x26 ./Drivers/STM32G4xx_HAL_Driver/Src/stm32g4xx_hal_adc.o
 .text.LL_ADC_REG_StartConversion
                0x08002a1e       0x28 ./Drivers/STM32G4xx_HAL_Driver/Src/stm32g4xx_hal_adc.o
 .text.LL_ADC_REG_IsConversionOngoing
                0x08002a46       0x26 ./Drivers/STM32G4xx_HAL_Driver/Src/stm32g4xx_hal_adc.o
 .text.LL_ADC_INJ_IsConversionOngoing
                0x08002a6c       0x26 ./Drivers/STM32G4xx_HAL_Driver/Src/stm32g4xx_hal_adc.o
 *fill*         0x08002a92        0x2 
 .text.HAL_ADC_Init
                0x08002a94      0x35c ./Drivers/STM32G4xx_HAL_Driver/Src/stm32g4xx_hal_adc.o
                0x08002a94                HAL_ADC_Init
 .text.HAL_ADC_Start_DMA
                0x08002df0      0x194 ./Drivers/STM32G4xx_HAL_Driver/Src/stm32g4xx_hal_adc.o
                0x08002df0                HAL_ADC_Start_DMA
 .text.HAL_ADC_ErrorCallback
                0x08002f84       0x14 ./Drivers/STM32G4xx_HAL_Driver/Src/stm32g4xx_hal_adc.o
                0x08002f84                HAL_ADC_ErrorCallback
 .text.HAL_ADC_ConfigChannel
                0x08002f98      0x858 ./Drivers/STM32G4xx_HAL_Driver/Src/stm32g4xx_hal_adc.o
                0x08002f98                HAL_ADC_ConfigChannel
 .text.ADC_Enable
                0x080037f0      0x12c ./Drivers/STM32G4xx_HAL_Driver/Src/stm32g4xx_hal_adc.o
                0x080037f0                ADC_Enable
 .text.ADC_DMAConvCplt
                0x0800391c       0xd8 ./Drivers/STM32G4xx_HAL_Driver/Src/stm32g4xx_hal_adc.o
                0x0800391c                ADC_DMAConvCplt
 .text.ADC_DMAHalfConvCplt
                0x080039f4       0x1c ./Drivers/STM32G4xx_HAL_Driver/Src/stm32g4xx_hal_adc.o
                0x080039f4                ADC_DMAHalfConvCplt
 .text.ADC_DMAError
                0x08003a10       0x34 ./Drivers/STM32G4xx_HAL_Driver/Src/stm32g4xx_hal_adc.o
                0x08003a10                ADC_DMAError
 .text.LL_ADC_IsEnabled
                0x08003a44       0x26 ./Drivers/STM32G4xx_HAL_Driver/Src/stm32g4xx_hal_adc_ex.o
 .text.LL_ADC_REG_IsConversionOngoing
                0x08003a6a       0x26 ./Drivers/STM32G4xx_HAL_Driver/Src/stm32g4xx_hal_adc_ex.o
 .text.HAL_ADCEx_MultiModeConfigChannel
                0x08003a90      0x1d0 ./Drivers/STM32G4xx_HAL_Driver/Src/stm32g4xx_hal_adc_ex.o
                0x08003a90                HAL_ADCEx_MultiModeConfigChannel
 .text.__NVIC_SetPriorityGrouping
                0x08003c60       0x48 ./Drivers/STM32G4xx_HAL_Driver/Src/stm32g4xx_hal_cortex.o
 .text.__NVIC_GetPriorityGrouping
                0x08003ca8       0x1c ./Drivers/STM32G4xx_HAL_Driver/Src/stm32g4xx_hal_cortex.o
 .text.__NVIC_EnableIRQ
                0x08003cc4       0x3c ./Drivers/STM32G4xx_HAL_Driver/Src/stm32g4xx_hal_cortex.o
 .text.__NVIC_SetPriority
                0x08003d00       0x54 ./Drivers/STM32G4xx_HAL_Driver/Src/stm32g4xx_hal_cortex.o
 .text.NVIC_EncodePriority
                0x08003d54       0x66 ./Drivers/STM32G4xx_HAL_Driver/Src/stm32g4xx_hal_cortex.o
 *fill*         0x08003dba        0x2 
 .text.SysTick_Config
                0x08003dbc       0x44 ./Drivers/STM32G4xx_HAL_Driver/Src/stm32g4xx_hal_cortex.o
 .text.HAL_NVIC_SetPriorityGrouping
                0x08003e00       0x16 ./Drivers/STM32G4xx_HAL_Driver/Src/stm32g4xx_hal_cortex.o
                0x08003e00                HAL_NVIC_SetPriorityGrouping
 .text.HAL_NVIC_SetPriority
                0x08003e16       0x34 ./Drivers/STM32G4xx_HAL_Driver/Src/stm32g4xx_hal_cortex.o
                0x08003e16                HAL_NVIC_SetPriority
 .text.HAL_NVIC_EnableIRQ
                0x08003e4a       0x1c ./Drivers/STM32G4xx_HAL_Driver/Src/stm32g4xx_hal_cortex.o
                0x08003e4a                HAL_NVIC_EnableIRQ
 .text.HAL_SYSTICK_Config
                0x08003e66       0x18 ./Drivers/STM32G4xx_HAL_Driver/Src/stm32g4xx_hal_cortex.o
                0x08003e66                HAL_SYSTICK_Config
 .text.HAL_DAC_Init
                0x08003e7e       0x44 ./Drivers/STM32G4xx_HAL_Driver/Src/stm32g4xx_hal_dac.o
                0x08003e7e                HAL_DAC_Init
 *fill*         0x08003ec2        0x2 
 .text.HAL_DAC_Start_DMA
                0x08003ec4      0x1a8 ./Drivers/STM32G4xx_HAL_Driver/Src/stm32g4xx_hal_dac.o
                0x08003ec4                HAL_DAC_Start_DMA
 .text.HAL_DAC_ConvCpltCallbackCh1
                0x0800406c       0x14 ./Drivers/STM32G4xx_HAL_Driver/Src/stm32g4xx_hal_dac.o
                0x0800406c                HAL_DAC_ConvCpltCallbackCh1
 .text.HAL_DAC_ConvHalfCpltCallbackCh1
                0x08004080       0x14 ./Drivers/STM32G4xx_HAL_Driver/Src/stm32g4xx_hal_dac.o
                0x08004080                HAL_DAC_ConvHalfCpltCallbackCh1
 .text.HAL_DAC_ErrorCallbackCh1
                0x08004094       0x14 ./Drivers/STM32G4xx_HAL_Driver/Src/stm32g4xx_hal_dac.o
                0x08004094                HAL_DAC_ErrorCallbackCh1
 .text.HAL_DAC_ConfigChannel
                0x080040a8      0x374 ./Drivers/STM32G4xx_HAL_Driver/Src/stm32g4xx_hal_dac.o
                0x080040a8                HAL_DAC_ConfigChannel
 .text.DAC_DMAConvCpltCh1
                0x0800441c       0x22 ./Drivers/STM32G4xx_HAL_Driver/Src/stm32g4xx_hal_dac.o
                0x0800441c                DAC_DMAConvCpltCh1
 .text.DAC_DMAHalfConvCpltCh1
                0x0800443e       0x1c ./Drivers/STM32G4xx_HAL_Driver/Src/stm32g4xx_hal_dac.o
                0x0800443e                DAC_DMAHalfConvCpltCh1
 .text.DAC_DMAErrorCh1
                0x0800445a       0x2e ./Drivers/STM32G4xx_HAL_Driver/Src/stm32g4xx_hal_dac.o
                0x0800445a                DAC_DMAErrorCh1
 .text.HAL_DACEx_ConvCpltCallbackCh2
                0x08004488       0x14 ./Drivers/STM32G4xx_HAL_Driver/Src/stm32g4xx_hal_dac_ex.o
                0x08004488                HAL_DACEx_ConvCpltCallbackCh2
 .text.HAL_DACEx_ConvHalfCpltCallbackCh2
                0x0800449c       0x14 ./Drivers/STM32G4xx_HAL_Driver/Src/stm32g4xx_hal_dac_ex.o
                0x0800449c                HAL_DACEx_ConvHalfCpltCallbackCh2
 .text.HAL_DACEx_ErrorCallbackCh2
                0x080044b0       0x14 ./Drivers/STM32G4xx_HAL_Driver/Src/stm32g4xx_hal_dac_ex.o
                0x080044b0                HAL_DACEx_ErrorCallbackCh2
 .text.DAC_DMAConvCpltCh2
                0x080044c4       0x22 ./Drivers/STM32G4xx_HAL_Driver/Src/stm32g4xx_hal_dac_ex.o
                0x080044c4                DAC_DMAConvCpltCh2
 .text.DAC_DMAHalfConvCpltCh2
                0x080044e6       0x1c ./Drivers/STM32G4xx_HAL_Driver/Src/stm32g4xx_hal_dac_ex.o
                0x080044e6                DAC_DMAHalfConvCpltCh2
 .text.DAC_DMAErrorCh2
                0x08004502       0x2e ./Drivers/STM32G4xx_HAL_Driver/Src/stm32g4xx_hal_dac_ex.o
                0x08004502                DAC_DMAErrorCh2
 .text.HAL_DMA_Init
                0x08004530      0x150 ./Drivers/STM32G4xx_HAL_Driver/Src/stm32g4xx_hal_dma.o
                0x08004530                HAL_DMA_Init
 .text.HAL_DMA_Start_IT
                0x08004680       0xf6 ./Drivers/STM32G4xx_HAL_Driver/Src/stm32g4xx_hal_dma.o
                0x08004680                HAL_DMA_Start_IT
 .text.HAL_DMA_IRQHandler
                0x08004776      0x15e ./Drivers/STM32G4xx_HAL_Driver/Src/stm32g4xx_hal_dma.o
                0x08004776                HAL_DMA_IRQHandler
 .text.DMA_SetConfig
                0x080048d4       0x7c ./Drivers/STM32G4xx_HAL_Driver/Src/stm32g4xx_hal_dma.o
 .text.DMA_CalcDMAMUXChannelBaseAndMask
                0x08004950       0x7c ./Drivers/STM32G4xx_HAL_Driver/Src/stm32g4xx_hal_dma.o
 .text.DMA_CalcDMAMUXRequestGenBaseAndMask
                0x080049cc       0x48 ./Drivers/STM32G4xx_HAL_Driver/Src/stm32g4xx_hal_dma.o
 .text.HAL_GPIO_Init
                0x08004a14      0x304 ./Drivers/STM32G4xx_HAL_Driver/Src/stm32g4xx_hal_gpio.o
                0x08004a14                HAL_GPIO_Init
 .text.HAL_GPIO_WritePin
                0x08004d18       0x30 ./Drivers/STM32G4xx_HAL_Driver/Src/stm32g4xx_hal_gpio.o
                0x08004d18                HAL_GPIO_WritePin
 .text.HAL_PWREx_ControlVoltageScaling
                0x08004d48      0x148 ./Drivers/STM32G4xx_HAL_Driver/Src/stm32g4xx_hal_pwr_ex.o
                0x08004d48                HAL_PWREx_ControlVoltageScaling
 .text.HAL_PWREx_DisableUCPDDeadBattery
                0x08004e90       0x20 ./Drivers/STM32G4xx_HAL_Driver/Src/stm32g4xx_hal_pwr_ex.o
                0x08004e90                HAL_PWREx_DisableUCPDDeadBattery
 .text.HAL_RCC_OscConfig
                0x08004eb0      0x624 ./Drivers/STM32G4xx_HAL_Driver/Src/stm32g4xx_hal_rcc.o
                0x08004eb0                HAL_RCC_OscConfig
 .text.HAL_RCC_ClockConfig
                0x080054d4      0x278 ./Drivers/STM32G4xx_HAL_Driver/Src/stm32g4xx_hal_rcc.o
                0x080054d4                HAL_RCC_ClockConfig
 .text.HAL_RCC_GetSysClockFreq
                0x0800574c       0xc4 ./Drivers/STM32G4xx_HAL_Driver/Src/stm32g4xx_hal_rcc.o
                0x0800574c                HAL_RCC_GetSysClockFreq
 .text.HAL_RCC_GetHCLKFreq
                0x08005810       0x18 ./Drivers/STM32G4xx_HAL_Driver/Src/stm32g4xx_hal_rcc.o
                0x08005810                HAL_RCC_GetHCLKFreq
 .text.HAL_RCC_GetPCLK1Freq
                0x08005828       0x2c ./Drivers/STM32G4xx_HAL_Driver/Src/stm32g4xx_hal_rcc.o
                0x08005828                HAL_RCC_GetPCLK1Freq
 .text.HAL_RCC_GetPCLK2Freq
                0x08005854       0x2c ./Drivers/STM32G4xx_HAL_Driver/Src/stm32g4xx_hal_rcc.o
                0x08005854                HAL_RCC_GetPCLK2Freq
 .text.RCC_GetSysClockFreqFromPLLSource
                0x08005880       0x8c ./Drivers/STM32G4xx_HAL_Driver/Src/stm32g4xx_hal_rcc.o
 .text.HAL_RCCEx_PeriphCLKConfig
                0x0800590c      0x478 ./Drivers/STM32G4xx_HAL_Driver/Src/stm32g4xx_hal_rcc_ex.o
                0x0800590c                HAL_RCCEx_PeriphCLKConfig
 .text.HAL_SPI_Init
                0x08005d84      0x156 ./Drivers/STM32G4xx_HAL_Driver/Src/stm32g4xx_hal_spi.o
                0x08005d84                HAL_SPI_Init
 .text.HAL_SPI_Transmit
                0x08005eda      0x2ec ./Drivers/STM32G4xx_HAL_Driver/Src/stm32g4xx_hal_spi.o
                0x08005eda                HAL_SPI_Transmit
 *fill*         0x080061c6        0x2 
 .text.HAL_SPI_Transmit_DMA
                0x080061c8      0x1dc ./Drivers/STM32G4xx_HAL_Driver/Src/stm32g4xx_hal_spi.o
                0x080061c8                HAL_SPI_Transmit_DMA
 .text.HAL_SPI_TxCpltCallback
                0x080063a4       0x14 ./Drivers/STM32G4xx_HAL_Driver/Src/stm32g4xx_hal_spi.o
                0x080063a4                HAL_SPI_TxCpltCallback
 .text.HAL_SPI_TxHalfCpltCallback
                0x080063b8       0x14 ./Drivers/STM32G4xx_HAL_Driver/Src/stm32g4xx_hal_spi.o
                0x080063b8                HAL_SPI_TxHalfCpltCallback
 .text.HAL_SPI_ErrorCallback
                0x080063cc       0x14 ./Drivers/STM32G4xx_HAL_Driver/Src/stm32g4xx_hal_spi.o
                0x080063cc                HAL_SPI_ErrorCallback
 .text.SPI_DMATransmitCplt
                0x080063e0       0xa6 ./Drivers/STM32G4xx_HAL_Driver/Src/stm32g4xx_hal_spi.o
 .text.SPI_DMAHalfTransmitCplt
                0x08006486       0x1c ./Drivers/STM32G4xx_HAL_Driver/Src/stm32g4xx_hal_spi.o
 .text.SPI_DMAError
                0x080064a2       0x40 ./Drivers/STM32G4xx_HAL_Driver/Src/stm32g4xx_hal_spi.o
 *fill*         0x080064e2        0x2 
 .text.SPI_WaitFlagStateUntilTimeout
                0x080064e4      0x110 ./Drivers/STM32G4xx_HAL_Driver/Src/stm32g4xx_hal_spi.o
 .text.SPI_WaitFifoStateUntilTimeout
                0x080065f4      0x12c ./Drivers/STM32G4xx_HAL_Driver/Src/stm32g4xx_hal_spi.o
 .text.SPI_EndRxTxTransaction
                0x08006720       0x8c ./Drivers/STM32G4xx_HAL_Driver/Src/stm32g4xx_hal_spi.o
 .text.HAL_TIM_Base_Init
                0x080067ac       0xae ./Drivers/STM32G4xx_HAL_Driver/Src/stm32g4xx_hal_tim.o
                0x080067ac                HAL_TIM_Base_Init
 *fill*         0x0800685a        0x2 
 .text.HAL_TIM_Base_Start
                0x0800685c       0xd0 ./Drivers/STM32G4xx_HAL_Driver/Src/stm32g4xx_hal_tim.o
                0x0800685c                HAL_TIM_Base_Start
 .text.TIM_Base_SetConfig
                0x0800692c      0x154 ./Drivers/STM32G4xx_HAL_Driver/Src/stm32g4xx_hal_tim.o
                0x0800692c                TIM_Base_SetConfig
 .text.HAL_TIMEx_MasterConfigSynchronization
                0x08006a80      0x11c ./Drivers/STM32G4xx_HAL_Driver/Src/stm32g4xx_hal_tim_ex.o
                0x08006a80                HAL_TIMEx_MasterConfigSynchronization
 .text.HAL_UART_Init
                0x08006b9c       0xa0 ./Drivers/STM32G4xx_HAL_Driver/Src/stm32g4xx_hal_uart.o
                0x08006b9c                HAL_UART_Init
 .text.HAL_UART_MspInit
                0x08006c3c       0x14 ./Drivers/STM32G4xx_HAL_Driver/Src/stm32g4xx_hal_uart.o
                0x08006c3c                HAL_UART_MspInit
 .text.HAL_UART_Transmit
                0x08006c50      0x11c ./Drivers/STM32G4xx_HAL_Driver/Src/stm32g4xx_hal_uart.o
                0x08006c50                HAL_UART_Transmit
 .text.UART_SetConfig
                0x08006d6c      0x5f8 ./Drivers/STM32G4xx_HAL_Driver/Src/stm32g4xx_hal_uart.o
                0x08006d6c                UART_SetConfig
 .text.UART_AdvFeatureConfig
                0x08007364      0x144 ./Drivers/STM32G4xx_HAL_Driver/Src/stm32g4xx_hal_uart.o
                0x08007364                UART_AdvFeatureConfig
 .text.UART_CheckIdleState
                0x080074a8      0x154 ./Drivers/STM32G4xx_HAL_Driver/Src/stm32g4xx_hal_uart.o
                0x080074a8                UART_CheckIdleState
 .text.UART_WaitOnFlagUntilTimeout
                0x080075fc       0xda ./Drivers/STM32G4xx_HAL_Driver/Src/stm32g4xx_hal_uart.o
                0x080075fc                UART_WaitOnFlagUntilTimeout
 .text.UART_EndRxTransfer
                0x080076d6       0xcc ./Drivers/STM32G4xx_HAL_Driver/Src/stm32g4xx_hal_uart.o
 *fill*         0x080077a2        0x2 
 .text.arm_rfft_32_fast_init_f32
                0x080077a4       0x34 /Users/enrique/STM32CubeIDE/workspace_1.17.0/lcd_test/Drivers/CMSIS/DSP_DRIVERS/Lib/GCC/libarm_cortexM4lf_math.a(arm_rfft_fast_init_f32.o)
                0x080077a4                arm_rfft_32_fast_init_f32
 .text.arm_rfft_64_fast_init_f32
                0x080077d8       0x34 /Users/enrique/STM32CubeIDE/workspace_1.17.0/lcd_test/Drivers/CMSIS/DSP_DRIVERS/Lib/GCC/libarm_cortexM4lf_math.a(arm_rfft_fast_init_f32.o)
                0x080077d8                arm_rfft_64_fast_init_f32
 .text.arm_rfft_256_fast_init_f32
                0x0800780c       0x38 /Users/enrique/STM32CubeIDE/workspace_1.17.0/lcd_test/Drivers/CMSIS/DSP_DRIVERS/Lib/GCC/libarm_cortexM4lf_math.a(arm_rfft_fast_init_f32.o)
                0x0800780c                arm_rfft_256_fast_init_f32
 .text.arm_rfft_512_fast_init_f32
                0x08007844       0x3c /Users/enrique/STM32CubeIDE/workspace_1.17.0/lcd_test/Drivers/CMSIS/DSP_DRIVERS/Lib/GCC/libarm_cortexM4lf_math.a(arm_rfft_fast_init_f32.o)
                0x08007844                arm_rfft_512_fast_init_f32
 .text.arm_rfft_1024_fast_init_f32
                0x08007880       0x3c /Users/enrique/STM32CubeIDE/workspace_1.17.0/lcd_test/Drivers/CMSIS/DSP_DRIVERS/Lib/GCC/libarm_cortexM4lf_math.a(arm_rfft_fast_init_f32.o)
                0x08007880                arm_rfft_1024_fast_init_f32
 .text.arm_rfft_2048_fast_init_f32
                0x080078bc       0x3c /Users/enrique/STM32CubeIDE/workspace_1.17.0/lcd_test/Drivers/CMSIS/DSP_DRIVERS/Lib/GCC/libarm_cortexM4lf_math.a(arm_rfft_fast_init_f32.o)
                0x080078bc                arm_rfft_2048_fast_init_f32
 .text.arm_rfft_4096_fast_init_f32
                0x080078f8       0x3c /Users/enrique/STM32CubeIDE/workspace_1.17.0/lcd_test/Drivers/CMSIS/DSP_DRIVERS/Lib/GCC/libarm_cortexM4lf_math.a(arm_rfft_fast_init_f32.o)
                0x080078f8                arm_rfft_4096_fast_init_f32
 .text.arm_rfft_fast_init_f32
                0x08007934       0x68 /Users/enrique/STM32CubeIDE/workspace_1.17.0/lcd_test/Drivers/CMSIS/DSP_DRIVERS/Lib/GCC/libarm_cortexM4lf_math.a(arm_rfft_fast_init_f32.o)
                0x08007934                arm_rfft_fast_init_f32
 .text.stage_rfft_f32
                0x0800799c       0xb4 /Users/enrique/STM32CubeIDE/workspace_1.17.0/lcd_test/Drivers/CMSIS/DSP_DRIVERS/Lib/GCC/libarm_cortexM4lf_math.a(arm_rfft_fast_f32.o)
                0x0800799c                stage_rfft_f32
 .text.merge_rfft_f32
                0x08007a50       0xac /Users/enrique/STM32CubeIDE/workspace_1.17.0/lcd_test/Drivers/CMSIS/DSP_DRIVERS/Lib/GCC/libarm_cortexM4lf_math.a(arm_rfft_fast_f32.o)
                0x08007a50                merge_rfft_f32
 .text.arm_rfft_fast_f32
                0x08007afc       0x40 /Users/enrique/STM32CubeIDE/workspace_1.17.0/lcd_test/Drivers/CMSIS/DSP_DRIVERS/Lib/GCC/libarm_cortexM4lf_math.a(arm_rfft_fast_f32.o)
                0x08007afc                arm_rfft_fast_f32
 .text.arm_cfft_radix8by2_f32
                0x08007b3c      0x1a0 /Users/enrique/STM32CubeIDE/workspace_1.17.0/lcd_test/Drivers/CMSIS/DSP_DRIVERS/Lib/GCC/libarm_cortexM4lf_math.a(arm_cfft_f32.o)
                0x08007b3c                arm_cfft_radix8by2_f32
 .text.arm_cfft_radix8by4_f32
                0x08007cdc      0x4ac /Users/enrique/STM32CubeIDE/workspace_1.17.0/lcd_test/Drivers/CMSIS/DSP_DRIVERS/Lib/GCC/libarm_cortexM4lf_math.a(arm_cfft_f32.o)
                0x08007cdc                arm_cfft_radix8by4_f32
 .text.arm_cfft_f32
                0x08008188       0xf0 /Users/enrique/STM32CubeIDE/workspace_1.17.0/lcd_test/Drivers/CMSIS/DSP_DRIVERS/Lib/GCC/libarm_cortexM4lf_math.a(arm_cfft_f32.o)
                0x08008188                arm_cfft_f32
 .text.arm_bitreversal_32
                0x08008278       0x40 /Users/enrique/STM32CubeIDE/workspace_1.17.0/lcd_test/Drivers/CMSIS/DSP_DRIVERS/Lib/GCC/libarm_cortexM4lf_math.a(arm_bitreversal2.o)
                0x08008278                arm_bitreversal_32
 .text.arm_cmplx_mag_f32
                0x080082b8      0x248 /Users/enrique/STM32CubeIDE/workspace_1.17.0/lcd_test/Drivers/CMSIS/DSP_DRIVERS/Lib/GCC/libarm_cortexM4lf_math.a(arm_cmplx_mag_f32.o)
                0x080082b8                arm_cmplx_mag_f32
 .text.arm_radix8_butterfly_f32
                0x08008500      0x580 /Users/enrique/STM32CubeIDE/workspace_1.17.0/lcd_test/Drivers/CMSIS/DSP_DRIVERS/Lib/GCC/libarm_cortexM4lf_math.a(arm_cfft_radix8_f32.o)
                0x08008500                arm_radix8_butterfly_f32
 .text.__cvt    0x08008a80       0xca /Applications/STM32CubeIDE.app/Contents/Eclipse/plugins/com.st.stm32cube.ide.mcu.externaltools.gnu-tools-for-stm32.12.3.rel1.macos64_1.1.0.202410301201/tools/bin/../lib/gcc/arm-none-eabi/12.3.1/../../../../arm-none-eabi/lib/thumb/v7e-m+fp/hard/libc_nano.a(libc_a-nano-vfprintf_float.o)
                0x08008a80                __cvt
 .text.__exponent
                0x08008b4a       0x74 /Applications/STM32CubeIDE.app/Contents/Eclipse/plugins/com.st.stm32cube.ide.mcu.externaltools.gnu-tools-for-stm32.12.3.rel1.macos64_1.1.0.202410301201/tools/bin/../lib/gcc/arm-none-eabi/12.3.1/../../../../arm-none-eabi/lib/thumb/v7e-m+fp/hard/libc_nano.a(libc_a-nano-vfprintf_float.o)
                0x08008b4a                __exponent
 *fill*         0x08008bbe        0x2 
 .text._printf_float
                0x08008bc0      0x454 /Applications/STM32CubeIDE.app/Contents/Eclipse/plugins/com.st.stm32cube.ide.mcu.externaltools.gnu-tools-for-stm32.12.3.rel1.macos64_1.1.0.202410301201/tools/bin/../lib/gcc/arm-none-eabi/12.3.1/../../../../arm-none-eabi/lib/thumb/v7e-m+fp/hard/libc_nano.a(libc_a-nano-vfprintf_float.o)
                0x08008bc0                _printf_float
 .text._printf_common
                0x08009014       0xda /Applications/STM32CubeIDE.app/Contents/Eclipse/plugins/com.st.stm32cube.ide.mcu.externaltools.gnu-tools-for-stm32.12.3.rel1.macos64_1.1.0.202410301201/tools/bin/../lib/gcc/arm-none-eabi/12.3.1/../../../../arm-none-eabi/lib/thumb/v7e-m+fp/hard/libc_nano.a(libc_a-nano-vfprintf_i.o)
                0x08009014                _printf_common
 *fill*         0x080090ee        0x2 
 .text._printf_i
                0x080090f0      0x240 /Applications/STM32CubeIDE.app/Contents/Eclipse/plugins/com.st.stm32cube.ide.mcu.externaltools.gnu-tools-for-stm32.12.3.rel1.macos64_1.1.0.202410301201/tools/bin/../lib/gcc/arm-none-eabi/12.3.1/../../../../arm-none-eabi/lib/thumb/v7e-m+fp/hard/libc_nano.a(libc_a-nano-vfprintf_i.o)
                0x080090f0                _printf_i
 .text.std      0x08009330       0x6c /Applications/STM32CubeIDE.app/Contents/Eclipse/plugins/com.st.stm32cube.ide.mcu.externaltools.gnu-tools-for-stm32.12.3.rel1.macos64_1.1.0.202410301201/tools/bin/../lib/gcc/arm-none-eabi/12.3.1/../../../../arm-none-eabi/lib/thumb/v7e-m+fp/hard/libc_nano.a(libc_a-findfp.o)
 .text.stdio_exit_handler
                0x0800939c       0x18 /Applications/STM32CubeIDE.app/Contents/Eclipse/plugins/com.st.stm32cube.ide.mcu.externaltools.gnu-tools-for-stm32.12.3.rel1.macos64_1.1.0.202410301201/tools/bin/../lib/gcc/arm-none-eabi/12.3.1/../../../../arm-none-eabi/lib/thumb/v7e-m+fp/hard/libc_nano.a(libc_a-findfp.o)
 .text.cleanup_stdio
                0x080093b4       0x40 /Applications/STM32CubeIDE.app/Contents/Eclipse/plugins/com.st.stm32cube.ide.mcu.externaltools.gnu-tools-for-stm32.12.3.rel1.macos64_1.1.0.202410301201/tools/bin/../lib/gcc/arm-none-eabi/12.3.1/../../../../arm-none-eabi/lib/thumb/v7e-m+fp/hard/libc_nano.a(libc_a-findfp.o)
 .text.global_stdio_init.part.0
                0x080093f4       0x3c /Applications/STM32CubeIDE.app/Contents/Eclipse/plugins/com.st.stm32cube.ide.mcu.externaltools.gnu-tools-for-stm32.12.3.rel1.macos64_1.1.0.202410301201/tools/bin/../lib/gcc/arm-none-eabi/12.3.1/../../../../arm-none-eabi/lib/thumb/v7e-m+fp/hard/libc_nano.a(libc_a-findfp.o)
 .text.__sfp_lock_acquire
                0x08009430        0xc /Applications/STM32CubeIDE.app/Contents/Eclipse/plugins/com.st.stm32cube.ide.mcu.externaltools.gnu-tools-for-stm32.12.3.rel1.macos64_1.1.0.202410301201/tools/bin/../lib/gcc/arm-none-eabi/12.3.1/../../../../arm-none-eabi/lib/thumb/v7e-m+fp/hard/libc_nano.a(libc_a-findfp.o)
                0x08009430                __sfp_lock_acquire
 .text.__sfp_lock_release
                0x0800943c        0xc /Applications/STM32CubeIDE.app/Contents/Eclipse/plugins/com.st.stm32cube.ide.mcu.externaltools.gnu-tools-for-stm32.12.3.rel1.macos64_1.1.0.202410301201/tools/bin/../lib/gcc/arm-none-eabi/12.3.1/../../../../arm-none-eabi/lib/thumb/v7e-m+fp/hard/libc_nano.a(libc_a-findfp.o)
                0x0800943c                __sfp_lock_release
 .text.__sinit  0x08009448       0x30 /Applications/STM32CubeIDE.app/Contents/Eclipse/plugins/com.st.stm32cube.ide.mcu.externaltools.gnu-tools-for-stm32.12.3.rel1.macos64_1.1.0.202410301201/tools/bin/../lib/gcc/arm-none-eabi/12.3.1/../../../../arm-none-eabi/lib/thumb/v7e-m+fp/hard/libc_nano.a(libc_a-findfp.o)
                0x08009448                __sinit
 .text._fwalk_sglue
                0x08009478       0x3c /Applications/STM32CubeIDE.app/Contents/Eclipse/plugins/com.st.stm32cube.ide.mcu.externaltools.gnu-tools-for-stm32.12.3.rel1.macos64_1.1.0.202410301201/tools/bin/../lib/gcc/arm-none-eabi/12.3.1/../../../../arm-none-eabi/lib/thumb/v7e-m+fp/hard/libc_nano.a(libc_a-fwalk.o)
                0x08009478                _fwalk_sglue
 .text._puts_r  0x080094b4       0xaa /Applications/STM32CubeIDE.app/Contents/Eclipse/plugins/com.st.stm32cube.ide.mcu.externaltools.gnu-tools-for-stm32.12.3.rel1.macos64_1.1.0.202410301201/tools/bin/../lib/gcc/arm-none-eabi/12.3.1/../../../../arm-none-eabi/lib/thumb/v7e-m+fp/hard/libc_nano.a(libc_a-puts.o)
                0x080094b4                _puts_r
 *fill*         0x0800955e        0x2 
 .text.puts     0x08009560       0x10 /Applications/STM32CubeIDE.app/Contents/Eclipse/plugins/com.st.stm32cube.ide.mcu.externaltools.gnu-tools-for-stm32.12.3.rel1.macos64_1.1.0.202410301201/tools/bin/../lib/gcc/arm-none-eabi/12.3.1/../../../../arm-none-eabi/lib/thumb/v7e-m+fp/hard/libc_nano.a(libc_a-puts.o)
                0x08009560                puts
 .text.memset   0x08009570       0x10 /Applications/STM32CubeIDE.app/Contents/Eclipse/plugins/com.st.stm32cube.ide.mcu.externaltools.gnu-tools-for-stm32.12.3.rel1.macos64_1.1.0.202410301201/tools/bin/../lib/gcc/arm-none-eabi/12.3.1/../../../../arm-none-eabi/lib/thumb/v7e-m+fp/hard/libc_nano.a(libc_a-memset.o)
                0x08009570                memset
 .text._localeconv_r
                0x08009580        0x8 /Applications/STM32CubeIDE.app/Contents/Eclipse/plugins/com.st.stm32cube.ide.mcu.externaltools.gnu-tools-for-stm32.12.3.rel1.macos64_1.1.0.202410301201/tools/bin/../lib/gcc/arm-none-eabi/12.3.1/../../../../arm-none-eabi/lib/thumb/v7e-m+fp/hard/libc_nano.a(libc_a-localeconv.o)
                0x08009580                _localeconv_r
 .text.__errno  0x08009588        0xc /Applications/STM32CubeIDE.app/Contents/Eclipse/plugins/com.st.stm32cube.ide.mcu.externaltools.gnu-tools-for-stm32.12.3.rel1.macos64_1.1.0.202410301201/tools/bin/../lib/gcc/arm-none-eabi/12.3.1/../../../../arm-none-eabi/lib/thumb/v7e-m+fp/hard/libc_nano.a(libc_a-errno.o)
                0x08009588                __errno
 .text.__libc_init_array
                0x08009594       0x48 /Applications/STM32CubeIDE.app/Contents/Eclipse/plugins/com.st.stm32cube.ide.mcu.externaltools.gnu-tools-for-stm32.12.3.rel1.macos64_1.1.0.202410301201/tools/bin/../lib/gcc/arm-none-eabi/12.3.1/../../../../arm-none-eabi/lib/thumb/v7e-m+fp/hard/libc_nano.a(libc_a-init.o)
                0x08009594                __libc_init_array
 .text.__retarget_lock_init_recursive
                0x080095dc        0x2 /Applications/STM32CubeIDE.app/Contents/Eclipse/plugins/com.st.stm32cube.ide.mcu.externaltools.gnu-tools-for-stm32.12.3.rel1.macos64_1.1.0.202410301201/tools/bin/../lib/gcc/arm-none-eabi/12.3.1/../../../../arm-none-eabi/lib/thumb/v7e-m+fp/hard/libc_nano.a(libc_a-lock.o)
                0x080095dc                __retarget_lock_init_recursive
 .text.__retarget_lock_acquire_recursive
                0x080095de        0x2 /Applications/STM32CubeIDE.app/Contents/Eclipse/plugins/com.st.stm32cube.ide.mcu.externaltools.gnu-tools-for-stm32.12.3.rel1.macos64_1.1.0.202410301201/tools/bin/../lib/gcc/arm-none-eabi/12.3.1/../../../../arm-none-eabi/lib/thumb/v7e-m+fp/hard/libc_nano.a(libc_a-lock.o)
                0x080095de                __retarget_lock_acquire_recursive
 .text.__retarget_lock_release_recursive
                0x080095e0        0x2 /Applications/STM32CubeIDE.app/Contents/Eclipse/plugins/com.st.stm32cube.ide.mcu.externaltools.gnu-tools-for-stm32.12.3.rel1.macos64_1.1.0.202410301201/tools/bin/../lib/gcc/arm-none-eabi/12.3.1/../../../../arm-none-eabi/lib/thumb/v7e-m+fp/hard/libc_nano.a(libc_a-lock.o)
                0x080095e0                __retarget_lock_release_recursive
 .text.quorem   0x080095e2      0x110 /Applications/STM32CubeIDE.app/Contents/Eclipse/plugins/com.st.stm32cube.ide.mcu.externaltools.gnu-tools-for-stm32.12.3.rel1.macos64_1.1.0.202410301201/tools/bin/../lib/gcc/arm-none-eabi/12.3.1/../../../../arm-none-eabi/lib/thumb/v7e-m+fp/hard/libc_nano.a(libc_a-dtoa.o)
 *fill*         0x080096f2        0x6 
 .text._dtoa_r  0x080096f8      0xb88 /Applications/STM32CubeIDE.app/Contents/Eclipse/plugins/com.st.stm32cube.ide.mcu.externaltools.gnu-tools-for-stm32.12.3.rel1.macos64_1.1.0.202410301201/tools/bin/../lib/gcc/arm-none-eabi/12.3.1/../../../../arm-none-eabi/lib/thumb/v7e-m+fp/hard/libc_nano.a(libc_a-dtoa.o)
                0x080096f8                _dtoa_r
 .text.malloc   0x0800a280       0x10 /Applications/STM32CubeIDE.app/Contents/Eclipse/plugins/com.st.stm32cube.ide.mcu.externaltools.gnu-tools-for-stm32.12.3.rel1.macos64_1.1.0.202410301201/tools/bin/../lib/gcc/arm-none-eabi/12.3.1/../../../../arm-none-eabi/lib/thumb/v7e-m+fp/hard/libc_nano.a(libc_a-malloc.o)
                0x0800a280                malloc
 .text.sbrk_aligned
                0x0800a290       0x44 /Applications/STM32CubeIDE.app/Contents/Eclipse/plugins/com.st.stm32cube.ide.mcu.externaltools.gnu-tools-for-stm32.12.3.rel1.macos64_1.1.0.202410301201/tools/bin/../lib/gcc/arm-none-eabi/12.3.1/../../../../arm-none-eabi/lib/thumb/v7e-m+fp/hard/libc_nano.a(libc_a-mallocr.o)
 .text._malloc_r
                0x0800a2d4      0x100 /Applications/STM32CubeIDE.app/Contents/Eclipse/plugins/com.st.stm32cube.ide.mcu.externaltools.gnu-tools-for-stm32.12.3.rel1.macos64_1.1.0.202410301201/tools/bin/../lib/gcc/arm-none-eabi/12.3.1/../../../../arm-none-eabi/lib/thumb/v7e-m+fp/hard/libc_nano.a(libc_a-mallocr.o)
                0x0800a2d4                _malloc_r
 .text.__sflush_r
                0x0800a3d4      0x108 /Applications/STM32CubeIDE.app/Contents/Eclipse/plugins/com.st.stm32cube.ide.mcu.externaltools.gnu-tools-for-stm32.12.3.rel1.macos64_1.1.0.202410301201/tools/bin/../lib/gcc/arm-none-eabi/12.3.1/../../../../arm-none-eabi/lib/thumb/v7e-m+fp/hard/libc_nano.a(libc_a-fflush.o)
                0x0800a3d4                __sflush_r
 .text._fflush_r
                0x0800a4dc       0x50 /Applications/STM32CubeIDE.app/Contents/Eclipse/plugins/com.st.stm32cube.ide.mcu.externaltools.gnu-tools-for-stm32.12.3.rel1.macos64_1.1.0.202410301201/tools/bin/../lib/gcc/arm-none-eabi/12.3.1/../../../../arm-none-eabi/lib/thumb/v7e-m+fp/hard/libc_nano.a(libc_a-fflush.o)
                0x0800a4dc                _fflush_r
 .text.__malloc_lock
                0x0800a52c        0xc /Applications/STM32CubeIDE.app/Contents/Eclipse/plugins/com.st.stm32cube.ide.mcu.externaltools.gnu-tools-for-stm32.12.3.rel1.macos64_1.1.0.202410301201/tools/bin/../lib/gcc/arm-none-eabi/12.3.1/../../../../arm-none-eabi/lib/thumb/v7e-m+fp/hard/libc_nano.a(libc_a-mlock.o)
                0x0800a52c                __malloc_lock
 .text.__malloc_unlock
                0x0800a538        0xc /Applications/STM32CubeIDE.app/Contents/Eclipse/plugins/com.st.stm32cube.ide.mcu.externaltools.gnu-tools-for-stm32.12.3.rel1.macos64_1.1.0.202410301201/tools/bin/../lib/gcc/arm-none-eabi/12.3.1/../../../../arm-none-eabi/lib/thumb/v7e-m+fp/hard/libc_nano.a(libc_a-mlock.o)
                0x0800a538                __malloc_unlock
 .text._Balloc  0x0800a544       0x80 /Applications/STM32CubeIDE.app/Contents/Eclipse/plugins/com.st.stm32cube.ide.mcu.externaltools.gnu-tools-for-stm32.12.3.rel1.macos64_1.1.0.202410301201/tools/bin/../lib/gcc/arm-none-eabi/12.3.1/../../../../arm-none-eabi/lib/thumb/v7e-m+fp/hard/libc_nano.a(libc_a-mprec.o)
                0x0800a544                _Balloc
 .text._Bfree   0x0800a5c4       0x44 /Applications/STM32CubeIDE.app/Contents/Eclipse/plugins/com.st.stm32cube.ide.mcu.externaltools.gnu-tools-for-stm32.12.3.rel1.macos64_1.1.0.202410301201/tools/bin/../lib/gcc/arm-none-eabi/12.3.1/../../../../arm-none-eabi/lib/thumb/v7e-m+fp/hard/libc_nano.a(libc_a-mprec.o)
                0x0800a5c4                _Bfree
 .text.__multadd
                0x0800a608       0x8c /Applications/STM32CubeIDE.app/Contents/Eclipse/plugins/com.st.stm32cube.ide.mcu.externaltools.gnu-tools-for-stm32.12.3.rel1.macos64_1.1.0.202410301201/tools/bin/../lib/gcc/arm-none-eabi/12.3.1/../../../../arm-none-eabi/lib/thumb/v7e-m+fp/hard/libc_nano.a(libc_a-mprec.o)
                0x0800a608                __multadd
 .text.__hi0bits
                0x0800a694       0x3e /Applications/STM32CubeIDE.app/Contents/Eclipse/plugins/com.st.stm32cube.ide.mcu.externaltools.gnu-tools-for-stm32.12.3.rel1.macos64_1.1.0.202410301201/tools/bin/../lib/gcc/arm-none-eabi/12.3.1/../../../../arm-none-eabi/lib/thumb/v7e-m+fp/hard/libc_nano.a(libc_a-mprec.o)
                0x0800a694                __hi0bits
 .text.__lo0bits
                0x0800a6d2       0x5a /Applications/STM32CubeIDE.app/Contents/Eclipse/plugins/com.st.stm32cube.ide.mcu.externaltools.gnu-tools-for-stm32.12.3.rel1.macos64_1.1.0.202410301201/tools/bin/../lib/gcc/arm-none-eabi/12.3.1/../../../../arm-none-eabi/lib/thumb/v7e-m+fp/hard/libc_nano.a(libc_a-mprec.o)
                0x0800a6d2                __lo0bits
 .text.__i2b    0x0800a72c       0x2c /Applications/STM32CubeIDE.app/Contents/Eclipse/plugins/com.st.stm32cube.ide.mcu.externaltools.gnu-tools-for-stm32.12.3.rel1.macos64_1.1.0.202410301201/tools/bin/../lib/gcc/arm-none-eabi/12.3.1/../../../../arm-none-eabi/lib/thumb/v7e-m+fp/hard/libc_nano.a(libc_a-mprec.o)
                0x0800a72c                __i2b
 .text.__multiply
                0x0800a758      0x154 /Applications/STM32CubeIDE.app/Contents/Eclipse/plugins/com.st.stm32cube.ide.mcu.externaltools.gnu-tools-for-stm32.12.3.rel1.macos64_1.1.0.202410301201/tools/bin/../lib/gcc/arm-none-eabi/12.3.1/../../../../arm-none-eabi/lib/thumb/v7e-m+fp/hard/libc_nano.a(libc_a-mprec.o)
                0x0800a758                __multiply
 .text.__pow5mult
                0x0800a8ac       0xb4 /Applications/STM32CubeIDE.app/Contents/Eclipse/plugins/com.st.stm32cube.ide.mcu.externaltools.gnu-tools-for-stm32.12.3.rel1.macos64_1.1.0.202410301201/tools/bin/../lib/gcc/arm-none-eabi/12.3.1/../../../../arm-none-eabi/lib/thumb/v7e-m+fp/hard/libc_nano.a(libc_a-mprec.o)
                0x0800a8ac                __pow5mult
 .text.__lshift
                0x0800a960       0xd8 /Applications/STM32CubeIDE.app/Contents/Eclipse/plugins/com.st.stm32cube.ide.mcu.externaltools.gnu-tools-for-stm32.12.3.rel1.macos64_1.1.0.202410301201/tools/bin/../lib/gcc/arm-none-eabi/12.3.1/../../../../arm-none-eabi/lib/thumb/v7e-m+fp/hard/libc_nano.a(libc_a-mprec.o)
                0x0800a960                __lshift
 .text.__mcmp   0x0800aa38       0x36 /Applications/STM32CubeIDE.app/Contents/Eclipse/plugins/com.st.stm32cube.ide.mcu.externaltools.gnu-tools-for-stm32.12.3.rel1.macos64_1.1.0.202410301201/tools/bin/../lib/gcc/arm-none-eabi/12.3.1/../../../../arm-none-eabi/lib/thumb/v7e-m+fp/hard/libc_nano.a(libc_a-mprec.o)
                0x0800aa38                __mcmp
 *fill*         0x0800aa6e        0x2 
 .text.__mdiff  0x0800aa70      0x128 /Applications/STM32CubeIDE.app/Contents/Eclipse/plugins/com.st.stm32cube.ide.mcu.externaltools.gnu-tools-for-stm32.12.3.rel1.macos64_1.1.0.202410301201/tools/bin/../lib/gcc/arm-none-eabi/12.3.1/../../../../arm-none-eabi/lib/thumb/v7e-m+fp/hard/libc_nano.a(libc_a-mprec.o)
                0x0800aa70                __mdiff
 .text.__d2b    0x0800ab98       0xb0 /Applications/STM32CubeIDE.app/Contents/Eclipse/plugins/com.st.stm32cube.ide.mcu.externaltools.gnu-tools-for-stm32.12.3.rel1.macos64_1.1.0.202410301201/tools/bin/../lib/gcc/arm-none-eabi/12.3.1/../../../../arm-none-eabi/lib/thumb/v7e-m+fp/hard/libc_nano.a(libc_a-mprec.o)
                0x0800ab98                __d2b
 .text.__sread  0x0800ac48       0x22 /Applications/STM32CubeIDE.app/Contents/Eclipse/plugins/com.st.stm32cube.ide.mcu.externaltools.gnu-tools-for-stm32.12.3.rel1.macos64_1.1.0.202410301201/tools/bin/../lib/gcc/arm-none-eabi/12.3.1/../../../../arm-none-eabi/lib/thumb/v7e-m+fp/hard/libc_nano.a(libc_a-stdio.o)
                0x0800ac48                __sread
 .text.__swrite
                0x0800ac6a       0x38 /Applications/STM32CubeIDE.app/Contents/Eclipse/plugins/com.st.stm32cube.ide.mcu.externaltools.gnu-tools-for-stm32.12.3.rel1.macos64_1.1.0.202410301201/tools/bin/../lib/gcc/arm-none-eabi/12.3.1/../../../../arm-none-eabi/lib/thumb/v7e-m+fp/hard/libc_nano.a(libc_a-stdio.o)
                0x0800ac6a                __swrite
 .text.__sseek  0x0800aca2       0x24 /Applications/STM32CubeIDE.app/Contents/Eclipse/plugins/com.st.stm32cube.ide.mcu.externaltools.gnu-tools-for-stm32.12.3.rel1.macos64_1.1.0.202410301201/tools/bin/../lib/gcc/arm-none-eabi/12.3.1/../../../../arm-none-eabi/lib/thumb/v7e-m+fp/hard/libc_nano.a(libc_a-stdio.o)
                0x0800aca2                __sseek
 .text.__sclose
                0x0800acc6        0x8 /Applications/STM32CubeIDE.app/Contents/Eclipse/plugins/com.st.stm32cube.ide.mcu.externaltools.gnu-tools-for-stm32.12.3.rel1.macos64_1.1.0.202410301201/tools/bin/../lib/gcc/arm-none-eabi/12.3.1/../../../../arm-none-eabi/lib/thumb/v7e-m+fp/hard/libc_nano.a(libc_a-stdio.o)
                0x0800acc6                __sclose
 .text.__swbuf_r
                0x0800acce       0x7c /Applications/STM32CubeIDE.app/Contents/Eclipse/plugins/com.st.stm32cube.ide.mcu.externaltools.gnu-tools-for-stm32.12.3.rel1.macos64_1.1.0.202410301201/tools/bin/../lib/gcc/arm-none-eabi/12.3.1/../../../../arm-none-eabi/lib/thumb/v7e-m+fp/hard/libc_nano.a(libc_a-wbuf.o)
                0x0800acce                __swbuf_r
 *fill*         0x0800ad4a        0x2 
 .text.__swsetup_r
                0x0800ad4c       0xac /Applications/STM32CubeIDE.app/Contents/Eclipse/plugins/com.st.stm32cube.ide.mcu.externaltools.gnu-tools-for-stm32.12.3.rel1.macos64_1.1.0.202410301201/tools/bin/../lib/gcc/arm-none-eabi/12.3.1/../../../../arm-none-eabi/lib/thumb/v7e-m+fp/hard/libc_nano.a(libc_a-wsetup.o)
                0x0800ad4c                __swsetup_r
 .text.__swhatbuf_r
                0x0800adf8       0x4c /Applications/STM32CubeIDE.app/Contents/Eclipse/plugins/com.st.stm32cube.ide.mcu.externaltools.gnu-tools-for-stm32.12.3.rel1.macos64_1.1.0.202410301201/tools/bin/../lib/gcc/arm-none-eabi/12.3.1/../../../../arm-none-eabi/lib/thumb/v7e-m+fp/hard/libc_nano.a(libc_a-makebuf.o)
                0x0800adf8                __swhatbuf_r
 .text.__smakebuf_r
                0x0800ae44       0x78 /Applications/STM32CubeIDE.app/Contents/Eclipse/plugins/com.st.stm32cube.ide.mcu.externaltools.gnu-tools-for-stm32.12.3.rel1.macos64_1.1.0.202410301201/tools/bin/../lib/gcc/arm-none-eabi/12.3.1/../../../../arm-none-eabi/lib/thumb/v7e-m+fp/hard/libc_nano.a(libc_a-makebuf.o)
                0x0800ae44                __smakebuf_r
 .text._close_r
                0x0800aebc       0x20 /Applications/STM32CubeIDE.app/Contents/Eclipse/plugins/com.st.stm32cube.ide.mcu.externaltools.gnu-tools-for-stm32.12.3.rel1.macos64_1.1.0.202410301201/tools/bin/../lib/gcc/arm-none-eabi/12.3.1/../../../../arm-none-eabi/lib/thumb/v7e-m+fp/hard/libc_nano.a(libc_a-closer.o)
                0x0800aebc                _close_r
 .text._fstat_r
                0x0800aedc       0x24 /Applications/STM32CubeIDE.app/Contents/Eclipse/plugins/com.st.stm32cube.ide.mcu.externaltools.gnu-tools-for-stm32.12.3.rel1.macos64_1.1.0.202410301201/tools/bin/../lib/gcc/arm-none-eabi/12.3.1/../../../../arm-none-eabi/lib/thumb/v7e-m+fp/hard/libc_nano.a(libc_a-fstatr.o)
                0x0800aedc                _fstat_r
 .text._isatty_r
                0x0800af00       0x20 /Applications/STM32CubeIDE.app/Contents/Eclipse/plugins/com.st.stm32cube.ide.mcu.externaltools.gnu-tools-for-stm32.12.3.rel1.macos64_1.1.0.202410301201/tools/bin/../lib/gcc/arm-none-eabi/12.3.1/../../../../arm-none-eabi/lib/thumb/v7e-m+fp/hard/libc_nano.a(libc_a-isattyr.o)
                0x0800af00                _isatty_r
 .text._lseek_r
                0x0800af20       0x24 /Applications/STM32CubeIDE.app/Contents/Eclipse/plugins/com.st.stm32cube.ide.mcu.externaltools.gnu-tools-for-stm32.12.3.rel1.macos64_1.1.0.202410301201/tools/bin/../lib/gcc/arm-none-eabi/12.3.1/../../../../arm-none-eabi/lib/thumb/v7e-m+fp/hard/libc_nano.a(libc_a-lseekr.o)
                0x0800af20                _lseek_r
 .text._read_r  0x0800af44       0x24 /Applications/STM32CubeIDE.app/Contents/Eclipse/plugins/com.st.stm32cube.ide.mcu.externaltools.gnu-tools-for-stm32.12.3.rel1.macos64_1.1.0.202410301201/tools/bin/../lib/gcc/arm-none-eabi/12.3.1/../../../../arm-none-eabi/lib/thumb/v7e-m+fp/hard/libc_nano.a(libc_a-readr.o)
                0x0800af44                _read_r
 .text._sbrk_r  0x0800af68       0x20 /Applications/STM32CubeIDE.app/Contents/Eclipse/plugins/com.st.stm32cube.ide.mcu.externaltools.gnu-tools-for-stm32.12.3.rel1.macos64_1.1.0.202410301201/tools/bin/../lib/gcc/arm-none-eabi/12.3.1/../../../../arm-none-eabi/lib/thumb/v7e-m+fp/hard/libc_nano.a(libc_a-sbrkr.o)
                0x0800af68                _sbrk_r
 .text._write_r
                0x0800af88       0x24 /Applications/STM32CubeIDE.app/Contents/Eclipse/plugins/com.st.stm32cube.ide.mcu.externaltools.gnu-tools-for-stm32.12.3.rel1.macos64_1.1.0.202410301201/tools/bin/../lib/gcc/arm-none-eabi/12.3.1/../../../../arm-none-eabi/lib/thumb/v7e-m+fp/hard/libc_nano.a(libc_a-writer.o)
                0x0800af88                _write_r
 .text.memcpy   0x0800afac       0x1c /Applications/STM32CubeIDE.app/Contents/Eclipse/plugins/com.st.stm32cube.ide.mcu.externaltools.gnu-tools-for-stm32.12.3.rel1.macos64_1.1.0.202410301201/tools/bin/../lib/gcc/arm-none-eabi/12.3.1/../../../../arm-none-eabi/lib/thumb/v7e-m+fp/hard/libc_nano.a(libc_a-memcpy-stub.o)
                0x0800afac                memcpy
 .text.__assert_func
                0x0800afc8       0x3c /Applications/STM32CubeIDE.app/Contents/Eclipse/plugins/com.st.stm32cube.ide.mcu.externaltools.gnu-tools-for-stm32.12.3.rel1.macos64_1.1.0.202410301201/tools/bin/../lib/gcc/arm-none-eabi/12.3.1/../../../../arm-none-eabi/lib/thumb/v7e-m+fp/hard/libc_nano.a(libc_a-assert.o)
                0x0800afc8                __assert_func
 .text._calloc_r
                0x0800b004       0x28 /Applications/STM32CubeIDE.app/Contents/Eclipse/plugins/com.st.stm32cube.ide.mcu.externaltools.gnu-tools-for-stm32.12.3.rel1.macos64_1.1.0.202410301201/tools/bin/../lib/gcc/arm-none-eabi/12.3.1/../../../../arm-none-eabi/lib/thumb/v7e-m+fp/hard/libc_nano.a(libc_a-callocr.o)
                0x0800b004                _calloc_r
 .text._free_r  0x0800b02c       0x94 /Applications/STM32CubeIDE.app/Contents/Eclipse/plugins/com.st.stm32cube.ide.mcu.externaltools.gnu-tools-for-stm32.12.3.rel1.macos64_1.1.0.202410301201/tools/bin/../lib/gcc/arm-none-eabi/12.3.1/../../../../arm-none-eabi/lib/thumb/v7e-m+fp/hard/libc_nano.a(libc_a-freer.o)
                0x0800b02c                _free_r
 .text.__ascii_mbtowc
                0x0800b0c0       0x24 /Applications/STM32CubeIDE.app/Contents/Eclipse/plugins/com.st.stm32cube.ide.mcu.externaltools.gnu-tools-for-stm32.12.3.rel1.macos64_1.1.0.202410301201/tools/bin/../lib/gcc/arm-none-eabi/12.3.1/../../../../arm-none-eabi/lib/thumb/v7e-m+fp/hard/libc_nano.a(libc_a-mbtowc_r.o)
                0x0800b0c0                __ascii_mbtowc
 .text.fprintf  0x0800b0e4       0x24 /Applications/STM32CubeIDE.app/Contents/Eclipse/plugins/com.st.stm32cube.ide.mcu.externaltools.gnu-tools-for-stm32.12.3.rel1.macos64_1.1.0.202410301201/tools/bin/../lib/gcc/arm-none-eabi/12.3.1/../../../../arm-none-eabi/lib/thumb/v7e-m+fp/hard/libc_nano.a(libc_a-fprintf.o)
                0x0800b0e4                fprintf
                0x0800b0e4                fiprintf
 .text.__ascii_wctomb
                0x0800b108       0x1a /Applications/STM32CubeIDE.app/Contents/Eclipse/plugins/com.st.stm32cube.ide.mcu.externaltools.gnu-tools-for-stm32.12.3.rel1.macos64_1.1.0.202410301201/tools/bin/../lib/gcc/arm-none-eabi/12.3.1/../../../../arm-none-eabi/lib/thumb/v7e-m+fp/hard/libc_nano.a(libc_a-wctomb_r.o)
                0x0800b108                __ascii_wctomb
 .text.abort    0x0800b122        0xe /Applications/STM32CubeIDE.app/Contents/Eclipse/plugins/com.st.stm32cube.ide.mcu.externaltools.gnu-tools-for-stm32.12.3.rel1.macos64_1.1.0.202410301201/tools/bin/../lib/gcc/arm-none-eabi/12.3.1/../../../../arm-none-eabi/lib/thumb/v7e-m+fp/hard/libc_nano.a(libc_a-abort.o)
                0x0800b122                abort
 .text.__sfputc_r
                0x0800b130       0x2e /Applications/STM32CubeIDE.app/Contents/Eclipse/plugins/com.st.stm32cube.ide.mcu.externaltools.gnu-tools-for-stm32.12.3.rel1.macos64_1.1.0.202410301201/tools/bin/../lib/gcc/arm-none-eabi/12.3.1/../../../../arm-none-eabi/lib/thumb/v7e-m+fp/hard/libc_nano.a(libc_a-nano-vfprintf.o)
 .text.__sfputs_r
                0x0800b15e       0x24 /Applications/STM32CubeIDE.app/Contents/Eclipse/plugins/com.st.stm32cube.ide.mcu.externaltools.gnu-tools-for-stm32.12.3.rel1.macos64_1.1.0.202410301201/tools/bin/../lib/gcc/arm-none-eabi/12.3.1/../../../../arm-none-eabi/lib/thumb/v7e-m+fp/hard/libc_nano.a(libc_a-nano-vfprintf.o)
                0x0800b15e                __sfputs_r
 *fill*         0x0800b182        0x2 
 .text._vfprintf_r
                0x0800b184      0x230 /Applications/STM32CubeIDE.app/Contents/Eclipse/plugins/com.st.stm32cube.ide.mcu.externaltools.gnu-tools-for-stm32.12.3.rel1.macos64_1.1.0.202410301201/tools/bin/../lib/gcc/arm-none-eabi/12.3.1/../../../../arm-none-eabi/lib/thumb/v7e-m+fp/hard/libc_nano.a(libc_a-nano-vfprintf.o)
                0x0800b184                _vfiprintf_r
                0x0800b184                _vfprintf_r
 .text._raise_r
                0x0800b3b4       0x50 /Applications/STM32CubeIDE.app/Contents/Eclipse/plugins/com.st.stm32cube.ide.mcu.externaltools.gnu-tools-for-stm32.12.3.rel1.macos64_1.1.0.202410301201/tools/bin/../lib/gcc/arm-none-eabi/12.3.1/../../../../arm-none-eabi/lib/thumb/v7e-m+fp/hard/libc_nano.a(libc_a-signal.o)
                0x0800b3b4                _raise_r
 .text.raise    0x0800b404       0x10 /Applications/STM32CubeIDE.app/Contents/Eclipse/plugins/com.st.stm32cube.ide.mcu.externaltools.gnu-tools-for-stm32.12.3.rel1.macos64_1.1.0.202410301201/tools/bin/../lib/gcc/arm-none-eabi/12.3.1/../../../../arm-none-eabi/lib/thumb/v7e-m+fp/hard/libc_nano.a(libc_a-signal.o)
                0x0800b404                raise
 .text._kill_r  0x0800b414       0x24 /Applications/STM32CubeIDE.app/Contents/Eclipse/plugins/com.st.stm32cube.ide.mcu.externaltools.gnu-tools-for-stm32.12.3.rel1.macos64_1.1.0.202410301201/tools/bin/../lib/gcc/arm-none-eabi/12.3.1/../../../../arm-none-eabi/lib/thumb/v7e-m+fp/hard/libc_nano.a(libc_a-signalr.o)
                0x0800b414                _kill_r
 .text._getpid_r
                0x0800b438        0x4 /Applications/STM32CubeIDE.app/Contents/Eclipse/plugins/com.st.stm32cube.ide.mcu.externaltools.gnu-tools-for-stm32.12.3.rel1.macos64_1.1.0.202410301201/tools/bin/../lib/gcc/arm-none-eabi/12.3.1/../../../../arm-none-eabi/lib/thumb/v7e-m+fp/hard/libc_nano.a(libc_a-signalr.o)
                0x0800b438                _getpid_r
 .text.sqrtf    0x0800b43c       0x3c /Applications/STM32CubeIDE.app/Contents/Eclipse/plugins/com.st.stm32cube.ide.mcu.externaltools.gnu-tools-for-stm32.12.3.rel1.macos64_1.1.0.202410301201/tools/bin/../lib/gcc/arm-none-eabi/12.3.1/../../../../arm-none-eabi/lib/thumb/v7e-m+fp/hard/libm.a(libm_a-wf_sqrt.o)
                0x0800b43c                sqrtf
 .text.__ieee754_sqrtf
                0x0800b478        0x6 /Applications/STM32CubeIDE.app/Contents/Eclipse/plugins/com.st.stm32cube.ide.mcu.externaltools.gnu-tools-for-stm32.12.3.rel1.macos64_1.1.0.202410301201/tools/bin/../lib/gcc/arm-none-eabi/12.3.1/../../../../arm-none-eabi/lib/thumb/v7e-m+fp/hard/libm.a(libm_a-ef_sqrt.o)
                0x0800b478                __ieee754_sqrtf
 *fill*         0x0800b47e        0x2 
 .text.round    0x0800b480       0x8c /Applications/STM32CubeIDE.app/Contents/Eclipse/plugins/com.st.stm32cube.ide.mcu.externaltools.gnu-tools-for-stm32.12.3.rel1.macos64_1.1.0.202410301201/tools/bin/../lib/gcc/arm-none-eabi/12.3.1/../../../../arm-none-eabi/lib/thumb/v7e-m+fp/hard/libm.a(libm_a-s_round.o)
                0x0800b480                round
 *(.glue_7)
 .glue_7        0x0800b50c        0x0 linker stubs
 *(.glue_7t)
 .glue_7t       0x0800b50c        0x0 linker stubs
 *(.eh_frame)
 .eh_frame      0x0800b50c        0x0 /Applications/STM32CubeIDE.app/Contents/Eclipse/plugins/com.st.stm32cube.ide.mcu.externaltools.gnu-tools-for-stm32.12.3.rel1.macos64_1.1.0.202410301201/tools/bin/../lib/gcc/arm-none-eabi/12.3.1/thumb/v7e-m+fp/hard/crtbegin.o
 *(.init)
 .init          0x0800b50c        0x4 /Applications/STM32CubeIDE.app/Contents/Eclipse/plugins/com.st.stm32cube.ide.mcu.externaltools.gnu-tools-for-stm32.12.3.rel1.macos64_1.1.0.202410301201/tools/bin/../lib/gcc/arm-none-eabi/12.3.1/thumb/v7e-m+fp/hard/crti.o
                0x0800b50c                _init
 .init          0x0800b510        0x8 /Applications/STM32CubeIDE.app/Contents/Eclipse/plugins/com.st.stm32cube.ide.mcu.externaltools.gnu-tools-for-stm32.12.3.rel1.macos64_1.1.0.202410301201/tools/bin/../lib/gcc/arm-none-eabi/12.3.1/thumb/v7e-m+fp/hard/crtn.o
 *(.fini)
 .fini          0x0800b518        0x4 /Applications/STM32CubeIDE.app/Contents/Eclipse/plugins/com.st.stm32cube.ide.mcu.externaltools.gnu-tools-for-stm32.12.3.rel1.macos64_1.1.0.202410301201/tools/bin/../lib/gcc/arm-none-eabi/12.3.1/thumb/v7e-m+fp/hard/crti.o
                0x0800b518                _fini
 .fini          0x0800b51c        0x8 /Applications/STM32CubeIDE.app/Contents/Eclipse/plugins/com.st.stm32cube.ide.mcu.externaltools.gnu-tools-for-stm32.12.3.rel1.macos64_1.1.0.202410301201/tools/bin/../lib/gcc/arm-none-eabi/12.3.1/thumb/v7e-m+fp/hard/crtn.o
                0x0800b524                        . = ALIGN (0x4)
                0x0800b524                        _etext = .

.vfp11_veneer   0x0800b524        0x0
 .vfp11_veneer  0x0800b524        0x0 linker stubs

.v4_bx          0x0800b524        0x0
 .v4_bx         0x0800b524        0x0 linker stubs

.iplt           0x0800b524        0x0
 .iplt          0x0800b524        0x0 /Applications/STM32CubeIDE.app/Contents/Eclipse/plugins/com.st.stm32cube.ide.mcu.externaltools.gnu-tools-for-stm32.12.3.rel1.macos64_1.1.0.202410301201/tools/bin/../lib/gcc/arm-none-eabi/12.3.1/thumb/v7e-m+fp/hard/crtbegin.o

.rodata         0x0800b528    0x133a0
                0x0800b528                        . = ALIGN (0x4)
 *(.rodata)
 .rodata        0x0800b528       0x13 ./Core/Src/fft.o
 *(.rodata*)
 *fill*         0x0800b53b        0x1 
 .rodata.AHBPrescTable
                0x0800b53c       0x10 ./Core/Src/system_stm32g4xx.o
                0x0800b53c                AHBPrescTable
 .rodata.APBPrescTable
                0x0800b54c        0x8 ./Core/Src/system_stm32g4xx.o
                0x0800b54c                APBPrescTable
 .rodata.UARTPrescTable
                0x0800b554       0x18 ./Drivers/STM32G4xx_HAL_Driver/Src/stm32g4xx_hal_uart.o
                0x0800b554                UARTPrescTable
 .rodata.armBitRevIndexTable1024
                0x0800b56c      0xe10 /Users/enrique/STM32CubeIDE/workspace_1.17.0/lcd_test/Drivers/CMSIS/DSP_DRIVERS/Lib/GCC/libarm_cortexM4lf_math.a(arm_common_tables.o)
                0x0800b56c                armBitRevIndexTable1024
 .rodata.armBitRevIndexTable128
                0x0800c37c      0x1a0 /Users/enrique/STM32CubeIDE/workspace_1.17.0/lcd_test/Drivers/CMSIS/DSP_DRIVERS/Lib/GCC/libarm_cortexM4lf_math.a(arm_common_tables.o)
                0x0800c37c                armBitRevIndexTable128
 .rodata.armBitRevIndexTable16
                0x0800c51c       0x28 /Users/enrique/STM32CubeIDE/workspace_1.17.0/lcd_test/Drivers/CMSIS/DSP_DRIVERS/Lib/GCC/libarm_cortexM4lf_math.a(arm_common_tables.o)
                0x0800c51c                armBitRevIndexTable16
 .rodata.armBitRevIndexTable2048
                0x0800c544     0x1dc0 /Users/enrique/STM32CubeIDE/workspace_1.17.0/lcd_test/Drivers/CMSIS/DSP_DRIVERS/Lib/GCC/libarm_cortexM4lf_math.a(arm_common_tables.o)
                0x0800c544                armBitRevIndexTable2048
 .rodata.armBitRevIndexTable256
                0x0800e304      0x370 /Users/enrique/STM32CubeIDE/workspace_1.17.0/lcd_test/Drivers/CMSIS/DSP_DRIVERS/Lib/GCC/libarm_cortexM4lf_math.a(arm_common_tables.o)
                0x0800e304                armBitRevIndexTable256
 .rodata.armBitRevIndexTable32
                0x0800e674       0x60 /Users/enrique/STM32CubeIDE/workspace_1.17.0/lcd_test/Drivers/CMSIS/DSP_DRIVERS/Lib/GCC/libarm_cortexM4lf_math.a(arm_common_tables.o)
                0x0800e674                armBitRevIndexTable32
 .rodata.armBitRevIndexTable512
                0x0800e6d4      0x380 /Users/enrique/STM32CubeIDE/workspace_1.17.0/lcd_test/Drivers/CMSIS/DSP_DRIVERS/Lib/GCC/libarm_cortexM4lf_math.a(arm_common_tables.o)
                0x0800e6d4                armBitRevIndexTable512
 .rodata.twiddleCoef_1024
                0x0800ea54     0x2000 /Users/enrique/STM32CubeIDE/workspace_1.17.0/lcd_test/Drivers/CMSIS/DSP_DRIVERS/Lib/GCC/libarm_cortexM4lf_math.a(arm_common_tables.o)
                0x0800ea54                twiddleCoef_1024
 .rodata.twiddleCoef_128
                0x08010a54      0x400 /Users/enrique/STM32CubeIDE/workspace_1.17.0/lcd_test/Drivers/CMSIS/DSP_DRIVERS/Lib/GCC/libarm_cortexM4lf_math.a(arm_common_tables.o)
                0x08010a54                twiddleCoef_128
 .rodata.twiddleCoef_16
                0x08010e54       0x80 /Users/enrique/STM32CubeIDE/workspace_1.17.0/lcd_test/Drivers/CMSIS/DSP_DRIVERS/Lib/GCC/libarm_cortexM4lf_math.a(arm_common_tables.o)
                0x08010e54                twiddleCoef_16
 .rodata.twiddleCoef_2048
                0x08010ed4     0x4000 /Users/enrique/STM32CubeIDE/workspace_1.17.0/lcd_test/Drivers/CMSIS/DSP_DRIVERS/Lib/GCC/libarm_cortexM4lf_math.a(arm_common_tables.o)
                0x08010ed4                twiddleCoef_2048
 .rodata.twiddleCoef_256
                0x08014ed4      0x800 /Users/enrique/STM32CubeIDE/workspace_1.17.0/lcd_test/Drivers/CMSIS/DSP_DRIVERS/Lib/GCC/libarm_cortexM4lf_math.a(arm_common_tables.o)
                0x08014ed4                twiddleCoef_256
 .rodata.twiddleCoef_32
                0x080156d4      0x100 /Users/enrique/STM32CubeIDE/workspace_1.17.0/lcd_test/Drivers/CMSIS/DSP_DRIVERS/Lib/GCC/libarm_cortexM4lf_math.a(arm_common_tables.o)
                0x080156d4                twiddleCoef_32
 .rodata.twiddleCoef_512
                0x080157d4     0x1000 /Users/enrique/STM32CubeIDE/workspace_1.17.0/lcd_test/Drivers/CMSIS/DSP_DRIVERS/Lib/GCC/libarm_cortexM4lf_math.a(arm_common_tables.o)
                0x080157d4                twiddleCoef_512
 .rodata.twiddleCoef_rfft_1024
                0x080167d4     0x1000 /Users/enrique/STM32CubeIDE/workspace_1.17.0/lcd_test/Drivers/CMSIS/DSP_DRIVERS/Lib/GCC/libarm_cortexM4lf_math.a(arm_common_tables.o)
                0x080167d4                twiddleCoef_rfft_1024
 .rodata.twiddleCoef_rfft_2048
                0x080177d4     0x2000 /Users/enrique/STM32CubeIDE/workspace_1.17.0/lcd_test/Drivers/CMSIS/DSP_DRIVERS/Lib/GCC/libarm_cortexM4lf_math.a(arm_common_tables.o)
                0x080177d4                twiddleCoef_rfft_2048
 .rodata.twiddleCoef_rfft_256
                0x080197d4      0x400 /Users/enrique/STM32CubeIDE/workspace_1.17.0/lcd_test/Drivers/CMSIS/DSP_DRIVERS/Lib/GCC/libarm_cortexM4lf_math.a(arm_common_tables.o)
                0x080197d4                twiddleCoef_rfft_256
 .rodata.twiddleCoef_rfft_32
                0x08019bd4       0x80 /Users/enrique/STM32CubeIDE/workspace_1.17.0/lcd_test/Drivers/CMSIS/DSP_DRIVERS/Lib/GCC/libarm_cortexM4lf_math.a(arm_common_tables.o)
                0x08019bd4                twiddleCoef_rfft_32
 .rodata.twiddleCoef_rfft_4096
                0x08019c54     0x4000 /Users/enrique/STM32CubeIDE/workspace_1.17.0/lcd_test/Drivers/CMSIS/DSP_DRIVERS/Lib/GCC/libarm_cortexM4lf_math.a(arm_common_tables.o)
                0x08019c54                twiddleCoef_rfft_4096
 .rodata.twiddleCoef_rfft_512
                0x0801dc54      0x800 /Users/enrique/STM32CubeIDE/workspace_1.17.0/lcd_test/Drivers/CMSIS/DSP_DRIVERS/Lib/GCC/libarm_cortexM4lf_math.a(arm_common_tables.o)
                0x0801dc54                twiddleCoef_rfft_512
 .rodata.twiddleCoef_rfft_64
                0x0801e454      0x100 /Users/enrique/STM32CubeIDE/workspace_1.17.0/lcd_test/Drivers/CMSIS/DSP_DRIVERS/Lib/GCC/libarm_cortexM4lf_math.a(arm_common_tables.o)
                0x0801e454                twiddleCoef_rfft_64
 .rodata._printf_float.str1.1
                0x0801e554       0x12 /Applications/STM32CubeIDE.app/Contents/Eclipse/plugins/com.st.stm32cube.ide.mcu.externaltools.gnu-tools-for-stm32.12.3.rel1.macos64_1.1.0.202410301201/tools/bin/../lib/gcc/arm-none-eabi/12.3.1/../../../../arm-none-eabi/lib/thumb/v7e-m+fp/hard/libc_nano.a(libc_a-nano-vfprintf_float.o)
 .rodata._printf_i.str1.1
                0x0801e566       0x22 /Applications/STM32CubeIDE.app/Contents/Eclipse/plugins/com.st.stm32cube.ide.mcu.externaltools.gnu-tools-for-stm32.12.3.rel1.macos64_1.1.0.202410301201/tools/bin/../lib/gcc/arm-none-eabi/12.3.1/../../../../arm-none-eabi/lib/thumb/v7e-m+fp/hard/libc_nano.a(libc_a-nano-vfprintf_i.o)
 .rodata._dtoa_r.str1.1
                0x0801e588       0x8d /Applications/STM32CubeIDE.app/Contents/Eclipse/plugins/com.st.stm32cube.ide.mcu.externaltools.gnu-tools-for-stm32.12.3.rel1.macos64_1.1.0.202410301201/tools/bin/../lib/gcc/arm-none-eabi/12.3.1/../../../../arm-none-eabi/lib/thumb/v7e-m+fp/hard/libc_nano.a(libc_a-dtoa.o)
                                 0x8f (size before relaxing)
 .rodata._Balloc.str1.1
                0x0801e615       0x59 /Applications/STM32CubeIDE.app/Contents/Eclipse/plugins/com.st.stm32cube.ide.mcu.externaltools.gnu-tools-for-stm32.12.3.rel1.macos64_1.1.0.202410301201/tools/bin/../lib/gcc/arm-none-eabi/12.3.1/../../../../arm-none-eabi/lib/thumb/v7e-m+fp/hard/libc_nano.a(libc_a-mprec.o)
                                 0x70 (size before relaxing)
 .rodata.__multadd.str1.1
                0x0801e66e       0x11 /Applications/STM32CubeIDE.app/Contents/Eclipse/plugins/com.st.stm32cube.ide.mcu.externaltools.gnu-tools-for-stm32.12.3.rel1.macos64_1.1.0.202410301201/tools/bin/../lib/gcc/arm-none-eabi/12.3.1/../../../../arm-none-eabi/lib/thumb/v7e-m+fp/hard/libc_nano.a(libc_a-mprec.o)
 *fill*         0x0801e66e        0x2 
 .rodata.p05.0  0x0801e670        0xc /Applications/STM32CubeIDE.app/Contents/Eclipse/plugins/com.st.stm32cube.ide.mcu.externaltools.gnu-tools-for-stm32.12.3.rel1.macos64_1.1.0.202410301201/tools/bin/../lib/gcc/arm-none-eabi/12.3.1/../../../../arm-none-eabi/lib/thumb/v7e-m+fp/hard/libc_nano.a(libc_a-mprec.o)
 *fill*         0x0801e67c        0x4 
 .rodata.__mprec_bigtens
                0x0801e680       0x28 /Applications/STM32CubeIDE.app/Contents/Eclipse/plugins/com.st.stm32cube.ide.mcu.externaltools.gnu-tools-for-stm32.12.3.rel1.macos64_1.1.0.202410301201/tools/bin/../lib/gcc/arm-none-eabi/12.3.1/../../../../arm-none-eabi/lib/thumb/v7e-m+fp/hard/libc_nano.a(libc_a-mprec.o)
                0x0801e680                __mprec_bigtens
 .rodata.__mprec_tens
                0x0801e6a8       0xc8 /Applications/STM32CubeIDE.app/Contents/Eclipse/plugins/com.st.stm32cube.ide.mcu.externaltools.gnu-tools-for-stm32.12.3.rel1.macos64_1.1.0.202410301201/tools/bin/../lib/gcc/arm-none-eabi/12.3.1/../../../../arm-none-eabi/lib/thumb/v7e-m+fp/hard/libc_nano.a(libc_a-mprec.o)
                0x0801e6a8                __mprec_tens
 .rodata._setlocale_r.str1.1
                0x0801e770        0x8 /Applications/STM32CubeIDE.app/Contents/Eclipse/plugins/com.st.stm32cube.ide.mcu.externaltools.gnu-tools-for-stm32.12.3.rel1.macos64_1.1.0.202410301201/tools/bin/../lib/gcc/arm-none-eabi/12.3.1/../../../../arm-none-eabi/lib/thumb/v7e-m+fp/hard/libc_nano.a(libc_a-locale.o)
                                  0x9 (size before relaxing)
 .rodata.str1.1
                0x0801e778        0x2 /Applications/STM32CubeIDE.app/Contents/Eclipse/plugins/com.st.stm32cube.ide.mcu.externaltools.gnu-tools-for-stm32.12.3.rel1.macos64_1.1.0.202410301201/tools/bin/../lib/gcc/arm-none-eabi/12.3.1/../../../../arm-none-eabi/lib/thumb/v7e-m+fp/hard/libc_nano.a(libc_a-locale.o)
 .rodata._ctype_
                0x0801e77a      0x101 /Applications/STM32CubeIDE.app/Contents/Eclipse/plugins/com.st.stm32cube.ide.mcu.externaltools.gnu-tools-for-stm32.12.3.rel1.macos64_1.1.0.202410301201/tools/bin/../lib/gcc/arm-none-eabi/12.3.1/../../../../arm-none-eabi/lib/thumb/v7e-m+fp/hard/libc_nano.a(libc_a-ctype_.o)
                0x0801e77a                _ctype_
 .rodata.__assert_func.str1.1
                0x0801e87b       0x3c /Applications/STM32CubeIDE.app/Contents/Eclipse/plugins/com.st.stm32cube.ide.mcu.externaltools.gnu-tools-for-stm32.12.3.rel1.macos64_1.1.0.202410301201/tools/bin/../lib/gcc/arm-none-eabi/12.3.1/../../../../arm-none-eabi/lib/thumb/v7e-m+fp/hard/libc_nano.a(libc_a-assert.o)
                                 0x3d (size before relaxing)
 .rodata._vfprintf_r.str1.1
                0x0801e8b7       0x11 /Applications/STM32CubeIDE.app/Contents/Eclipse/plugins/com.st.stm32cube.ide.mcu.externaltools.gnu-tools-for-stm32.12.3.rel1.macos64_1.1.0.202410301201/tools/bin/../lib/gcc/arm-none-eabi/12.3.1/../../../../arm-none-eabi/lib/thumb/v7e-m+fp/hard/libc_nano.a(libc_a-nano-vfprintf.o)
                0x0801e8c8                        . = ALIGN (0x4)

.ARM.extab      0x0801e8c8        0x0
                0x0801e8c8                        . = ALIGN (0x4)
 *(.ARM.extab* .gnu.linkonce.armextab.*)
                0x0801e8c8                        . = ALIGN (0x4)

.ARM            0x0801e8c8        0x8
                0x0801e8c8                        . = ALIGN (0x4)
                0x0801e8c8                        __exidx_start = .
 *(.ARM.exidx*)
 .ARM.exidx     0x0801e8c8        0x8 /Applications/STM32CubeIDE.app/Contents/Eclipse/plugins/com.st.stm32cube.ide.mcu.externaltools.gnu-tools-for-stm32.12.3.rel1.macos64_1.1.0.202410301201/tools/bin/../lib/gcc/arm-none-eabi/12.3.1/../../../../arm-none-eabi/lib/thumb/v7e-m+fp/hard/libc_nano.a(libc_a-memchr.o)
 .ARM.exidx     0x0801e8d0        0x0 /Applications/STM32CubeIDE.app/Contents/Eclipse/plugins/com.st.stm32cube.ide.mcu.externaltools.gnu-tools-for-stm32.12.3.rel1.macos64_1.1.0.202410301201/tools/bin/../lib/gcc/arm-none-eabi/12.3.1/../../../../arm-none-eabi/lib/thumb/v7e-m+fp/hard/libc_nano.a(libc_a-strlen.o)
                                  0x8 (size before relaxing)
 .ARM.exidx     0x0801e8d0        0x0 /Applications/STM32CubeIDE.app/Contents/Eclipse/plugins/com.st.stm32cube.ide.mcu.externaltools.gnu-tools-for-stm32.12.3.rel1.macos64_1.1.0.202410301201/tools/bin/../lib/gcc/arm-none-eabi/12.3.1/thumb/v7e-m+fp/hard/libgcc.a(_udivmoddi4.o)
                                  0x8 (size before relaxing)
                0x0801e8d0                        __exidx_end = .
                0x0801e8d0                        . = ALIGN (0x4)

.preinit_array  0x0801e8d0        0x0
                0x0801e8d0                        . = ALIGN (0x4)
                0x0801e8d0                        PROVIDE (__preinit_array_start = .)
 *(.preinit_array*)
                0x0801e8d0                        PROVIDE (__preinit_array_end = .)
                0x0801e8d0                        . = ALIGN (0x4)

.init_array     0x0801e8d0        0x4
                0x0801e8d0                        . = ALIGN (0x4)
                0x0801e8d0                        PROVIDE (__init_array_start = .)
 *(SORT_BY_NAME(.init_array.*))
 *(.init_array*)
 .init_array    0x0801e8d0        0x4 /Applications/STM32CubeIDE.app/Contents/Eclipse/plugins/com.st.stm32cube.ide.mcu.externaltools.gnu-tools-for-stm32.12.3.rel1.macos64_1.1.0.202410301201/tools/bin/../lib/gcc/arm-none-eabi/12.3.1/thumb/v7e-m+fp/hard/crtbegin.o
                0x0801e8d4                        PROVIDE (__init_array_end = .)
                0x0801e8d4                        . = ALIGN (0x4)

.fini_array     0x0801e8d4        0x4
                0x0801e8d4                        . = ALIGN (0x4)
                [!provide]                        PROVIDE (__fini_array_start = .)
 *(SORT_BY_NAME(.fini_array.*))
 *(.fini_array*)
 .fini_array    0x0801e8d4        0x4 /Applications/STM32CubeIDE.app/Contents/Eclipse/plugins/com.st.stm32cube.ide.mcu.externaltools.gnu-tools-for-stm32.12.3.rel1.macos64_1.1.0.202410301201/tools/bin/../lib/gcc/arm-none-eabi/12.3.1/thumb/v7e-m+fp/hard/crtbegin.o
                [!provide]                        PROVIDE (__fini_array_end = .)
                0x0801e8d8                        . = ALIGN (0x4)
                0x0801e8d8                        _sidata = LOADADDR (.data)

.rel.dyn        0x0801e8d8        0x0
 .rel.iplt      0x0801e8d8        0x0 /Applications/STM32CubeIDE.app/Contents/Eclipse/plugins/com.st.stm32cube.ide.mcu.externaltools.gnu-tools-for-stm32.12.3.rel1.macos64_1.1.0.202410301201/tools/bin/../lib/gcc/arm-none-eabi/12.3.1/thumb/v7e-m+fp/hard/crtbegin.o

.data           0x20000000      0x218 load address 0x0801e8d8
                0x20000000                        . = ALIGN (0x4)
                0x20000000                        _sdata = .
 *(.data)
 *(.data*)
 .data.bars_x   0x20000000       0x40 ./Core/Src/lcd.o
                0x20000000                bars_x
 .data.DMA_MIN_SIZE
                0x20000040        0x2 ./Core/Src/lcd.o
                0x20000040                DMA_MIN_SIZE
 *fill*         0x20000042        0x2 
 .data.SystemCoreClock
                0x20000044        0x4 ./Core/Src/system_stm32g4xx.o
                0x20000044                SystemCoreClock
 .data.uwTickPrio
                0x20000048        0x4 ./Drivers/STM32G4xx_HAL_Driver/Src/stm32g4xx_hal.o
                0x20000048                uwTickPrio
 .data.uwTickFreq
                0x2000004c        0x4 ./Drivers/STM32G4xx_HAL_Driver/Src/stm32g4xx_hal.o
                0x2000004c                uwTickFreq
 .data.__sglue  0x20000050        0xc /Applications/STM32CubeIDE.app/Contents/Eclipse/plugins/com.st.stm32cube.ide.mcu.externaltools.gnu-tools-for-stm32.12.3.rel1.macos64_1.1.0.202410301201/tools/bin/../lib/gcc/arm-none-eabi/12.3.1/../../../../arm-none-eabi/lib/thumb/v7e-m+fp/hard/libc_nano.a(libc_a-findfp.o)
                0x20000050                __sglue
 .data._impure_ptr
                0x2000005c        0x4 /Applications/STM32CubeIDE.app/Contents/Eclipse/plugins/com.st.stm32cube.ide.mcu.externaltools.gnu-tools-for-stm32.12.3.rel1.macos64_1.1.0.202410301201/tools/bin/../lib/gcc/arm-none-eabi/12.3.1/../../../../arm-none-eabi/lib/thumb/v7e-m+fp/hard/libc_nano.a(libc_a-impure.o)
                0x2000005c                _impure_ptr
 .data._impure_data
                0x20000060       0x4c /Applications/STM32CubeIDE.app/Contents/Eclipse/plugins/com.st.stm32cube.ide.mcu.externaltools.gnu-tools-for-stm32.12.3.rel1.macos64_1.1.0.202410301201/tools/bin/../lib/gcc/arm-none-eabi/12.3.1/../../../../arm-none-eabi/lib/thumb/v7e-m+fp/hard/libc_nano.a(libc_a-impure.o)
                0x20000060                _impure_data
 .data.__global_locale
                0x200000ac      0x16c /Applications/STM32CubeIDE.app/Contents/Eclipse/plugins/com.st.stm32cube.ide.mcu.externaltools.gnu-tools-for-stm32.12.3.rel1.macos64_1.1.0.202410301201/tools/bin/../lib/gcc/arm-none-eabi/12.3.1/../../../../arm-none-eabi/lib/thumb/v7e-m+fp/hard/libc_nano.a(libc_a-locale.o)
                0x200000ac                __global_locale
 *(.RamFunc)
 *(.RamFunc*)
                0x20000218                        . = ALIGN (0x4)
                0x20000218                        _edata = .

.igot.plt       0x20000218        0x0 load address 0x0801eaf0