Archive member included to satisfy reference by file (symbol)

/Users/enrique/Downloads/Senior-Design/firmware/Drivers/CMSIS/DSP_DRIVERS/Lib/GCC/libarm_cortexM4lf_math.a(arm_rfft_fast_init_f32.o)
                              ./Core/Src/fft.o (arm_rfft_fast_init_f32)
/Users/enrique/Downloads/Senior-Design/firmware/Drivers/CMSIS/DSP_DRIVERS/Lib/GCC/libarm_cortexM4lf_math.a(arm_rfft_fast_f32.o)
                              ./Core/Src/fft.o (arm_rfft_fast_f32)
/Users/enrique/Downloads/Senior-Design/firmware/Drivers/CMSIS/DSP_DRIVERS/Lib/GCC/libarm_cortexM4lf_math.a(arm_cfft_f32.o)
                              /Users/enrique/Downloads/Senior-Design/firmware/Drivers/CMSIS/DSP_DRIVERS/Lib/GCC/libarm_cortexM4lf_math.a(arm_rfft_fast_f32.o) (arm_cfft_f32)
/Users/enrique/Downloads/Senior-Design/firmware/Drivers/CMSIS/DSP_DRIVERS/Lib/GCC/libarm_cortexM4lf_math.a(arm_rfft_q15.o)
                              ./Core/Src/fft.o (arm_rfft_q15)
/Users/enrique/Downloads/Senior-Design/firmware/Drivers/CMSIS/DSP_DRIVERS/Lib/GCC/libarm_cortexM4lf_math.a(arm_rfft_init_q15.o)
                              ./Core/Src/fft.o (arm_rfft_init_q15)
/Users/enrique/Downloads/Senior-Design/firmware/Drivers/CMSIS/DSP_DRIVERS/Lib/GCC/libarm_cortexM4lf_math.a(arm_bitreversal2.o)
                              /Users/enrique/Downloads/Senior-Design/firmware/Drivers/CMSIS/DSP_DRIVERS/Lib/GCC/libarm_cortexM4lf_math.a(arm_cfft_f32.o) (arm_bitreversal_32)
/Users/enrique/Downloads/Senior-Design/firmware/Drivers/CMSIS/DSP_DRIVERS/Lib/GCC/libarm_cortexM4lf_math.a(arm_cmplx_mag_f32.o)
                              ./Core/Src/main.o (arm_cmplx_mag_f32)
/Users/enrique/Downloads/Senior-Design/firmware/Drivers/CMSIS/DSP_DRIVERS/Lib/GCC/libarm_cortexM4lf_math.a(arm_const_structs.o)
                              /Users/enrique/Downloads/Senior-Design/firmware/Drivers/CMSIS/DSP_DRIVERS/Lib/GCC/libarm_cortexM4lf_math.a(arm_rfft_init_q15.o) (arm_cfft_sR_q15_len4096)
/Users/enrique/Downloads/Senior-Design/firmware/Drivers/CMSIS/DSP_DRIVERS/Lib/GCC/libarm_cortexM4lf_math.a(arm_common_tables.o)
                              /Users/enrique/Downloads/Senior-Design/firmware/Drivers/CMSIS/DSP_DRIVERS/Lib/GCC/libarm_cortexM4lf_math.a(arm_rfft_init_q15.o) (realCoefBQ15)
/Users/enrique/Downloads/Senior-Design/firmware/Drivers/CMSIS/DSP_DRIVERS/Lib/GCC/libarm_cortexM4lf_math.a(arm_cfft_q15.o)
                              /Users/enrique/Downloads/Senior-Design/firmware/Drivers/CMSIS/DSP_DRIVERS/Lib/GCC/libarm_cortexM4lf_math.a(arm_rfft_q15.o) (arm_cfft_q15)
/Users/enrique/Downloads/Senior-Design/firmware/Drivers/CMSIS/DSP_DRIVERS/Lib/GCC/libarm_cortexM4lf_math.a(arm_cfft_radix8_f32.o)
                              /Users/enrique/Downloads/Senior-Design/firmware/Drivers/CMSIS/DSP_DRIVERS/Lib/GCC/libarm_cortexM4lf_math.a(arm_cfft_f32.o) (arm_radix8_butterfly_f32)
/Users/enrique/Downloads/Senior-Design/firmware/Drivers/CMSIS/DSP_DRIVERS/Lib/GCC/libarm_cortexM4lf_math.a(arm_cfft_radix4_q15.o)
                              /Users/enrique/Downloads/Senior-Design/firmware/Drivers/CMSIS/DSP_DRIVERS/Lib/GCC/libarm_cortexM4lf_math.a(arm_cfft_q15.o) (arm_radix4_butterfly_q15)
/Users/enrique/Downloads/Senior-Design/firmware/Drivers/CMSIS/DSP_DRIVERS/Lib/GCC/libarm_cortexM4lf_math.a(arm_bitreversal.o)
                              /Users/enrique/Downloads/Senior-Design/firmware/Drivers/CMSIS/DSP_DRIVERS/Lib/GCC/libarm_cortexM4lf_math.a(arm_cfft_radix4_q15.o) (arm_bitreversal_q15)
/Applications/STM32CubeIDE.app/Contents/Eclipse/plugins/com.st.stm32cube.ide.mcu.externaltools.gnu-tools-for-stm32.13.3.rel1.macos64_1.0.0.202411102158/tools/bin/../lib/gcc/arm-none-eabi/13.3.1/../../../../arm-none-eabi/lib/thumb/v7e-m+fp/hard/libc_nano.a(libc_a-exit.o)
                              /Applications/STM32CubeIDE.app/Contents/Eclipse/plugins/com.st.stm32cube.ide.mcu.externaltools.gnu-tools-for-stm32.13.3.rel1.macos64_1.0.0.202411102158/tools/bin/../lib/gcc/arm-none-eabi/13.3.1/../../../../arm-none-eabi/lib/thumb/v7e-m+fp/hard/crt0.o (exit)
/Applications/STM32CubeIDE.app/Contents/Eclipse/plugins/com.st.stm32cube.ide.mcu.externaltools.gnu-tools-for-stm32.13.3.rel1.macos64_1.0.0.202411102158/tools/bin/../lib/gcc/arm-none-eabi/13.3.1/../../../../arm-none-eabi/lib/thumb/v7e-m+fp/hard/libc_nano.a(libc_a-nano-vfprintf_float.o)
                              (_printf_float)
/Applications/STM32CubeIDE.app/Contents/Eclipse/plugins/com.st.stm32cube.ide.mcu.externaltools.gnu-tools-for-stm32.13.3.rel1.macos64_1.0.0.202411102158/tools/bin/../lib/gcc/arm-none-eabi/13.3.1/../../../../arm-none-eabi/lib/thumb/v7e-m+fp/hard/libc_nano.a(libc_a-nano-vfprintf_i.o)
                              /Applications/STM32CubeIDE.app/Contents/Eclipse/plugins/com.st.stm32cube.ide.mcu.externaltools.gnu-tools-for-stm32.13.3.rel1.macos64_1.0.0.202411102158/tools/bin/../lib/gcc/arm-none-eabi/13.3.1/../../../../arm-none-eabi/lib/thumb/v7e-m+fp/hard/libc_nano.a(libc_a-nano-vfprintf_float.o) (_printf_common)
[...]
Memory Configuration

Name             Origin             Length             Attributes
RAM              0x20000000         0x0001c000         xrw
FLASH            0x08000000         0x00080000         xr
*default*        0x00000000         0xffffffff

Linker script and memory map

LOAD /Applications/STM32CubeIDE.app/Contents/Eclipse/plugins/com.st.stm32cube.ide.mcu.externaltools.gnu-tools-for-stm32.13.3.rel1.macos64_1.0.0.202411102158/tools/bin/../lib/gcc/arm-none-eabi/13.3.1/thumb/v7e-m+fp/hard/crti.o
LOAD /Applications/STM32CubeIDE.app/Contents/Eclipse/plugins/com.st.stm32cube.ide.mcu.externaltools.gnu-tools-for-stm32.13.3.rel1.macos64_1.0.0.202411102158/tools/bin/../lib/gcc/arm-none-eabi/13.3.1/thumb/v7e-m+fp/hard/crtbegin.o
LOAD /Applications/STM32CubeIDE.app/Contents/Eclipse/plugins/com.st.stm32cube.ide.mcu.externaltools.gnu-tools-for-stm32.13.3.rel1.macos64_1.0.0.202411102158/tools/bin/../lib/gcc/arm-none-eabi/13.3.1/../../../../arm-none-eabi/lib/thumb/v7e-m+fp/hard/crt0.o
LOAD ./Core/Src/UART.o
LOAD ./Core/Src/fft.o
LOAD ./Core/Src/iir.o
LOAD ./Core/Src/lcd.o
LOAD ./Core/Src/main.o
LOAD ./Core/Src/stm32g4xx_hal_msp.o
LOAD ./Core/Src/stm32g4xx_it.o
LOAD ./Core/Src/syscalls.o
LOAD ./Core/Src/sysmem.o
LOAD ./Core/Src/system_stm32g4xx.o
LOAD ./Core/Startup/startup_stm32g491retx.o
LOAD ./Drivers/STM32G4xx_HAL_Driver/Src/stm32g4xx_hal.o
LOAD ./Drivers/STM32G4xx_HAL_Driver/Src/stm32g4xx_hal_adc.o
LOAD ./Drivers/STM32G4xx_HAL_Driver/Src/stm32g4xx_hal_adc_ex.o
LOAD ./Drivers/STM32G4xx_HAL_Driver/Src/stm32g4xx_hal_cortex.o
LOAD ./Drivers/STM32G4xx_HAL_Driver/Src/stm32g4xx_hal_dac.o
LOAD ./Drivers/STM32G4xx_HAL_Driver/Src/stm32g4xx_hal_dac_ex.o
LOAD ./Drivers/STM32G4xx_HAL_Driver/Src/stm32g4xx_hal_dma.o
LOAD ./Drivers/STM32G4xx_HAL_Driver/Src/stm32g4xx_hal_dma_ex.o
LOAD ./Drivers/STM32G4xx_HAL_Driver/Src/stm32g4xx_hal_exti.o
LOAD ./Drivers/STM32G4xx_HAL_Driver/Src/stm32g4xx_hal_flash.o
LOAD ./Drivers/STM32G4xx_HAL_Driver/Src/stm32g4xx_hal_flash_ex.o
LOAD ./Drivers/STM32G4xx_HAL_Driver/Src/stm32g4xx_hal_flash_ramfunc.o
LOAD ./Drivers/STM32G4xx_HAL_Driver/Src/stm32g4xx_hal_gpio.o
LOAD ./Drivers/STM32G4xx_HAL_Driver/Src/stm32g4xx_hal_pwr.o
LOAD ./Drivers/STM32G4xx_HAL_Driver/Src/stm32g4xx_hal_pwr_ex.o
LOAD ./Drivers/STM32G4xx_HAL_Driver/Src/stm32g4xx_hal_rcc.o
LOAD ./Drivers/STM32G4xx_HAL_Driver/Src/stm32g4xx_hal_rcc_ex.o
LOAD ./Drivers/STM32G4xx_HAL_Driver/Src/stm32g4xx_hal_spi.o
LOAD ./Drivers/STM32G4xx_HAL_Driver/Src/stm32g4xx_hal_spi_ex.o
LOAD ./Drivers/STM32G4xx_HAL_Driver/Src/stm32g4xx_hal_tim.o
LOAD ./Drivers/STM32G4xx_HAL_Driver/Src/stm32g4xx_hal_tim_ex.o
LOAD ./Drivers/STM32G4xx_HAL_Driver/Src/stm32g4xx_hal_uart.o
LOAD ./Drivers/STM32G4xx_HAL_Driver/Src/stm32g4xx_hal_uart_ex.o
LOAD ./Drivers/STM32G4xx_HAL_Driver/Src/stm32g4xx_hal_usart.o
LOAD ./Drivers/STM32G4xx_HAL_Driver/Src/stm32g4xx_hal_usart_ex.o
LOAD ./Drivers/STM32G4xx_HAL_Driver/Src/stm32g4xx_ll_adc.o
LOAD /Users/enrique/Downloads/Senior-Design/firmware/Drivers/CMSIS/DSP_DRIVERS/Lib/GCC/libarm_cortexM4lf_math.a
START GROUP
LOAD /Applications/STM32CubeIDE.app/Contents/Eclipse/plugins/com.st.stm32cube.ide.mcu.externaltools.gnu-tools-for-stm32.13.3.rel1.macos64_1.0.0.202411102158/tools/bin/../lib/gcc/arm-none-eabi/13.3.1/../../../../arm-none-eabi/lib/thumb/v7e-m+fp/hard/libc_nano.a
LOAD /Applications/STM32CubeIDE.app/Contents/Eclipse/plugins/com.st.stm32cube.ide.mcu.externaltools.gnu-tools-for-stm32.13.3.rel1.macos64_1.0.0.202411102158/tools/bin/../lib/gcc/arm-none-eabi/13.3.1/../../../../arm-none-eabi/lib/thumb/v7e-m+fp/hard/libm.a
END GROUP
START GROUP
LOAD /Applications/STM32CubeIDE.app/Contents/Eclipse/plugins/com.st.stm32cube.ide.mcu.externaltools.gnu-tools-for-stm32.13.3.rel1.macos64_1.0.0.202411102158/tools/bin/../lib/gcc/arm-none-eabi/13.3.1/thumb/v7e-m+fp/hard/libgcc.a
LOAD /Applications/STM32CubeIDE.app/Contents/Eclipse/plugins/com.st.stm32cube.ide.mcu.externaltools.gnu-tools-for-stm32.13.3.rel1.macos64_1.0.0.202411102158/tools/bin/../lib/gcc/arm-none-eabi/13.3.1/../../../../arm-none-eabi/lib/thumb/v7e-m+fp/hard/libc_nano.a
END GROUP
START GROUP
LOAD /Applications/STM32CubeIDE.app/Contents/Eclipse/plugins/com.st.stm32cube.ide.mcu.externaltools.gnu-tools-for-stm32.13.3.rel1.macos64_1.0.0.202411102158/tools/bin/../lib/gcc/arm-none-eabi/13.3.1/thumb/v7e-m+fp/hard/libgcc.a
LOAD /Applications/STM32CubeIDE.app/Contents/Eclipse/plugins/com.st.stm32cube.ide.mcu.externaltools.gnu-tools-for-stm32.13.3.rel1.macos64_1.0.0.202411102158/tools/bin/../lib/gcc/arm-none-eabi/13.3.1/../../../../arm-none-eabi/lib/thumb/v7e-m+fp/hard/libc_nano.a
LOAD /Applications/STM32CubeIDE.app/Contents/Eclipse/plugins/com.st.stm32cube.ide.mcu.externaltools.gnu-tools-for-stm32.13.3.rel1.macos64_1.0.0.202411102158/tools/bin/../lib/gcc/arm-none-eabi/13.3.1/../../../../arm-none-eabi/lib/thumb/v7e-m+fp/hard/libnosys.a
END GROUP
START GROUP
LOAD /Applications/STM32CubeIDE.app/Contents/Eclipse/plugins/com.st.stm32cube.ide.mcu.externaltools.gnu-tools-for-stm32.13.3.rel1.macos64_1.0.0.202411102158/tools/bin/../lib/gcc/arm-none-eabi/13.3.1/thumb/v7e-m+fp/hard/libgcc.a
LOAD /Applications/STM32CubeIDE.app/Contents/Eclipse/plugins/com.st.stm32cube.ide.mcu.externaltools.gnu-tools-for-stm32.13.3.rel1.macos64_1.0.0.202411102158/tools/bin/../lib/gcc/arm-none-eabi/13.3.1/../../../../arm-none-eabi/lib/thumb/v7e-m+fp/hard/libc_nano.a
LOAD /Applications/STM32CubeIDE.app/Contents/Eclipse/plugins/com.st.stm32cube.ide.mcu.externaltools.gnu-tools-for-stm32.13.3.rel1.macos64_1.0.0.202411102158/tools/bin/../lib/gcc/arm-none-eabi/13.3.1/../../../../arm-none-eabi/lib/thumb/v7e-m+fp/hard/libnosys.a
END GROUP
LOAD /Applications/STM32CubeIDE.app/Contents/Eclipse/plugins/com.st.stm32cube.ide.mcu.externaltools.gnu-tools-for-stm32.13.3.rel1.macos64_1.0.0.202411102158/tools/bin/../lib/gcc/arm-none-eabi/13.3.1/thumb/v7e-m+fp/hard/crtend.o
LOAD /Applications/STM32CubeIDE.app/Contents/Eclipse/plugins/com.st.stm32cube.ide.mcu.externaltools.gnu-tools-for-stm32.13.3.rel1.macos64_1.0.0.202411102158/tools/bin/../lib/gcc/arm-none-eabi/13.3.1/thumb/v7e-m+fp/hard/crtn.o
                0x2001c000                        _estack = (ORIGIN (RAM) + LENGTH (RAM))
                0x00000200                        _Min_Heap_Size = 0x200
                0x00000400                        _Min_Stack_Size = 0x400

.isr_vector     0x08000000      0x1d8
                0x08000000                        . = ALIGN (0x4)
 *(.isr_vector)
 .isr_vector    0x08000000      0x1d8 ./Core/Startup/startup_stm32g491retx.o
                0x08000000                g_pfnVectors
                0x080001d8                        . = ALIGN (0x4)

.text           0x080001e0     0xb404
                0x080001e0                        . = ALIGN (0x4)
 *(.text)
 .text          0x080001e0       0x40 /Applications/STM32CubeIDE.app/Contents/Eclipse/plugins/com.st.stm32cube.ide.mcu.externaltools.gnu-tools-for-stm32.13.3.rel1.macos64_1.0.0.202411102158/tools/bin/../lib/gcc/arm-none-eabi/13.3.1/thumb/v7e-m+fp/hard/crtbegin.o
 .text          0x08000220       0xa0 /Applications/STM32CubeIDE.app/Contents/Eclipse/plugins/com.st.stm32cube.ide.mcu.externaltools.gnu-tools-for-stm32.13.3.rel1.macos64_1.0.0.202411102158/tools/bin/../lib/gcc/arm-none-eabi/13.3.1/../../../../arm-none-eabi/lib/thumb/v7e-m+fp/hard/libc_nano.a(libc_a-memchr.o)
                0x08000220                memchr
 .text          0x080002c0       0x10 /Applications/STM32CubeIDE.app/Contents/Eclipse/plugins/com.st.stm32cube.ide.mcu.externaltools.gnu-tools-for-stm32.13.3.rel1.macos64_1.0.0.202411102158/tools/bin/../lib/gcc/arm-none-eabi/13.3.1/../../../../arm-none-eabi/lib/thumb/v7e-m+fp/hard/libc_nano.a(libc_a-strlen.o)
                0x080002c0                strlen
 .text          0x080002d0      0x378 /Applications/STM32CubeIDE.app/Contents/Eclipse/plugins/com.st.stm32cube.ide.mcu.externaltools.gnu-tools-for-stm32.13.3.rel1.macos64_1.0.0.202411102158/tools/bin/../lib/gcc/arm-none-eabi/13.3.1/thumb/v7e-m+fp/hard/libgcc.a(_arm_addsubdf3.o)
                0x080002d0                __aeabi_drsub
                0x080002d8                __subdf3
                0x080002d8                __aeabi_dsub
                0x080002dc                __aeabi_dadd
                0x080002dc                __adddf3
                0x08000554                __aeabi_ui2d
                0x08000554                __floatunsidf
                0x08000574                __floatsidf
                0x08000574                __aeabi_i2d
                0x08000598                __extendsfdf2
                0x08000598                __aeabi_f2d
                0x080005dc                __aeabi_ul2d
                0x080005dc                __floatundidf
                0x080005ec                __aeabi_l2d
                0x080005ec                __floatdidf
 .text          0x08000648      0x424 /Applications/STM32CubeIDE.app/Contents/Eclipse/plugins/com.st.stm32cube.ide.mcu.externaltools.gnu-tools-for-stm32.13.3.rel1.macos64_1.0.0.202411102158/tools/bin/../lib/gcc/arm-none-eabi/13.3.1/thumb/v7e-m+fp/hard/libgcc.a(_arm_muldivdf3.o)
                0x08000648                __aeabi_dmul
                0x08000648                __muldf3
                0x0800089c                __aeabi_ddiv
                0x0800089c                __divdf3
 .text          0x08000a6c      0x110 /Applications/STM32CubeIDE.app/Contents/Eclipse/plugins/com.st.stm32cube.ide.mcu.externaltools.gnu-tools-for-stm32.13.3.rel1.macos64_1.0.0.202411102158/tools/bin/../lib/gcc/arm-none-eabi/13.3.1/thumb/v7e-m+fp/hard/libgcc.a(_arm_cmpdf2.o)
                0x08000a6c                __gedf2
                0x08000a6c                __gtdf2
                0x08000a74                __ledf2
                0x08000a74                __ltdf2
                0x08000a7c                __cmpdf2
                0x08000a7c                __eqdf2
                0x08000a7c                __nedf2
                0x08000af8                __aeabi_cdrcmple
                0x08000b08                __aeabi_cdcmple
                0x08000b08                __aeabi_cdcmpeq
                0x08000b18                __aeabi_dcmpeq
                0x08000b2c                __aeabi_dcmplt
                0x08000b40                __aeabi_dcmple
                0x08000b54                __aeabi_dcmpge
                0x08000b68                __aeabi_dcmpgt
 .text          0x08000b7c       0x2c /Applications/STM32CubeIDE.app/Contents/Eclipse/plugins/com.st.stm32cube.ide.mcu.externaltools.gnu-tools-for-stm32.13.3.rel1.macos64_1.0.0.202411102158/tools/bin/../lib/gcc/arm-none-eabi/13.3.1/thumb/v7e-m+fp/hard/libgcc.a(_arm_unorddf2.o)
                0x08000b7c                __aeabi_dcmpun
                0x08000b7c                __unorddf2
 .text          0x08000ba8       0x50 /Applications/STM32CubeIDE.app/Contents/Eclipse/plugins/com.st.stm32cube.ide.mcu.externaltools.gnu-tools-for-stm32.13.3.rel1.macos64_1.0.0.202411102158/tools/bin/../lib/gcc/arm-none-eabi/13.3.1/thumb/v7e-m+fp/hard/libgcc.a(_arm_fixdfsi.o)
                0x08000ba8                __fixdfsi
                0x08000ba8                __aeabi_d2iz
 .text          0x08000bf8       0x30 /Applications/STM32CubeIDE.app/Contents/Eclipse/plugins/com.st.stm32cube.ide.mcu.externaltools.gnu-tools-for-stm32.13.3.rel1.macos64_1.0.0.202411102158/tools/bin/../lib/gcc/arm-none-eabi/13.3.1/thumb/v7e-m+fp/hard/libgcc.a(_aeabi_uldivmod.o)
                0x08000bf8                __aeabi_uldivmod
 .text          0x08000c28      0x2f8 /Applications/STM32CubeIDE.app/Contents/Eclipse/plugins/com.st.stm32cube.ide.mcu.externaltools.gnu-tools-for-stm32.13.3.rel1.macos64_1.0.0.202411102158/tools/bin/../lib/gcc/arm-none-eabi/13.3.1/thumb/v7e-m+fp/hard/libgcc.a(_udivmoddi4.o)
                0x08000c28                __udivmoddi4
 .text          0x08000f20        0x4 /Applications/STM32CubeIDE.app/Contents/Eclipse/plugins/com.st.stm32cube.ide.mcu.externaltools.gnu-tools-for-stm32.13.3.rel1.macos64_1.0.0.202411102158/tools/bin/../lib/gcc/arm-none-eabi/13.3.1/thumb/v7e-m+fp/hard/libgcc.a(_dvmd_tls.o)
                0x08000f20                __aeabi_ldiv0
                0x08000f20                __aeabi_idiv0
 *(.text*)
 .text.uart_init
                0x08000f24       0xb8 ./Core/Src/UART.o
                0x08000f24                uart_init
 .text.__io_putchar
                0x08000fdc       0x24 ./Core/Src/UART.o
                0x08000fdc                __io_putchar
 .text.init_fft
                0x08001000       0x38 ./Core/Src/fft.o
                0x08001000                init_fft
 .text.perform_fft
                0x08001038       0x24 ./Core/Src/fft.o
                0x08001038                perform_fft
 .text.lowpass_IIR_filter
                0x0800105c       0x3a ./Core/Src/iir.o
                0x0800105c                lowpass_IIR_filter
 .text.SPI_init
                0x08001096       0x14 ./Core/Src/lcd.o
                0x08001096                SPI_init
 .text.LCD_reset
                0x080010aa       0x28 ./Core/Src/lcd.o
                0x080010aa                LCD_reset
 *fill*         0x080010d2        0x2 
 .text.transferComm
                0x080010d4       0x48 ./Core/Src/lcd.o
                0x080010d4                transferComm
 .text.transferData
                0x0800111c       0x48 ./Core/Src/lcd.o
                0x0800111c                transferData
 .text.LCD_init
                0x08001164      0x1d6 ./Core/Src/lcd.o
                0x08001164                LCD_init
 *fill*         0x0800133a        0x2 
 .text.LCD_Fill_Color
                0x0800133c       0xb8 ./Core/Src/lcd.o
                0x0800133c                LCD_Fill_Color
 .text.dma_write_data
                0x080013f4       0x9c ./Core/Src/lcd.o
                0x080013f4                dma_write_data
 .text.LCD_SetAddressWindow
                0x08001490       0xdc ./Core/Src/lcd.o
                0x08001490                LCD_SetAddressWindow
 .text.drawRectangleDMA
                0x0800156c       0xf8 ./Core/Src/lcd.o
                0x0800156c                drawRectangleDMA
 .text.updateBarGraph
                0x08001664      0x114 ./Core/Src/lcd.o
                0x08001664                updateBarGraph
 .text.main     0x08001778      0x21c ./Core/Src/main.o
                0x08001778                main
 .text.SystemClock_Config
                0x08001994       0x80 ./Core/Src/main.o
                0x08001994                SystemClock_Config
 .text.MX_ADC1_Init
                0x08001a14       0xf4 ./Core/Src/main.o
 .text.MX_DAC1_Init
                0x08001b08       0x74 ./Core/Src/main.o
 .text.MX_SPI1_Init
                0x08001b7c       0x7c ./Core/Src/main.o
 .text.MX_TIM7_Init
                0x08001bf8       0x6c ./Core/Src/main.o
 .text.MX_DMA_Init
                0x08001c64       0x9c ./Core/Src/main.o
 .text.MX_GPIO_Init
                0x08001d00       0x94 ./Core/Src/main.o
 .text.HAL_ADC_ConvHalfCpltCallback
                0x08001d94       0xdc ./Core/Src/main.o
                0x08001d94                HAL_ADC_ConvHalfCpltCallback
 .text.HAL_ADC_ConvCpltCallback
                0x08001e70       0xe0 ./Core/Src/main.o
                0x08001e70                HAL_ADC_ConvCpltCallback
 .text.Error_Handler
                0x08001f50        0xc ./Core/Src/main.o
                0x08001f50                Error_Handler
 .text.HAL_MspInit
                0x08001f5c       0x48 ./Core/Src/stm32g4xx_hal_msp.o
                0x08001f5c                HAL_MspInit
 .text.HAL_ADC_MspInit
                0x08001fa4      0x108 ./Core/Src/stm32g4xx_hal_msp.o
                0x08001fa4                HAL_ADC_MspInit
 .text.HAL_DAC_MspInit
                0x080020ac       0xdc ./Core/Src/stm32g4xx_hal_msp.o
                0x080020ac                HAL_DAC_MspInit
 .text.HAL_SPI_MspInit
                0x08002188      0x178 ./Core/Src/stm32g4xx_hal_msp.o
                0x08002188                HAL_SPI_MspInit
 .text.HAL_TIM_Base_MspInit
                0x08002300       0x40 ./Core/Src/stm32g4xx_hal_msp.o
                0x08002300                HAL_TIM_Base_MspInit
 .text.NMI_Handler
                0x08002340        0x8 ./Core/Src/stm32g4xx_it.o
                0x08002340                NMI_Handler
 .text.HardFault_Handler
                0x08002348        0x8 ./Core/Src/stm32g4xx_it.o
                0x08002348                HardFault_Handler
 .text.MemManage_Handler
                0x08002350        0x8 ./Core/Src/stm32g4xx_it.o
                0x08002350                MemManage_Handler
 .text.BusFault_Handler
                0x08002358        0x8 ./Core/Src/stm32g4xx_it.o
                0x08002358                BusFault_Handler
 .text.UsageFault_Handler
                0x08002360        0x8 ./Core/Src/stm32g4xx_it.o
                0x08002360                UsageFault_Handler
 .text.SVC_Handler
                0x08002368        0xe ./Core/Src/stm32g4xx_it.o
                0x08002368                SVC_Handler
 .text.DebugMon_Handler
                0x08002376        0xe ./Core/Src/stm32g4xx_it.o
                0x08002376                DebugMon_Handler
 .text.PendSV_Handler
                0x08002384        0xe ./Core/Src/stm32g4xx_it.o
                0x08002384                PendSV_Handler
 .text.SysTick_Handler
                0x08002392        0xc ./Core/Src/stm32g4xx_it.o
                0x08002392                SysTick_Handler
 *fill*         0x0800239e        0x2 
 .text.DMA1_Channel1_IRQHandler
                0x080023a0       0x14 ./Core/Src/stm32g4xx_it.o
                0x080023a0                DMA1_Channel1_IRQHandler
 .text.DMA1_Channel2_IRQHandler
                0x080023b4       0x14 ./Core/Src/stm32g4xx_it.o
                0x080023b4                DMA1_Channel2_IRQHandler
 .text.DMA2_Channel2_IRQHandler
                0x080023c8       0x14 ./Core/Src/stm32g4xx_it.o
                0x080023c8                DMA2_Channel2_IRQHandler
 .text.DMA2_Channel3_IRQHandler
                0x080023dc       0x14 ./Core/Src/stm32g4xx_it.o
                0x080023dc                DMA2_Channel3_IRQHandler
 .text._getpid  0x080023f0       0x10 ./Core/Src/syscalls.o
                0x080023f0                _getpid
 .text._kill    0x08002400       0x20 ./Core/Src/syscalls.o
                0x08002400                _kill
 .text._exit    0x08002420       0x16 ./Core/Src/syscalls.o
                0x08002420                _exit
 .text._read    0x08002436       0x3a ./Core/Src/syscalls.o
                0x08002436                _read
 .text._write   0x08002470       0x38 ./Core/Src/syscalls.o
                0x08002470                _write
 .text._close   0x080024a8       0x18 ./Core/Src/syscalls.o
                0x080024a8                _close
 .text._fstat   0x080024c0       0x20 ./Core/Src/syscalls.o
                0x080024c0                _fstat
 .text._isatty  0x080024e0       0x16 ./Core/Src/syscalls.o
                0x080024e0                _isatty
 .text._lseek   0x080024f6       0x1a ./Core/Src/syscalls.o
                0x080024f6                _lseek
 .text._sbrk    0x08002510       0x6c ./Core/Src/sysmem.o
                0x08002510                _sbrk
 .text.SystemInit
                0x0800257c       0x24 ./Core/Src/system_stm32g4xx.o
                0x0800257c                SystemInit
 .text.Reset_Handler
                0x080025a0       0x50 ./Core/Startup/startup_stm32g491retx.o
                0x080025a0                Reset_Handler
 .text.Default_Handler
                0x080025f0        0x2 ./Core/Startup/startup_stm32g491retx.o
                0x080025f0                TIM1_BRK_TIM15_IRQHandler
                0x080025f0                EXTI2_IRQHandler
                0x080025f0                TIM8_TRG_COM_IRQHandler
                0x080025f0                TIM8_CC_IRQHandler
                0x080025f0                TIM1_CC_IRQHandler
                0x080025f0                USB_HP_IRQHandler
                0x080025f0                CORDIC_IRQHandler
                0x080025f0                DMA2_Channel8_IRQHandler
                0x080025f0                EXTI3_IRQHandler
                0x080025f0                I2C3_ER_IRQHandler
                0x080025f0                EXTI0_IRQHandler
                0x080025f0                I2C2_EV_IRQHandler
                0x080025f0                FPU_IRQHandler
                0x080025f0                FDCAN1_IT1_IRQHandler
                0x080025f0                TIM1_UP_TIM16_IRQHandler
                0x080025f0                ADC1_2_IRQHandler
                0x080025f0                SPI1_IRQHandler
                0x080025f0                TIM6_DAC_IRQHandler
                0x080025f0                TIM8_UP_IRQHandler
                0x080025f0                DMA1_Channel4_IRQHandler
                0x080025f0                TIM20_TRG_COM_IRQHandler
                0x080025f0                USART3_IRQHandler
                0x080025f0                DMA1_Channel7_IRQHandler
                0x080025f0                UART5_IRQHandler
                0x080025f0                ADC3_IRQHandler
                0x080025f0                TIM4_IRQHandler
                0x080025f0                DMA2_Channel1_IRQHandler
                0x080025f0                QUADSPI_IRQHandler
                0x080025f0                I2C1_EV_IRQHandler
                0x080025f0                DMA1_Channel6_IRQHandler
                0x080025f0                UART4_IRQHandler
                0x080025f0                DMA2_Channel4_IRQHandler
                0x080025f0                TIM3_IRQHandler
                0x080025f0                RCC_IRQHandler
                0x080025f0                TIM20_UP_IRQHandler
                0x080025f0                Default_Handler
                0x080025f0                DMA2_Channel7_IRQHandler
                0x080025f0                RTC_TAMP_LSECSS_IRQHandler
                0x080025f0                FMAC_IRQHandler
                0x080025f0                EXTI15_10_IRQHandler
                0x080025f0                DMA1_Channel8_IRQHandler
                0x080025f0                TIM7_IRQHandler
                0x080025f0                UCPD1_IRQHandler
                0x080025f0                I2C3_EV_IRQHandler
                0x080025f0                EXTI9_5_IRQHandler
                0x080025f0                RTC_WKUP_IRQHandler
                0x080025f0                PVD_PVM_IRQHandler
                0x080025f0                SPI2_IRQHandler
                0x080025f0                DMA2_Channel5_IRQHandler
                0x080025f0                CRS_IRQHandler
                0x080025f0                DMA1_Channel5_IRQHandler
                0x080025f0                USB_LP_IRQHandler
                0x080025f0                EXTI4_IRQHandler
                0x080025f0                RNG_IRQHandler
                0x080025f0                TIM1_TRG_COM_TIM17_IRQHandler
                0x080025f0                FDCAN2_IT1_IRQHandler
                0x080025f0                DMA1_Channel3_IRQHandler
                0x080025f0                WWDG_IRQHandler
                0x080025f0                FDCAN2_IT0_IRQHandler
                0x080025f0                LPUART1_IRQHandler
                0x080025f0                DMA2_Channel6_IRQHandler
                0x080025f0                FDCAN1_IT0_IRQHandler
                0x080025f0                TIM2_IRQHandler
                0x080025f0                COMP1_2_3_IRQHandler
                0x080025f0                EXTI1_IRQHandler
                0x080025f0                USART2_IRQHandler
                0x080025f0                TIM20_BRK_IRQHandler
                0x080025f0                I2C2_ER_IRQHandler
                0x080025f0                TIM8_BRK_IRQHandler
                0x080025f0                FLASH_IRQHandler
                0x080025f0                TIM20_CC_IRQHandler
                0x080025f0                USART1_IRQHandler
                0x080025f0                SPI3_IRQHandler
                0x080025f0                I2C1_ER_IRQHandler
                0x080025f0                LPTIM1_IRQHandler
                0x080025f0                DMAMUX_OVR_IRQHandler
                0x080025f0                USBWakeUp_IRQHandler
                0x080025f0                SAI1_IRQHandler
                0x080025f0                COMP4_IRQHandler
                0x080025f0                RTC_Alarm_IRQHandler
 .text.HAL_Init
                0x080025f2       0x30 ./Drivers/STM32G4xx_HAL_Driver/Src/stm32g4xx_hal.o
                0x080025f2                HAL_Init
 *fill*         0x08002622        0x2 
 .text.HAL_InitTick
                0x08002624       0x74 ./Drivers/STM32G4xx_HAL_Driver/Src/stm32g4xx_hal.o
                0x08002624                HAL_InitTick
 .text.HAL_IncTick
                0x08002698       0x24 ./Drivers/STM32G4xx_HAL_Driver/Src/stm32g4xx_hal.o
                0x08002698                HAL_IncTick
 .text.HAL_GetTick
                0x080026bc       0x18 ./Drivers/STM32G4xx_HAL_Driver/Src/stm32g4xx_hal.o
                0x080026bc                HAL_GetTick
 .text.HAL_Delay
                0x080026d4       0x44 ./Drivers/STM32G4xx_HAL_Driver/Src/stm32g4xx_hal.o
                0x080026d4                HAL_Delay
 .text.LL_ADC_SetCommonClock
                0x08002718       0x26 ./Drivers/STM32G4xx_HAL_Driver/Src/stm32g4xx_hal_adc.o
 .text.LL_ADC_SetCommonPathInternalCh
                0x0800273e       0x26 ./Drivers/STM32G4xx_HAL_Driver/Src/stm32g4xx_hal_adc.o
 .text.LL_ADC_GetCommonPathInternalCh
                0x08002764       0x1c ./Drivers/STM32G4xx_HAL_Driver/Src/stm32g4xx_hal_adc.o
 .text.LL_ADC_SetOffset
                0x08002780       0x48 ./Drivers/STM32G4xx_HAL_Driver/Src/stm32g4xx_hal_adc.o
 .text.LL_ADC_GetOffsetChannel
                0x080027c8       0x2c ./Drivers/STM32G4xx_HAL_Driver/Src/stm32g4xx_hal_adc.o
 .text.LL_ADC_SetOffsetState
                0x080027f4       0x36 ./Drivers/STM32G4xx_HAL_Driver/Src/stm32g4xx_hal_adc.o
 .text.LL_ADC_SetOffsetSign
                0x0800282a       0x36 ./Drivers/STM32G4xx_HAL_Driver/Src/stm32g4xx_hal_adc.o
 .text.LL_ADC_SetOffsetSaturation
                0x08002860       0x36 ./Drivers/STM32G4xx_HAL_Driver/Src/stm32g4xx_hal_adc.o
 .text.LL_ADC_SetSamplingTimeCommonConfig
                0x08002896       0x26 ./Drivers/STM32G4xx_HAL_Driver/Src/stm32g4xx_hal_adc.o
 .text.LL_ADC_REG_IsTriggerSourceSWStart
                0x080028bc       0x26 ./Drivers/STM32G4xx_HAL_Driver/Src/stm32g4xx_hal_adc.o
 .text.LL_ADC_REG_SetSequencerRanks
                0x080028e2       0x58 ./Drivers/STM32G4xx_HAL_Driver/Src/stm32g4xx_hal_adc.o
 .text.LL_ADC_SetChannelSamplingTime
                0x0800293a       0x56 ./Drivers/STM32G4xx_HAL_Driver/Src/stm32g4xx_hal_adc.o
 .text.LL_ADC_SetChannelSingleDiff
                0x08002990       0x48 ./Drivers/STM32G4xx_HAL_Driver/Src/stm32g4xx_hal_adc.o
 .text.LL_ADC_GetMultimode
                0x080029d8       0x1c ./Drivers/STM32G4xx_HAL_Driver/Src/stm32g4xx_hal_adc.o
 .text.LL_ADC_DisableDeepPowerDown
                0x080029f4       0x24 ./Drivers/STM32G4xx_HAL_Driver/Src/stm32g4xx_hal_adc.o
 .text.LL_ADC_IsDeepPowerDownEnabled
                0x08002a18       0x28 ./Drivers/STM32G4xx_HAL_Driver/Src/stm32g4xx_hal_adc.o
 .text.LL_ADC_EnableInternalRegulator
                0x08002a40       0x28 ./Drivers/STM32G4xx_HAL_Driver/Src/stm32g4xx_hal_adc.o
 .text.LL_ADC_IsInternalRegulatorEnabled
                0x08002a68       0x28 ./Drivers/STM32G4xx_HAL_Driver/Src/stm32g4xx_hal_adc.o
 .text.LL_ADC_Enable
                0x08002a90       0x28 ./Drivers/STM32G4xx_HAL_Driver/Src/stm32g4xx_hal_adc.o
 .text.LL_ADC_IsEnabled
                0x08002ab8       0x26 ./Drivers/STM32G4xx_HAL_Driver/Src/stm32g4xx_hal_adc.o
 .text.LL_ADC_REG_StartConversion
                0x08002ade       0x28 ./Drivers/STM32G4xx_HAL_Driver/Src/stm32g4xx_hal_adc.o
 .text.LL_ADC_REG_IsConversionOngoing
                0x08002b06       0x26 ./Drivers/STM32G4xx_HAL_Driver/Src/stm32g4xx_hal_adc.o
 .text.LL_ADC_INJ_IsConversionOngoing
                0x08002b2c       0x26 ./Drivers/STM32G4xx_HAL_Driver/Src/stm32g4xx_hal_adc.o
 *fill*         0x08002b52        0x2 
 .text.HAL_ADC_Init
                0x08002b54      0x35c ./Drivers/STM32G4xx_HAL_Driver/Src/stm32g4xx_hal_adc.o
                0x08002b54                HAL_ADC_Init
 .text.HAL_ADC_Start_DMA
                0x08002eb0      0x194 ./Drivers/STM32G4xx_HAL_Driver/Src/stm32g4xx_hal_adc.o
                0x08002eb0                HAL_ADC_Start_DMA
 .text.HAL_ADC_ErrorCallback
                0x08003044       0x14 ./Drivers/STM32G4xx_HAL_Driver/Src/stm32g4xx_hal_adc.o
                0x08003044                HAL_ADC_ErrorCallback
 .text.HAL_ADC_ConfigChannel
                0x08003058      0x858 ./Drivers/STM32G4xx_HAL_Driver/Src/stm32g4xx_hal_adc.o
                0x08003058                HAL_ADC_ConfigChannel
 .text.ADC_Enable
                0x080038b0      0x12c ./Drivers/STM32G4xx_HAL_Driver/Src/stm32g4xx_hal_adc.o
                0x080038b0                ADC_Enable
 .text.ADC_DMAConvCplt
                0x080039dc       0xd8 ./Drivers/STM32G4xx_HAL_Driver/Src/stm32g4xx_hal_adc.o
                0x080039dc                ADC_DMAConvCplt
 .text.ADC_DMAHalfConvCplt
                0x08003ab4       0x1c ./Drivers/STM32G4xx_HAL_Driver/Src/stm32g4xx_hal_adc.o
                0x08003ab4                ADC_DMAHalfConvCplt
 .text.ADC_DMAError
                0x08003ad0       0x34 ./Drivers/STM32G4xx_HAL_Driver/Src/stm32g4xx_hal_adc.o
                0x08003ad0                ADC_DMAError
 .text.LL_ADC_IsEnabled
                0x08003b04       0x26 ./Drivers/STM32G4xx_HAL_Driver/Src/stm32g4xx_hal_adc_ex.o
 .text.LL_ADC_REG_IsConversionOngoing
                0x08003b2a       0x26 ./Drivers/STM32G4xx_HAL_Driver/Src/stm32g4xx_hal_adc_ex.o
 .text.HAL_ADCEx_MultiModeConfigChannel
                0x08003b50      0x1d0 ./Drivers/STM32G4xx_HAL_Driver/Src/stm32g4xx_hal_adc_ex.o
                0x08003b50                HAL_ADCEx_MultiModeConfigChannel
 .text.__NVIC_SetPriorityGrouping
                0x08003d20       0x48 ./Drivers/STM32G4xx_HAL_Driver/Src/stm32g4xx_hal_cortex.o
 .text.__NVIC_GetPriorityGrouping
                0x08003d68       0x1c ./Drivers/STM32G4xx_HAL_Driver/Src/stm32g4xx_hal_cortex.o
 .text.__NVIC_EnableIRQ
                0x08003d84       0x3c ./Drivers/STM32G4xx_HAL_Driver/Src/stm32g4xx_hal_cortex.o
 .text.__NVIC_SetPriority
                0x08003dc0       0x54 ./Drivers/STM32G4xx_HAL_Driver/Src/stm32g4xx_hal_cortex.o
 .text.NVIC_EncodePriority
                0x08003e14       0x66 ./Drivers/STM32G4xx_HAL_Driver/Src/stm32g4xx_hal_cortex.o
 *fill*         0x08003e7a        0x2 
 .text.SysTick_Config
                0x08003e7c       0x44 ./Drivers/STM32G4xx_HAL_Driver/Src/stm32g4xx_hal_cortex.o
 .text.HAL_NVIC_SetPriorityGrouping
                0x08003ec0       0x16 ./Drivers/STM32G4xx_HAL_Driver/Src/stm32g4xx_hal_cortex.o
                0x08003ec0                HAL_NVIC_SetPriorityGrouping
 .text.HAL_NVIC_SetPriority
                0x08003ed6       0x34 ./Drivers/STM32G4xx_HAL_Driver/Src/stm32g4xx_hal_cortex.o
                0x08003ed6                HAL_NVIC_SetPriority
 .text.HAL_NVIC_EnableIRQ
                0x08003f0a       0x1c ./Drivers/STM32G4xx_HAL_Driver/Src/stm32g4xx_hal_cortex.o
                0x08003f0a                HAL_NVIC_EnableIRQ
 .text.HAL_SYSTICK_Config
                0x08003f26       0x18 ./Drivers/STM32G4xx_HAL_Driver/Src/stm32g4xx_hal_cortex.o
                0x08003f26                HAL_SYSTICK_Config
 .text.HAL_DAC_Init
                0x08003f3e       0x44 ./Drivers/STM32G4xx_HAL_Driver/Src/stm32g4xx_hal_dac.o
                0x08003f3e                HAL_DAC_Init
 *fill*         0x08003f82        0x2 
 .text.HAL_DAC_Start_DMA
                0x08003f84      0x1a8 ./Drivers/STM32G4xx_HAL_Driver/Src/stm32g4xx_hal_dac.o
                0x08003f84                HAL_DAC_Start_DMA
 .text.HAL_DAC_ConvCpltCallbackCh1
                0x0800412c       0x14 ./Drivers/STM32G4xx_HAL_Driver/Src/stm32g4xx_hal_dac.o
                0x0800412c                HAL_DAC_ConvCpltCallbackCh1
 .text.HAL_DAC_ConvHalfCpltCallbackCh1
                0x08004140       0x14 ./Drivers/STM32G4xx_HAL_Driver/Src/stm32g4xx_hal_dac.o
                0x08004140                HAL_DAC_ConvHalfCpltCallbackCh1
 .text.HAL_DAC_ErrorCallbackCh1
                0x08004154       0x14 ./Drivers/STM32G4xx_HAL_Driver/Src/stm32g4xx_hal_dac.o
                0x08004154                HAL_DAC_ErrorCallbackCh1
 .text.HAL_DAC_ConfigChannel
                0x08004168      0x374 ./Drivers/STM32G4xx_HAL_Driver/Src/stm32g4xx_hal_dac.o
                0x08004168                HAL_DAC_ConfigChannel
 .text.DAC_DMAConvCpltCh1
                0x080044dc       0x22 ./Drivers/STM32G4xx_HAL_Driver/Src/stm32g4xx_hal_dac.o
                0x080044dc                DAC_DMAConvCpltCh1
 .text.DAC_DMAHalfConvCpltCh1
                0x080044fe       0x1c ./Drivers/STM32G4xx_HAL_Driver/Src/stm32g4xx_hal_dac.o
                0x080044fe                DAC_DMAHalfConvCpltCh1
 .text.DAC_DMAErrorCh1
                0x0800451a       0x2e ./Drivers/STM32G4xx_HAL_Driver/Src/stm32g4xx_hal_dac.o
                0x0800451a                DAC_DMAErrorCh1
 .text.HAL_DACEx_ConvCpltCallbackCh2
                0x08004548       0x14 ./Drivers/STM32G4xx_HAL_Driver/Src/stm32g4xx_hal_dac_ex.o
                0x08004548                HAL_DACEx_ConvCpltCallbackCh2
 .text.HAL_DACEx_ConvHalfCpltCallbackCh2
                0x0800455c       0x14 ./Drivers/STM32G4xx_HAL_Driver/Src/stm32g4xx_hal_dac_ex.o
                0x0800455c                HAL_DACEx_ConvHalfCpltCallbackCh2
 .text.HAL_DACEx_ErrorCallbackCh2
                0x08004570       0x14 ./Drivers/STM32G4xx_HAL_Driver/Src/stm32g4xx_hal_dac_ex.o
                0x08004570                HAL_DACEx_ErrorCallbackCh2
 .text.DAC_DMAConvCpltCh2
                0x08004584       0x22 ./Drivers/STM32G4xx_HAL_Driver/Src/stm32g4xx_hal_dac_ex.o
                0x08004584                DAC_DMAConvCpltCh2
 .text.DAC_DMAHalfConvCpltCh2
                0x080045a6       0x1c ./Drivers/STM32G4xx_HAL_Driver/Src/stm32g4xx_hal_dac_ex.o
                0x080045a6                DAC_DMAHalfConvCpltCh2
 .text.DAC_DMAErrorCh2
                0x080045c2       0x2e ./Drivers/STM32G4xx_HAL_Driver/Src/stm32g4xx_hal_dac_ex.o
                0x080045c2                DAC_DMAErrorCh2
 .text.HAL_DMA_Init
                0x080045f0      0x150 ./Drivers/STM32G4xx_HAL_Driver/Src/stm32g4xx_hal_dma.o
                0x080045f0                HAL_DMA_Init
 .text.HAL_DMA_Start_IT
                0x08004740       0xf6 ./Drivers/STM32G4xx_HAL_Driver/Src/stm32g4xx_hal_dma.o
                0x08004740                HAL_DMA_Start_IT
 .text.HAL_DMA_IRQHandler
                0x08004836      0x15e ./Drivers/STM32G4xx_HAL_Driver/Src/stm32g4xx_hal_dma.o
                0x08004836                HAL_DMA_IRQHandler
 .text.DMA_SetConfig
                0x08004994       0x7c ./Drivers/STM32G4xx_HAL_Driver/Src/stm32g4xx_hal_dma.o
 .text.DMA_CalcDMAMUXChannelBaseAndMask
                0x08004a10       0x7c ./Drivers/STM32G4xx_HAL_Driver/Src/stm32g4xx_hal_dma.o
 .text.DMA_CalcDMAMUXRequestGenBaseAndMask
                0x08004a8c       0x48 ./Drivers/STM32G4xx_HAL_Driver/Src/stm32g4xx_hal_dma.o
 .text.HAL_GPIO_Init
                0x08004ad4      0x304 ./Drivers/STM32G4xx_HAL_Driver/Src/stm32g4xx_hal_gpio.o
                0x08004ad4                HAL_GPIO_Init
 .text.HAL_GPIO_WritePin
                0x08004dd8       0x30 ./Drivers/STM32G4xx_HAL_Driver/Src/stm32g4xx_hal_gpio.o
                0x08004dd8                HAL_GPIO_WritePin
 .text.HAL_PWREx_ControlVoltageScaling
                0x08004e08      0x148 ./Drivers/STM32G4xx_HAL_Driver/Src/stm32g4xx_hal_pwr_ex.o
                0x08004e08                HAL_PWREx_ControlVoltageScaling
 .text.HAL_PWREx_DisableUCPDDeadBattery
                0x08004f50       0x20 ./Drivers/STM32G4xx_HAL_Driver/Src/stm32g4xx_hal_pwr_ex.o
                0x08004f50                HAL_PWREx_DisableUCPDDeadBattery
 .text.HAL_RCC_OscConfig
                0x08004f70      0x624 ./Drivers/STM32G4xx_HAL_Driver/Src/stm32g4xx_hal_rcc.o
                0x08004f70                HAL_RCC_OscConfig
 .text.HAL_RCC_ClockConfig
                0x08005594      0x278 ./Drivers/STM32G4xx_HAL_Driver/Src/stm32g4xx_hal_rcc.o
                0x08005594                HAL_RCC_ClockConfig
 .text.HAL_RCC_GetSysClockFreq
                0x0800580c       0xc4 ./Drivers/STM32G4xx_HAL_Driver/Src/stm32g4xx_hal_rcc.o
                0x0800580c                HAL_RCC_GetSysClockFreq
 .text.HAL_RCC_GetHCLKFreq
                0x080058d0       0x18 ./Drivers/STM32G4xx_HAL_Driver/Src/stm32g4xx_hal_rcc.o
                0x080058d0                HAL_RCC_GetHCLKFreq
 .text.HAL_RCC_GetPCLK1Freq
                0x080058e8       0x2c ./Drivers/STM32G4xx_HAL_Driver/Src/stm32g4xx_hal_rcc.o
                0x080058e8                HAL_RCC_GetPCLK1Freq
 .text.HAL_RCC_GetPCLK2Freq
                0x08005914       0x2c ./Drivers/STM32G4xx_HAL_Driver/Src/stm32g4xx_hal_rcc.o
                0x08005914                HAL_RCC_GetPCLK2Freq
 .text.RCC_GetSysClockFreqFromPLLSource
                0x08005940       0x8c ./Drivers/STM32G4xx_HAL_Driver/Src/stm32g4xx_hal_rcc.o
 .text.HAL_RCCEx_PeriphCLKConfig
                0x080059cc      0x478 ./Drivers/STM32G4xx_HAL_Driver/Src/stm32g4xx_hal_rcc_ex.o
                0x080059cc                HAL_RCCEx_PeriphCLKConfig
 .text.HAL_SPI_Init
                0x08005e44      0x156 ./Drivers/STM32G4xx_HAL_Driver/Src/stm32g4xx_hal_spi.o
                0x08005e44                HAL_SPI_Init
 .text.HAL_SPI_Transmit
                0x08005f9a      0x2ec ./Drivers/STM32G4xx_HAL_Driver/Src/stm32g4xx_hal_spi.o
                0x08005f9a                HAL_SPI_Transmit
 *fill*         0x08006286        0x2 
 .text.HAL_SPI_Transmit_DMA
                0x08006288      0x1dc ./Drivers/STM32G4xx_HAL_Driver/Src/stm32g4xx_hal_spi.o
                0x08006288                HAL_SPI_Transmit_DMA
 .text.HAL_SPI_TxCpltCallback
                0x08006464       0x14 ./Drivers/STM32G4xx_HAL_Driver/Src/stm32g4xx_hal_spi.o
                0x08006464                HAL_SPI_TxCpltCallback
 .text.HAL_SPI_TxHalfCpltCallback
                0x08006478       0x14 ./Drivers/STM32G4xx_HAL_Driver/Src/stm32g4xx_hal_spi.o
                0x08006478                HAL_SPI_TxHalfCpltCallback
 .text.HAL_SPI_ErrorCallback
                0x0800648c       0x14 ./Drivers/STM32G4xx_HAL_Driver/Src/stm32g4xx_hal_spi.o
                0x0800648c                HAL_SPI_ErrorCallback
 .text.SPI_DMATransmitCplt
                0x080064a0       0xa6 ./Drivers/STM32G4xx_HAL_Driver/Src/stm32g4xx_hal_spi.o
 .text.SPI_DMAHalfTransmitCplt
                0x08006546       0x1c ./Drivers/STM32G4xx_HAL_Driver/Src/stm32g4xx_hal_spi.o
 .text.SPI_DMAError
                0x08006562       0x40 ./Drivers/STM32G4xx_HAL_Driver/Src/stm32g4xx_hal_spi.o
 *fill*         0x080065a2        0x2 
 .text.SPI_WaitFlagStateUntilTimeout
                0x080065a4      0x110 ./Drivers/STM32G4xx_HAL_Driver/Src/stm32g4xx_hal_spi.o
 .text.SPI_WaitFifoStateUntilTimeout
                0x080066b4      0x12c ./Drivers/STM32G4xx_HAL_Driver/Src/stm32g4xx_hal_spi.o
 .text.SPI_EndRxTxTransaction
                0x080067e0       0x8c ./Drivers/STM32G4xx_HAL_Driver/Src/stm32g4xx_hal_spi.o
 .text.HAL_TIM_Base_Init
                0x0800686c       0xae ./Drivers/STM32G4xx_HAL_Driver/Src/stm32g4xx_hal_tim.o
                0x0800686c                HAL_TIM_Base_Init
 *fill*         0x0800691a        0x2 
 .text.HAL_TIM_Base_Start
                0x0800691c       0xd0 ./Drivers/STM32G4xx_HAL_Driver/Src/stm32g4xx_hal_tim.o
                0x0800691c                HAL_TIM_Base_Start
 .text.TIM_Base_SetConfig
                0x080069ec      0x154 ./Drivers/STM32G4xx_HAL_Driver/Src/stm32g4xx_hal_tim.o
                0x080069ec                TIM_Base_SetConfig
 .text.HAL_TIMEx_MasterConfigSynchronization
                0x08006b40      0x11c ./Drivers/STM32G4xx_HAL_Driver/Src/stm32g4xx_hal_tim_ex.o
                0x08006b40                HAL_TIMEx_MasterConfigSynchronization
 .text.HAL_UART_Init
                0x08006c5c       0xa0 ./Drivers/STM32G4xx_HAL_Driver/Src/stm32g4xx_hal_uart.o
                0x08006c5c                HAL_UART_Init
 .text.HAL_UART_MspInit
                0x08006cfc       0x14 ./Drivers/STM32G4xx_HAL_Driver/Src/stm32g4xx_hal_uart.o
                0x08006cfc                HAL_UART_MspInit
 .text.HAL_UART_Transmit
                0x08006d10      0x11c ./Drivers/STM32G4xx_HAL_Driver/Src/stm32g4xx_hal_uart.o
                0x08006d10                HAL_UART_Transmit
 .text.UART_SetConfig
                0x08006e2c      0x5f8 ./Drivers/STM32G4xx_HAL_Driver/Src/stm32g4xx_hal_uart.o
                0x08006e2c                UART_SetConfig
 .text.UART_AdvFeatureConfig
                0x08007424      0x144 ./Drivers/STM32G4xx_HAL_Driver/Src/stm32g4xx_hal_uart.o
                0x08007424                UART_AdvFeatureConfig
 .text.UART_CheckIdleState
                0x08007568      0x154 ./Drivers/STM32G4xx_HAL_Driver/Src/stm32g4xx_hal_uart.o
                0x08007568                UART_CheckIdleState
 .text.UART_WaitOnFlagUntilTimeout
                0x080076bc       0xda ./Drivers/STM32G4xx_HAL_Driver/Src/stm32g4xx_hal_uart.o
                0x080076bc                UART_WaitOnFlagUntilTimeout
 .text.UART_EndRxTransfer
                0x08007796       0xcc ./Drivers/STM32G4xx_HAL_Driver/Src/stm32g4xx_hal_uart.o
 *fill*         0x08007862        0x2 
 .text.arm_rfft_32_fast_init_f32
                0x08007864       0x34 /Users/enrique/Downloads/Senior-Design/firmware/Drivers/CMSIS/DSP_DRIVERS/Lib/GCC/libarm_cortexM4lf_math.a(arm_rfft_fast_init_f32.o)
                0x08007864                arm_rfft_32_fast_init_f32
 .text.arm_rfft_64_fast_init_f32
                0x08007898       0x34 /Users/enrique/Downloads/Senior-Design/firmware/Drivers/CMSIS/DSP_DRIVERS/Lib/GCC/libarm_cortexM4lf_math.a(arm_rfft_fast_init_f32.o)
                0x08007898                arm_rfft_64_fast_init_f32
 .text.arm_rfft_256_fast_init_f32
                0x080078cc       0x38 /Users/enrique/Downloads/Senior-Design/firmware/Drivers/CMSIS/DSP_DRIVERS/Lib/GCC/libarm_cortexM4lf_math.a(arm_rfft_fast_init_f32.o)
                0x080078cc                arm_rfft_256_fast_init_f32
 .text.arm_rfft_512_fast_init_f32
                0x08007904       0x3c /Users/enrique/Downloads/Senior-Design/firmware/Drivers/CMSIS/DSP_DRIVERS/Lib/GCC/libarm_cortexM4lf_math.a(arm_rfft_fast_init_f32.o)
                0x08007904                arm_rfft_512_fast_init_f32
 .text.arm_rfft_1024_fast_init_f32
                0x08007940       0x3c /Users/enrique/Downloads/Senior-Design/firmware/Drivers/CMSIS/DSP_DRIVERS/Lib/GCC/libarm_cortexM4lf_math.a(arm_rfft_fast_init_f32.o)
                0x08007940                arm_rfft_1024_fast_init_f32
 .text.arm_rfft_2048_fast_init_f32
                0x0800797c       0x3c /Users/enrique/Downloads/Senior-Design/firmware/Drivers/CMSIS/DSP_DRIVERS/Lib/GCC/libarm_cortexM4lf_math.a(arm_rfft_fast_init_f32.o)
                0x0800797c                arm_rfft_2048_fast_init_f32
 .text.arm_rfft_4096_fast_init_f32
                0x080079b8       0x3c /Users/enrique/Downloads/Senior-Design/firmware/Drivers/CMSIS/DSP_DRIVERS/Lib/GCC/libarm_cortexM4lf_math.a(arm_rfft_fast_init_f32.o)
                0x080079b8                arm_rfft_4096_fast_init_f32
 .text.arm_rfft_fast_init_f32
                0x080079f4       0x68 /Users/enrique/Downloads/Senior-Design/firmware/Drivers/CMSIS/DSP_DRIVERS/Lib/GCC/libarm_cortexM4lf_math.a(arm_rfft_fast_init_f32.o)
                0x080079f4                arm_rfft_fast_init_f32
 .text.stage_rfft_f32
                0x08007a5c       0xb4 /Users/enrique/Downloads/Senior-Design/firmware/Drivers/CMSIS/DSP_DRIVERS/Lib/GCC/libarm_cortexM4lf_math.a(arm_rfft_fast_f32.o)
                0x08007a5c                stage_rfft_f32
 .text.merge_rfft_f32
                0x08007b10       0xac /Users/enrique/Downloads/Senior-Design/firmware/Drivers/CMSIS/DSP_DRIVERS/Lib/GCC/libarm_cortexM4lf_math.a(arm_rfft_fast_f32.o)
                0x08007b10                merge_rfft_f32
 .text.arm_rfft_fast_f32
                0x08007bbc       0x40 /Users/enrique/Downloads/Senior-Design/firmware/Drivers/CMSIS/DSP_DRIVERS/Lib/GCC/libarm_cortexM4lf_math.a(arm_rfft_fast_f32.o)
                0x08007bbc                arm_rfft_fast_f32
 .text.arm_cfft_radix8by2_f32
                0x08007bfc      0x1a0 /Users/enrique/Downloads/Senior-Design/firmware/Drivers/CMSIS/DSP_DRIVERS/Lib/GCC/libarm_cortexM4lf_math.a(arm_cfft_f32.o)
                0x08007bfc                arm_cfft_radix8by2_f32
 .text.arm_cfft_radix8by4_f32
                0x08007d9c      0x4ac /Users/enrique/Downloads/Senior-Design/firmware/Drivers/CMSIS/DSP_DRIVERS/Lib/GCC/libarm_cortexM4lf_math.a(arm_cfft_f32.o)
                0x08007d9c                arm_cfft_radix8by4_f32
 .text.arm_cfft_f32
                0x08008248       0xf0 /Users/enrique/Downloads/Senior-Design/firmware/Drivers/CMSIS/DSP_DRIVERS/Lib/GCC/libarm_cortexM4lf_math.a(arm_cfft_f32.o)
                0x08008248                arm_cfft_f32
 .text.arm_bitreversal_32
                0x08008338       0x40 /Users/enrique/Downloads/Senior-Design/firmware/Drivers/CMSIS/DSP_DRIVERS/Lib/GCC/libarm_cortexM4lf_math.a(arm_bitreversal2.o)
                0x08008338                arm_bitreversal_32
 .text.arm_cmplx_mag_f32
                0x08008378      0x248 /Users/enrique/Downloads/Senior-Design/firmware/Drivers/CMSIS/DSP_DRIVERS/Lib/GCC/libarm_cortexM4lf_math.a(arm_cmplx_mag_f32.o)
                0x08008378                arm_cmplx_mag_f32
 .text.arm_radix8_butterfly_f32
                0x080085c0      0x580 /Users/enrique/Downloads/Senior-Design/firmware/Drivers/CMSIS/DSP_DRIVERS/Lib/GCC/libarm_cortexM4lf_math.a(arm_cfft_radix8_f32.o)
                0x080085c0                arm_radix8_butterfly_f32
 .text.__cvt    0x08008b40       0xca /Applications/STM32CubeIDE.app/Contents/Eclipse/plugins/com.st.stm32cube.ide.mcu.externaltools.gnu-tools-for-stm32.13.3.rel1.macos64_1.0.0.202411102158/tools/bin/../lib/gcc/arm-none-eabi/13.3.1/../../../../arm-none-eabi/lib/thumb/v7e-m+fp/hard/libc_nano.a(libc_a-nano-vfprintf_float.o)
                0x08008b40                __cvt
 .text.__exponent
                0x08008c0a       0x74 /Applications/STM32CubeIDE.app/Contents/Eclipse/plugins/com.st.stm32cube.ide.mcu.externaltools.gnu-tools-for-stm32.13.3.rel1.macos64_1.0.0.202411102158/tools/bin/../lib/gcc/arm-none-eabi/13.3.1/../../../../arm-none-eabi/lib/thumb/v7e-m+fp/hard/libc_nano.a(libc_a-nano-vfprintf_float.o)
                0x08008c0a                __exponent
 *fill*         0x08008c7e        0x2 
 .text._printf_float
                0x08008c80      0x454 /Applications/STM32CubeIDE.app/Contents/Eclipse/plugins/com.st.stm32cube.ide.mcu.externaltools.gnu-tools-for-stm32.13.3.rel1.macos64_1.0.0.202411102158/tools/bin/../lib/gcc/arm-none-eabi/13.3.1/../../../../arm-none-eabi/lib/thumb/v7e-m+fp/hard/libc_nano.a(libc_a-nano-vfprintf_float.o)
                0x08008c80                _printf_float
 .text._printf_common
                0x080090d4       0xda /Applications/STM32CubeIDE.app/Contents/Eclipse/plugins/com.st.stm32cube.ide.mcu.externaltools.gnu-tools-for-stm32.13.3.rel1.macos64_1.0.0.202411102158/tools/bin/../lib/gcc/arm-none-eabi/13.3.1/../../../../arm-none-eabi/lib/thumb/v7e-m+fp/hard/libc_nano.a(libc_a-nano-vfprintf_i.o)
                0x080090d4                _printf_common
 *fill*         0x080091ae        0x2 
 .text._printf_i
                0x080091b0      0x23c /Applications/STM32CubeIDE.app/Contents/Eclipse/plugins/com.st.stm32cube.ide.mcu.externaltools.gnu-tools-for-stm32.13.3.rel1.macos64_1.0.0.202411102158/tools/bin/../lib/gcc/arm-none-eabi/13.3.1/../../../../arm-none-eabi/lib/thumb/v7e-m+fp/hard/libc_nano.a(libc_a-nano-vfprintf_i.o)
                0x080091b0                _printf_i
 .text.std      0x080093ec       0x6c /Applications/STM32CubeIDE.app/Contents/Eclipse/plugins/com.st.stm32cube.ide.mcu.externaltools.gnu-tools-for-stm32.13.3.rel1.macos64_1.0.0.202411102158/tools/bin/../lib/gcc/arm-none-eabi/13.3.1/../../../../arm-none-eabi/lib/thumb/v7e-m+fp/hard/libc_nano.a(libc_a-findfp.o)
 .text.stdio_exit_handler
                0x08009458       0x18 /Applications/STM32CubeIDE.app/Contents/Eclipse/plugins/com.st.stm32cube.ide.mcu.externaltools.gnu-tools-for-stm32.13.3.rel1.macos64_1.0.0.202411102158/tools/bin/../lib/gcc/arm-none-eabi/13.3.1/../../../../arm-none-eabi/lib/thumb/v7e-m+fp/hard/libc_nano.a(libc_a-findfp.o)
 .text.cleanup_stdio
                0x08009470       0x40 /Applications/STM32CubeIDE.app/Contents/Eclipse/plugins/com.st.stm32cube.ide.mcu.externaltools.gnu-tools-for-stm32.13.3.rel1.macos64_1.0.0.202411102158/tools/bin/../lib/gcc/arm-none-eabi/13.3.1/../../../../arm-none-eabi/lib/thumb/v7e-m+fp/hard/libc_nano.a(libc_a-findfp.o)
 .text.global_stdio_init.part.0
                0x080094b0       0x3c /Applications/STM32CubeIDE.app/Contents/Eclipse/plugins/com.st.stm32cube.ide.mcu.externaltools.gnu-tools-for-stm32.13.3.rel1.macos64_1.0.0.202411102158/tools/bin/../lib/gcc/arm-none-eabi/13.3.1/../../../../arm-none-eabi/lib/thumb/v7e-m+fp/hard/libc_nano.a(libc_a-findfp.o)
 .text.__sfp_lock_acquire
                0x080094ec        0xc /Applications/STM32CubeIDE.app/Contents/Eclipse/plugins/com.st.stm32cube.ide.mcu.externaltools.gnu-tools-for-stm32.13.3.rel1.macos64_1.0.0.202411102158/tools/bin/../lib/gcc/arm-none-eabi/13.3.1/../../../../arm-none-eabi/lib/thumb/v7e-m+fp/hard/libc_nano.a(libc_a-findfp.o)
                0x080094ec                __sfp_lock_acquire
 .text.__sfp_lock_release
                0x080094f8        0xc /Applications/STM32CubeIDE.app/Contents/Eclipse/plugins/com.st.stm32cube.ide.mcu.externaltools.gnu-tools-for-stm32.13.3.rel1.macos64_1.0.0.202411102158/tools/bin/../lib/gcc/arm-none-eabi/13.3.1/../../../../arm-none-eabi/lib/thumb/v7e-m+fp/hard/libc_nano.a(libc_a-findfp.o)
                0x080094f8                __sfp_lock_release
 .text.__sinit  0x08009504       0x30 /Applications/STM32CubeIDE.app/Contents/Eclipse/plugins/com.st.stm32cube.ide.mcu.externaltools.gnu-tools-for-stm32.13.3.rel1.macos64_1.0.0.202411102158/tools/bin/../lib/gcc/arm-none-eabi/13.3.1/../../../../arm-none-eabi/lib/thumb/v7e-m+fp/hard/libc_nano.a(libc_a-findfp.o)
                0x08009504                __sinit
 .text._fwalk_sglue
                0x08009534       0x3c /Applications/STM32CubeIDE.app/Contents/Eclipse/plugins/com.st.stm32cube.ide.mcu.externaltools.gnu-tools-for-stm32.13.3.rel1.macos64_1.0.0.202411102158/tools/bin/../lib/gcc/arm-none-eabi/13.3.1/../../../../arm-none-eabi/lib/thumb/v7e-m+fp/hard/libc_nano.a(libc_a-fwalk.o)
                0x08009534                _fwalk_sglue
 .text._puts_r  0x08009570       0xaa /Applications/STM32CubeIDE.app/Contents/Eclipse/plugins/com.st.stm32cube.ide.mcu.externaltools.gnu-tools-for-stm32.13.3.rel1.macos64_1.0.0.202411102158/tools/bin/../lib/gcc/arm-none-eabi/13.3.1/../../../../arm-none-eabi/lib/thumb/v7e-m+fp/hard/libc_nano.a(libc_a-puts.o)
                0x08009570                _puts_r
 *fill*         0x0800961a        0x2 
 .text.puts     0x0800961c       0x10 /Applications/STM32CubeIDE.app/Contents/Eclipse/plugins/com.st.stm32cube.ide.mcu.externaltools.gnu-tools-for-stm32.13.3.rel1.macos64_1.0.0.202411102158/tools/bin/../lib/gcc/arm-none-eabi/13.3.1/../../../../arm-none-eabi/lib/thumb/v7e-m+fp/hard/libc_nano.a(libc_a-puts.o)
                0x0800961c                puts
 .text.memset   0x0800962c       0x10 /Applications/STM32CubeIDE.app/Contents/Eclipse/plugins/com.st.stm32cube.ide.mcu.externaltools.gnu-tools-for-stm32.13.3.rel1.macos64_1.0.0.202411102158/tools/bin/../lib/gcc/arm-none-eabi/13.3.1/../../../../arm-none-eabi/lib/thumb/v7e-m+fp/hard/libc_nano.a(libc_a-memset.o)
                0x0800962c                memset
 .text.__errno  0x0800963c        0xc /Applications/STM32CubeIDE.app/Contents/Eclipse/plugins/com.st.stm32cube.ide.mcu.externaltools.gnu-tools-for-stm32.13.3.rel1.macos64_1.0.0.202411102158/tools/bin/../lib/gcc/arm-none-eabi/13.3.1/../../../../arm-none-eabi/lib/thumb/v7e-m+fp/hard/libc_nano.a(libc_a-errno.o)
                0x0800963c                __errno
 .text.__libc_init_array
                0x08009648       0x48 /Applications/STM32CubeIDE.app/Contents/Eclipse/plugins/com.st.stm32cube.ide.mcu.externaltools.gnu-tools-for-stm32.13.3.rel1.macos64_1.0.0.202411102158/tools/bin/../lib/gcc/arm-none-eabi/13.3.1/../../../../arm-none-eabi/lib/thumb/v7e-m+fp/hard/libc_nano.a(libc_a-init.o)
                0x08009648                __libc_init_array
 .text.__retarget_lock_init_recursive
                0x08009690        0x2 /Applications/STM32CubeIDE.app/Contents/Eclipse/plugins/com.st.stm32cube.ide.mcu.externaltools.gnu-tools-for-stm32.13.3.rel1.macos64_1.0.0.202411102158/tools/bin/../lib/gcc/arm-none-eabi/13.3.1/../../../../arm-none-eabi/lib/thumb/v7e-m+fp/hard/libc_nano.a(libc_a-lock.o)
                0x08009690                __retarget_lock_init_recursive
 .text.__retarget_lock_acquire_recursive
                0x08009692        0x2 /Applications/STM32CubeIDE.app/Contents/Eclipse/plugins/com.st.stm32cube.ide.mcu.externaltools.gnu-tools-for-stm32.13.3.rel1.macos64_1.0.0.202411102158/tools/bin/../lib/gcc/arm-none-eabi/13.3.1/../../../../arm-none-eabi/lib/thumb/v7e-m+fp/hard/libc_nano.a(libc_a-lock.o)
                0x08009692                __retarget_lock_acquire_recursive
 .text.__retarget_lock_release_recursive
                0x08009694        0x2 /Applications/STM32CubeIDE.app/Contents/Eclipse/plugins/com.st.stm32cube.ide.mcu.externaltools.gnu-tools-for-stm32.13.3.rel1.macos64_1.0.0.202411102158/tools/bin/../lib/gcc/arm-none-eabi/13.3.1/../../../../arm-none-eabi/lib/thumb/v7e-m+fp/hard/libc_nano.a(libc_a-lock.o)
                0x08009694                __retarget_lock_release_recursive
 *fill*         0x08009696        0x2 
 .text._localeconv_r
                0x08009698        0x8 /Applications/STM32CubeIDE.app/Contents/Eclipse/plugins/com.st.stm32cube.ide.mcu.externaltools.gnu-tools-for-stm32.13.3.rel1.macos64_1.0.0.202411102158/tools/bin/../lib/gcc/arm-none-eabi/13.3.1/../../../../arm-none-eabi/lib/thumb/v7e-m+fp/hard/libc_nano.a(libc_a-localeconv.o)
                0x08009698                _localeconv_r
 .text.quorem   0x080096a0      0x110 /Applications/STM32CubeIDE.app/Contents/Eclipse/plugins/com.st.stm32cube.ide.mcu.externaltools.gnu-tools-for-stm32.13.3.rel1.macos64_1.0.0.202411102158/tools/bin/../lib/gcc/arm-none-eabi/13.3.1/../../../../arm-none-eabi/lib/thumb/v7e-m+fp/hard/libc_nano.a(libc_a-dtoa.o)
 .text._dtoa_r  0x080097b0      0xba0 /Applications/STM32CubeIDE.app/Contents/Eclipse/plugins/com.st.stm32cube.ide.mcu.externaltools.gnu-tools-for-stm32.13.3.rel1.macos64_1.0.0.202411102158/tools/bin/../lib/gcc/arm-none-eabi/13.3.1/../../../../arm-none-eabi/lib/thumb/v7e-m+fp/hard/libc_nano.a(libc_a-dtoa.o)
                0x080097b0                _dtoa_r
 .text.malloc   0x0800a350       0x10 /Applications/STM32CubeIDE.app/Contents/Eclipse/plugins/com.st.stm32cube.ide.mcu.externaltools.gnu-tools-for-stm32.13.3.rel1.macos64_1.0.0.202411102158/tools/bin/../lib/gcc/arm-none-eabi/13.3.1/../../../../arm-none-eabi/lib/thumb/v7e-m+fp/hard/libc_nano.a(libc_a-malloc.o)
                0x0800a350                malloc
 .text.sbrk_aligned
                0x0800a360       0x44 /Applications/STM32CubeIDE.app/Contents/Eclipse/plugins/com.st.stm32cube.ide.mcu.externaltools.gnu-tools-for-stm32.13.3.rel1.macos64_1.0.0.202411102158/tools/bin/../lib/gcc/arm-none-eabi/13.3.1/../../../../arm-none-eabi/lib/thumb/v7e-m+fp/hard/libc_nano.a(libc_a-mallocr.o)
 .text._malloc_r
                0x0800a3a4      0x100 /Applications/STM32CubeIDE.app/Contents/Eclipse/plugins/com.st.stm32cube.ide.mcu.externaltools.gnu-tools-for-stm32.13.3.rel1.macos64_1.0.0.202411102158/tools/bin/../lib/gcc/arm-none-eabi/13.3.1/../../../../arm-none-eabi/lib/thumb/v7e-m+fp/hard/libc_nano.a(libc_a-mallocr.o)
                0x0800a3a4                _malloc_r
 .text.__sflush_r
                0x0800a4a4      0x108 /Applications/STM32CubeIDE.app/Contents/Eclipse/plugins/com.st.stm32cube.ide.mcu.externaltools.gnu-tools-for-stm32.13.3.rel1.macos64_1.0.0.202411102158/tools/bin/../lib/gcc/arm-none-eabi/13.3.1/../../../../arm-none-eabi/lib/thumb/v7e-m+fp/hard/libc_nano.a(libc_a-fflush.o)
                0x0800a4a4                __sflush_r
 .text._fflush_r
                0x0800a5ac       0x50 /Applications/STM32CubeIDE.app/Contents/Eclipse/plugins/com.st.stm32cube.ide.mcu.externaltools.gnu-tools-for-stm32.13.3.rel1.macos64_1.0.0.202411102158/tools/bin/../lib/gcc/arm-none-eabi/13.3.1/../../../../arm-none-eabi/lib/thumb/v7e-m+fp/hard/libc_nano.a(libc_a-fflush.o)
                0x0800a5ac                _fflush_r
 .text.__malloc_lock
                0x0800a5fc        0xc /Applications/STM32CubeIDE.app/Contents/Eclipse/plugins/com.st.stm32cube.ide.mcu.externaltools.gnu-tools-for-stm32.13.3.rel1.macos64_1.0.0.202411102158/tools/bin/../lib/gcc/arm-none-eabi/13.3.1/../../../../arm-none-eabi/lib/thumb/v7e-m+fp/hard/libc_nano.a(libc_a-mlock.o)
                0x0800a5fc                __malloc_lock
 .text.__malloc_unlock
                0x0800a608        0xc /Applications/STM32CubeIDE.app/Contents/Eclipse/plugins/com.st.stm32cube.ide.mcu.externaltools.gnu-tools-for-stm32.13.3.rel1.macos64_1.0.0.202411102158/tools/bin/../lib/gcc/arm-none-eabi/13.3.1/../../../../arm-none-eabi/lib/thumb/v7e-m+fp/hard/libc_nano.a(libc_a-mlock.o)
                0x0800a608                __malloc_unlock
 .text._Balloc  0x0800a614       0x80 /Applications/STM32CubeIDE.app/Contents/Eclipse/plugins/com.st.stm32cube.ide.mcu.externaltools.gnu-tools-for-stm32.13.3.rel1.macos64_1.0.0.202411102158/tools/bin/../lib/gcc/arm-none-eabi/13.3.1/../../../../arm-none-eabi/lib/thumb/v7e-m+fp/hard/libc_nano.a(libc_a-mprec.o)
                0x0800a614                _Balloc
 .text._Bfree   0x0800a694       0x44 /Applications/STM32CubeIDE.app/Contents/Eclipse/plugins/com.st.stm32cube.ide.mcu.externaltools.gnu-tools-for-stm32.13.3.rel1.macos64_1.0.0.202411102158/tools/bin/../lib/gcc/arm-none-eabi/13.3.1/../../../../arm-none-eabi/lib/thumb/v7e-m+fp/hard/libc_nano.a(libc_a-mprec.o)
                0x0800a694                _Bfree
 .text.__multadd
                0x0800a6d8       0x8c /Applications/STM32CubeIDE.app/Contents/Eclipse/plugins/com.st.stm32cube.ide.mcu.externaltools.gnu-tools-for-stm32.13.3.rel1.macos64_1.0.0.202411102158/tools/bin/../lib/gcc/arm-none-eabi/13.3.1/../../../../arm-none-eabi/lib/thumb/v7e-m+fp/hard/libc_nano.a(libc_a-mprec.o)
                0x0800a6d8                __multadd
 .text.__hi0bits
                0x0800a764       0x3e /Applications/STM32CubeIDE.app/Contents/Eclipse/plugins/com.st.stm32cube.ide.mcu.externaltools.gnu-tools-for-stm32.13.3.rel1.macos64_1.0.0.202411102158/tools/bin/../lib/gcc/arm-none-eabi/13.3.1/../../../../arm-none-eabi/lib/thumb/v7e-m+fp/hard/libc_nano.a(libc_a-mprec.o)
                0x0800a764                __hi0bits
 .text.__lo0bits
                0x0800a7a2       0x5a /Applications/STM32CubeIDE.app/Contents/Eclipse/plugins/com.st.stm32cube.ide.mcu.externaltools.gnu-tools-for-stm32.13.3.rel1.macos64_1.0.0.202411102158/tools/bin/../lib/gcc/arm-none-eabi/13.3.1/../../../../arm-none-eabi/lib/thumb/v7e-m+fp/hard/libc_nano.a(libc_a-mprec.o)
                0x0800a7a2                __lo0bits
 .text.__i2b    0x0800a7fc       0x2c /Applications/STM32CubeIDE.app/Contents/Eclipse/plugins/com.st.stm32cube.ide.mcu.externaltools.gnu-tools-for-stm32.13.3.rel1.macos64_1.0.0.202411102158/tools/bin/../lib/gcc/arm-none-eabi/13.3.1/../../../../arm-none-eabi/lib/thumb/v7e-m+fp/hard/libc_nano.a(libc_a-mprec.o)
                0x0800a7fc                __i2b
 .text.__multiply
                0x0800a828      0x144 /Applications/STM32CubeIDE.app/Contents/Eclipse/plugins/com.st.stm32cube.ide.mcu.externaltools.gnu-tools-for-stm32.13.3.rel1.macos64_1.0.0.202411102158/tools/bin/../lib/gcc/arm-none-eabi/13.3.1/../../../../arm-none-eabi/lib/thumb/v7e-m+fp/hard/libc_nano.a(libc_a-mprec.o)
                0x0800a828                __multiply
 .text.__pow5mult
                0x0800a96c       0xb4 /Applications/STM32CubeIDE.app/Contents/Eclipse/plugins/com.st.stm32cube.ide.mcu.externaltools.gnu-tools-for-stm32.13.3.rel1.macos64_1.0.0.202411102158/tools/bin/../lib/gcc/arm-none-eabi/13.3.1/../../../../arm-none-eabi/lib/thumb/v7e-m+fp/hard/libc_nano.a(libc_a-mprec.o)
                0x0800a96c                __pow5mult
 .text.__lshift
                0x0800aa20       0xd8 /Applications/STM32CubeIDE.app/Contents/Eclipse/plugins/com.st.stm32cube.ide.mcu.externaltools.gnu-tools-for-stm32.13.3.rel1.macos64_1.0.0.202411102158/tools/bin/../lib/gcc/arm-none-eabi/13.3.1/../../../../arm-none-eabi/lib/thumb/v7e-m+fp/hard/libc_nano.a(libc_a-mprec.o)
                0x0800aa20                __lshift
 .text.__mcmp   0x0800aaf8       0x36 /Applications/STM32CubeIDE.app/Contents/Eclipse/plugins/com.st.stm32cube.ide.mcu.externaltools.gnu-tools-for-stm32.13.3.rel1.macos64_1.0.0.202411102158/tools/bin/../lib/gcc/arm-none-eabi/13.3.1/../../../../arm-none-eabi/lib/thumb/v7e-m+fp/hard/libc_nano.a(libc_a-mprec.o)
                0x0800aaf8                __mcmp
 *fill*         0x0800ab2e        0x2 
 .text.__mdiff  0x0800ab30      0x128 /Applications/STM32CubeIDE.app/Contents/Eclipse/plugins/com.st.stm32cube.ide.mcu.externaltools.gnu-tools-for-stm32.13.3.rel1.macos64_1.0.0.202411102158/tools/bin/../lib/gcc/arm-none-eabi/13.3.1/../../../../arm-none-eabi/lib/thumb/v7e-m+fp/hard/libc_nano.a(libc_a-mprec.o)
                0x0800ab30                __mdiff
 .text.__d2b    0x0800ac58       0xb0 /Applications/STM32CubeIDE.app/Contents/Eclipse/plugins/com.st.stm32cube.ide.mcu.externaltools.gnu-tools-for-stm32.13.3.rel1.macos64_1.0.0.202411102158/tools/bin/../lib/gcc/arm-none-eabi/13.3.1/../../../../arm-none-eabi/lib/thumb/v7e-m+fp/hard/libc_nano.a(libc_a-mprec.o)
                0x0800ac58                __d2b
 .text.__sread  0x0800ad08       0x22 /Applications/STM32CubeIDE.app/Contents/Eclipse/plugins/com.st.stm32cube.ide.mcu.externaltools.gnu-tools-for-stm32.13.3.rel1.macos64_1.0.0.202411102158/tools/bin/../lib/gcc/arm-none-eabi/13.3.1/../../../../arm-none-eabi/lib/thumb/v7e-m+fp/hard/libc_nano.a(libc_a-stdio.o)
                0x0800ad08                __sread
 .text.__swrite
                0x0800ad2a       0x38 /Applications/STM32CubeIDE.app/Contents/Eclipse/plugins/com.st.stm32cube.ide.mcu.externaltools.gnu-tools-for-stm32.13.3.rel1.macos64_1.0.0.202411102158/tools/bin/../lib/gcc/arm-none-eabi/13.3.1/../../../../arm-none-eabi/lib/thumb/v7e-m+fp/hard/libc_nano.a(libc_a-stdio.o)
                0x0800ad2a                __swrite
 .text.__sseek  0x0800ad62       0x24 /Applications/STM32CubeIDE.app/Contents/Eclipse/plugins/com.st.stm32cube.ide.mcu.externaltools.gnu-tools-for-stm32.13.3.rel1.macos64_1.0.0.202411102158/tools/bin/../lib/gcc/arm-none-eabi/13.3.1/../../../../arm-none-eabi/lib/thumb/v7e-m+fp/hard/libc_nano.a(libc_a-stdio.o)
                0x0800ad62                __sseek
 .text.__sclose
                0x0800ad86        0x8 /Applications/STM32CubeIDE.app/Contents/Eclipse/plugins/com.st.stm32cube.ide.mcu.externaltools.gnu-tools-for-stm32.13.3.rel1.macos64_1.0.0.202411102158/tools/bin/../lib/gcc/arm-none-eabi/13.3.1/../../../../arm-none-eabi/lib/thumb/v7e-m+fp/hard/libc_nano.a(libc_a-stdio.o)
                0x0800ad86                __sclose
 .text.__swbuf_r
                0x0800ad8e       0x7c /Applications/STM32CubeIDE.app/Contents/Eclipse/plugins/com.st.stm32cube.ide.mcu.externaltools.gnu-tools-for-stm32.13.3.rel1.macos64_1.0.0.202411102158/tools/bin/../lib/gcc/arm-none-eabi/13.3.1/../../../../arm-none-eabi/lib/thumb/v7e-m+fp/hard/libc_nano.a(libc_a-wbuf.o)
                0x0800ad8e                __swbuf_r
 *fill*         0x0800ae0a        0x2 
 .text.__swsetup_r
                0x0800ae0c       0xac /Applications/STM32CubeIDE.app/Contents/Eclipse/plugins/com.st.stm32cube.ide.mcu.externaltools.gnu-tools-for-stm32.13.3.rel1.macos64_1.0.0.202411102158/tools/bin/../lib/gcc/arm-none-eabi/13.3.1/../../../../arm-none-eabi/lib/thumb/v7e-m+fp/hard/libc_nano.a(libc_a-wsetup.o)
                0x0800ae0c                __swsetup_r
 .text.__swhatbuf_r
                0x0800aeb8       0x4c /Applications/STM32CubeIDE.app/Contents/Eclipse/plugins/com.st.stm32cube.ide.mcu.externaltools.gnu-tools-for-stm32.13.3.rel1.macos64_1.0.0.202411102158/tools/bin/../lib/gcc/arm-none-eabi/13.3.1/../../../../arm-none-eabi/lib/thumb/v7e-m+fp/hard/libc_nano.a(libc_a-makebuf.o)
                0x0800aeb8                __swhatbuf_r
 .text.__smakebuf_r
                0x0800af04       0x78 /Applications/STM32CubeIDE.app/Contents/Eclipse/plugins/com.st.stm32cube.ide.mcu.externaltools.gnu-tools-for-stm32.13.3.rel1.macos64_1.0.0.202411102158/tools/bin/../lib/gcc/arm-none-eabi/13.3.1/../../../../arm-none-eabi/lib/thumb/v7e-m+fp/hard/libc_nano.a(libc_a-makebuf.o)
                0x0800af04                __smakebuf_r
 .text._isatty_r
                0x0800af7c       0x20 /Applications/STM32CubeIDE.app/Contents/Eclipse/plugins/com.st.stm32cube.ide.mcu.externaltools.gnu-tools-for-stm32.13.3.rel1.macos64_1.0.0.202411102158/tools/bin/../lib/gcc/arm-none-eabi/13.3.1/../../../../arm-none-eabi/lib/thumb/v7e-m+fp/hard/libc_nano.a(libc_a-isattyr.o)
                0x0800af7c                _isatty_r
 .text._lseek_r
                0x0800af9c       0x24 /Applications/STM32CubeIDE.app/Contents/Eclipse/plugins/com.st.stm32cube.ide.mcu.externaltools.gnu-tools-for-stm32.13.3.rel1.macos64_1.0.0.202411102158/tools/bin/../lib/gcc/arm-none-eabi/13.3.1/../../../../arm-none-eabi/lib/thumb/v7e-m+fp/hard/libc_nano.a(libc_a-lseekr.o)
                0x0800af9c                _lseek_r
 .text._read_r  0x0800afc0       0x24 /Applications/STM32CubeIDE.app/Contents/Eclipse/plugins/com.st.stm32cube.ide.mcu.externaltools.gnu-tools-for-stm32.13.3.rel1.macos64_1.0.0.202411102158/tools/bin/../lib/gcc/arm-none-eabi/13.3.1/../../../../arm-none-eabi/lib/thumb/v7e-m+fp/hard/libc_nano.a(libc_a-readr.o)
                0x0800afc0                _read_r
 .text._sbrk_r  0x0800afe4       0x20 /Applications/STM32CubeIDE.app/Contents/Eclipse/plugins/com.st.stm32cube.ide.mcu.externaltools.gnu-tools-for-stm32.13.3.rel1.macos64_1.0.0.202411102158/tools/bin/../lib/gcc/arm-none-eabi/13.3.1/../../../../arm-none-eabi/lib/thumb/v7e-m+fp/hard/libc_nano.a(libc_a-sbrkr.o)
                0x0800afe4                _sbrk_r
 .text._write_r
                0x0800b004       0x24 /Applications/STM32CubeIDE.app/Contents/Eclipse/plugins/com.st.stm32cube.ide.mcu.externaltools.gnu-tools-for-stm32.13.3.rel1.macos64_1.0.0.202411102158/tools/bin/../lib/gcc/arm-none-eabi/13.3.1/../../../../arm-none-eabi/lib/thumb/v7e-m+fp/hard/libc_nano.a(libc_a-writer.o)
                0x0800b004                _write_r
 .text._close_r
                0x0800b028       0x20 /Applications/STM32CubeIDE.app/Contents/Eclipse/plugins/com.st.stm32cube.ide.mcu.externaltools.gnu-tools-for-stm32.13.3.rel1.macos64_1.0.0.202411102158/tools/bin/../lib/gcc/arm-none-eabi/13.3.1/../../../../arm-none-eabi/lib/thumb/v7e-m+fp/hard/libc_nano.a(libc_a-closer.o)
                0x0800b028                _close_r
 .text._fstat_r
                0x0800b048       0x24 /Applications/STM32CubeIDE.app/Contents/Eclipse/plugins/com.st.stm32cube.ide.mcu.externaltools.gnu-tools-for-stm32.13.3.rel1.macos64_1.0.0.202411102158/tools/bin/../lib/gcc/arm-none-eabi/13.3.1/../../../../arm-none-eabi/lib/thumb/v7e-m+fp/hard/libc_nano.a(libc_a-fstatr.o)
                0x0800b048                _fstat_r
 .text.memcpy   0x0800b06c       0x1c /Applications/STM32CubeIDE.app/Contents/Eclipse/plugins/com.st.stm32cube.ide.mcu.externaltools.gnu-tools-for-stm32.13.3.rel1.macos64_1.0.0.202411102158/tools/bin/../lib/gcc/arm-none-eabi/13.3.1/../../../../arm-none-eabi/lib/thumb/v7e-m+fp/hard/libc_nano.a(libc_a-memcpy-stub.o)
                0x0800b06c                memcpy
 .text.__assert_func
                0x0800b088       0x3c /Applications/STM32CubeIDE.app/Contents/Eclipse/plugins/com.st.stm32cube.ide.mcu.externaltools.gnu-tools-for-stm32.13.3.rel1.macos64_1.0.0.202411102158/tools/bin/../lib/gcc/arm-none-eabi/13.3.1/../../../../arm-none-eabi/lib/thumb/v7e-m+fp/hard/libc_nano.a(libc_a-assert.o)
                0x0800b088                __assert_func
 .text._calloc_r
                0x0800b0c4       0x28 /Applications/STM32CubeIDE.app/Contents/Eclipse/plugins/com.st.stm32cube.ide.mcu.externaltools.gnu-tools-for-stm32.13.3.rel1.macos64_1.0.0.202411102158/tools/bin/../lib/gcc/arm-none-eabi/13.3.1/../../../../arm-none-eabi/lib/thumb/v7e-m+fp/hard/libc_nano.a(libc_a-callocr.o)
                0x0800b0c4                _calloc_r
 .text._free_r  0x0800b0ec       0x94 /Applications/STM32CubeIDE.app/Contents/Eclipse/plugins/com.st.stm32cube.ide.mcu.externaltools.gnu-tools-for-stm32.13.3.rel1.macos64_1.0.0.202411102158/tools/bin/../lib/gcc/arm-none-eabi/13.3.1/../../../../arm-none-eabi/lib/thumb/v7e-m+fp/hard/libc_nano.a(libc_a-freer.o)
                0x0800b0ec                _free_r
 .text.__ascii_mbtowc
                0x0800b180       0x24 /Applications/STM32CubeIDE.app/Contents/Eclipse/plugins/com.st.stm32cube.ide.mcu.externaltools.gnu-tools-for-stm32.13.3.rel1.macos64_1.0.0.202411102158/tools/bin/../lib/gcc/arm-none-eabi/13.3.1/../../../../arm-none-eabi/lib/thumb/v7e-m+fp/hard/libc_nano.a(libc_a-mbtowc_r.o)
                0x0800b180                __ascii_mbtowc
 .text.fprintf  0x0800b1a4       0x24 /Applications/STM32CubeIDE.app/Contents/Eclipse/plugins/com.st.stm32cube.ide.mcu.externaltools.gnu-tools-for-stm32.13.3.rel1.macos64_1.0.0.202411102158/tools/bin/../lib/gcc/arm-none-eabi/13.3.1/../../../../arm-none-eabi/lib/thumb/v7e-m+fp/hard/libc_nano.a(libc_a-fprintf.o)
                0x0800b1a4                fprintf
                0x0800b1a4                fiprintf
 .text.__ascii_wctomb
                0x0800b1c8       0x1a /Applications/STM32CubeIDE.app/Contents/Eclipse/plugins/com.st.stm32cube.ide.mcu.externaltools.gnu-tools-for-stm32.13.3.rel1.macos64_1.0.0.202411102158/tools/bin/../lib/gcc/arm-none-eabi/13.3.1/../../../../arm-none-eabi/lib/thumb/v7e-m+fp/hard/libc_nano.a(libc_a-wctomb_r.o)
                0x0800b1c8                __ascii_wctomb
 .text.abort    0x0800b1e2        0xe /Applications/STM32CubeIDE.app/Contents/Eclipse/plugins/com.st.stm32cube.ide.mcu.externaltools.gnu-tools-for-stm32.13.3.rel1.macos64_1.0.0.202411102158/tools/bin/../lib/gcc/arm-none-eabi/13.3.1/../../../../arm-none-eabi/lib/thumb/v7e-m+fp/hard/libc_nano.a(libc_a-abort.o)
                0x0800b1e2                abort
 .text.__sfputc_r
                0x0800b1f0       0x2e /Applications/STM32CubeIDE.app/Contents/Eclipse/plugins/com.st.stm32cube.ide.mcu.externaltools.gnu-tools-for-stm32.13.3.rel1.macos64_1.0.0.202411102158/tools/bin/../lib/gcc/arm-none-eabi/13.3.1/../../../../arm-none-eabi/lib/thumb/v7e-m+fp/hard/libc_nano.a(libc_a-nano-vfprintf.o)
 .text.__sfputs_r
                0x0800b21e       0x24 /Applications/STM32CubeIDE.app/Contents/Eclipse/plugins/com.st.stm32cube.ide.mcu.externaltools.gnu-tools-for-stm32.13.3.rel1.macos64_1.0.0.202411102158/tools/bin/../lib/gcc/arm-none-eabi/13.3.1/../../../../arm-none-eabi/lib/thumb/v7e-m+fp/hard/libc_nano.a(libc_a-nano-vfprintf.o)
                0x0800b21e                __sfputs_r
 *fill*         0x0800b242        0x2 
 .text._vfprintf_r
                0x0800b244      0x230 /Applications/STM32CubeIDE.app/Contents/Eclipse/plugins/com.st.stm32cube.ide.mcu.externaltools.gnu-tools-for-stm32.13.3.rel1.macos64_1.0.0.202411102158/tools/bin/../lib/gcc/arm-none-eabi/13.3.1/../../../../arm-none-eabi/lib/thumb/v7e-m+fp/hard/libc_nano.a(libc_a-nano-vfprintf.o)
                0x0800b244                _vfiprintf_r
                0x0800b244                _vfprintf_r
 .text._raise_r
                0x0800b474       0x50 /Applications/STM32CubeIDE.app/Contents/Eclipse/plugins/com.st.stm32cube.ide.mcu.externaltools.gnu-tools-for-stm32.13.3.rel1.macos64_1.0.0.202411102158/tools/bin/../lib/gcc/arm-none-eabi/13.3.1/../../../../arm-none-eabi/lib/thumb/v7e-m+fp/hard/libc_nano.a(libc_a-signal.o)
                0x0800b474                _raise_r
 .text.raise    0x0800b4c4       0x10 /Applications/STM32CubeIDE.app/Contents/Eclipse/plugins/com.st.stm32cube.ide.mcu.externaltools.gnu-tools-for-stm32.13.3.rel1.macos64_1.0.0.202411102158/tools/bin/../lib/gcc/arm-none-eabi/13.3.1/../../../../arm-none-eabi/lib/thumb/v7e-m+fp/hard/libc_nano.a(libc_a-signal.o)
                0x0800b4c4                raise
 .text._kill_r  0x0800b4d4       0x24 /Applications/STM32CubeIDE.app/Contents/Eclipse/plugins/com.st.stm32cube.ide.mcu.externaltools.gnu-tools-for-stm32.13.3.rel1.macos64_1.0.0.202411102158/tools/bin/../lib/gcc/arm-none-eabi/13.3.1/../../../../arm-none-eabi/lib/thumb/v7e-m+fp/hard/libc_nano.a(libc_a-signalr.o)
                0x0800b4d4                _kill_r
 .text._getpid_r
                0x0800b4f8        0x4 /Applications/STM32CubeIDE.app/Contents/Eclipse/plugins/com.st.stm32cube.ide.mcu.externaltools.gnu-tools-for-stm32.13.3.rel1.macos64_1.0.0.202411102158/tools/bin/../lib/gcc/arm-none-eabi/13.3.1/../../../../arm-none-eabi/lib/thumb/v7e-m+fp/hard/libc_nano.a(libc_a-signalr.o)
                0x0800b4f8                _getpid_r
 .text.sqrtf    0x0800b4fc       0x3c /Applications/STM32CubeIDE.app/Contents/Eclipse/plugins/com.st.stm32cube.ide.mcu.externaltools.gnu-tools-for-stm32.13.3.rel1.macos64_1.0.0.202411102158/tools/bin/../lib/gcc/arm-none-eabi/13.3.1/../../../../arm-none-eabi/lib/thumb/v7e-m+fp/hard/libm.a(libm_a-wf_sqrt.o)
                0x0800b4fc                sqrtf
 .text.__ieee754_sqrtf
                0x0800b538        0x6 /Applications/STM32CubeIDE.app/Contents/Eclipse/plugins/com.st.stm32cube.ide.mcu.externaltools.gnu-tools-for-stm32.13.3.rel1.macos64_1.0.0.202411102158/tools/bin/../lib/gcc/arm-none-eabi/13.3.1/../../../../arm-none-eabi/lib/thumb/v7e-m+fp/hard/libm.a(libm_a-ef_sqrt.o)
                0x0800b538                __ieee754_sqrtf
 *fill*         0x0800b53e        0x2 
 .text.round    0x0800b540       0x8c /Applications/STM32CubeIDE.app/Contents/Eclipse/plugins/com.st.stm32cube.ide.mcu.externaltools.gnu-tools-for-stm32.13.3.rel1.macos64_1.0.0.202411102158/tools/bin/../lib/gcc/arm-none-eabi/13.3.1/../../../../arm-none-eabi/lib/thumb/v7e-m+fp/hard/libm.a(libm_a-s_round.o)
                0x0800b540                round
 *(.glue_7)
 .glue_7        0x0800b5cc        0x0 linker stubs
 *(.glue_7t)
 .glue_7t       0x0800b5cc        0x0 linker stubs
 *(.eh_frame)
 .eh_frame      0x0800b5cc        0x0 /Applications/STM32CubeIDE.app/Contents/Eclipse/plugins/com.st.stm32cube.ide.mcu.externaltools.gnu-tools-for-stm32.13.3.rel1.macos64_1.0.0.202411102158/tools/bin/../lib/gcc/arm-none-eabi/13.3.1/thumb/v7e-m+fp/hard/crtbegin.o
 *(.init)
 .init          0x0800b5cc        0x4 /Applications/STM32CubeIDE.app/Contents/Eclipse/plugins/com.st.stm32cube.ide.mcu.externaltools.gnu-tools-for-stm32.13.3.rel1.macos64_1.0.0.202411102158/tools/bin/../lib/gcc/arm-none-eabi/13.3.1/thumb/v7e-m+fp/hard/crti.o
                0x0800b5cc                _init
 .init          0x0800b5d0        0x8 /Applications/STM32CubeIDE.app/Contents/Eclipse/plugins/com.st.stm32cube.ide.mcu.externaltools.gnu-tools-for-stm32.13.3.rel1.macos64_1.0.0.202411102158/tools/bin/../lib/gcc/arm-none-eabi/13.3.1/thumb/v7e-m+fp/hard/crtn.o
 *(.fini)
 .fini          0x0800b5d8        0x4 /Applications/STM32CubeIDE.app/Contents/Eclipse/plugins/com.st.stm32cube.ide.mcu.externaltools.gnu-tools-for-stm32.13.3.rel1.macos64_1.0.0.202411102158/tools/bin/../lib/gcc/arm-none-eabi/13.3.1/thumb/v7e-m+fp/hard/crti.o
                0x0800b5d8                _fini
 .fini          0x0800b5dc        0x8 /Applications/STM32CubeIDE.app/Contents/Eclipse/plugins/com.st.stm32cube.ide.mcu.externaltools.gnu-tools-for-stm32.13.3.rel1.macos64_1.0.0.202411102158/tools/bin/../lib/gcc/arm-none-eabi/13.3.1/thumb/v7e-m+fp/hard/crtn.o
                0x0800b5e4                        . = ALIGN (0x4)
                0x0800b5e4                        _etext = .

.vfp11_veneer   0x0800b5e4        0x0
 .vfp11_veneer  0x0800b5e4        0x0 linker stubs

.v4_bx          0x0800b5e4        0x0
 .v4_bx         0x0800b5e4        0x0 linker stubs

.iplt           0x0800b5e4        0x0
 .iplt          0x0800b5e4        0x0 /Applications/STM32CubeIDE.app/Contents/Eclipse/plugins/com.st.stm32cube.ide.mcu.externaltools.gnu-tools-for-stm32.13.3.rel1.macos64_1.0.0.202411102158/tools/bin/../lib/gcc/arm-none-eabi/13.3.1/thumb/v7e-m+fp/hard/crtbegin.o

.rodata         0x0800b5e8    0x133a4
                0x0800b5e8                        . = ALIGN (0x4)
 *(.rodata)
 .rodata        0x0800b5e8       0x13 ./Core/Src/fft.o
 *(.rodata*)
 *fill*         0x0800b5fb        0x1 
 .rodata.AHBPrescTable
                0x0800b5fc       0x10 ./Core/Src/system_stm32g4xx.o
                0x0800b5fc                AHBPrescTable
 .rodata.APBPrescTable
                0x0800b60c        0x8 ./Core/Src/system_stm32g4xx.o
                0x0800b60c                APBPrescTable
 .rodata.UARTPrescTable
                0x0800b614       0x18 ./Drivers/STM32G4xx_HAL_Driver/Src/stm32g4xx_hal_uart.o
                0x0800b614                UARTPrescTable
 .rodata.armBitRevIndexTable1024
                0x0800b62c      0xe10 /Users/enrique/Downloads/Senior-Design/firmware/Drivers/CMSIS/DSP_DRIVERS/Lib/GCC/libarm_cortexM4lf_math.a(arm_common_tables.o)
                0x0800b62c                armBitRevIndexTable1024
 .rodata.armBitRevIndexTable128
                0x0800c43c      0x1a0 /Users/enrique/Downloads/Senior-Design/firmware/Drivers/CMSIS/DSP_DRIVERS/Lib/GCC/libarm_cortexM4lf_math.a(arm_common_tables.o)
                0x0800c43c                armBitRevIndexTable128
 .rodata.armBitRevIndexTable16
                0x0800c5dc       0x28 /Users/enrique/Downloads/Senior-Design/firmware/Drivers/CMSIS/DSP_DRIVERS/Lib/GCC/libarm_cortexM4lf_math.a(arm_common_tables.o)
                0x0800c5dc                armBitRevIndexTable16
 .rodata.armBitRevIndexTable2048
                0x0800c604     0x1dc0 /Users/enrique/Downloads/Senior-Design/firmware/Drivers/CMSIS/DSP_DRIVERS/Lib/GCC/libarm_cortexM4lf_math.a(arm_common_tables.o)
                0x0800c604                armBitRevIndexTable2048
 .rodata.armBitRevIndexTable256
                0x0800e3c4      0x370 /Users/enrique/Downloads/Senior-Design/firmware/Drivers/CMSIS/DSP_DRIVERS/Lib/GCC/libarm_cortexM4lf_math.a(arm_common_tables.o)
                0x0800e3c4                armBitRevIndexTable256
 .rodata.armBitRevIndexTable32
                0x0800e734       0x60 /Users/enrique/Downloads/Senior-Design/firmware/Drivers/CMSIS/DSP_DRIVERS/Lib/GCC/libarm_cortexM4lf_math.a(arm_common_tables.o)
                0x0800e734                armBitRevIndexTable32
 .rodata.armBitRevIndexTable512
                0x0800e794      0x380 /Users/enrique/Downloads/Senior-Design/firmware/Drivers/CMSIS/DSP_DRIVERS/Lib/GCC/libarm_cortexM4lf_math.a(arm_common_tables.o)
                0x0800e794                armBitRevIndexTable512
 .rodata.twiddleCoef_1024
                0x0800eb14     0x2000 /Users/enrique/Downloads/Senior-Design/firmware/Drivers/CMSIS/DSP_DRIVERS/Lib/GCC/libarm_cortexM4lf_math.a(arm_common_tables.o)
                0x0800eb14                twiddleCoef_1024
 .rodata.twiddleCoef_128
                0x08010b14      0x400 /Users/enrique/Downloads/Senior-Design/firmware/Drivers/CMSIS/DSP_DRIVERS/Lib/GCC/libarm_cortexM4lf_math.a(arm_common_tables.o)
                0x08010b14                twiddleCoef_128
 .rodata.twiddleCoef_16
                0x08010f14       0x80 /Users/enrique/Downloads/Senior-Design/firmware/Drivers/CMSIS/DSP_DRIVERS/Lib/GCC/libarm_cortexM4lf_math.a(arm_common_tables.o)
                0x08010f14                twiddleCoef_16
 .rodata.twiddleCoef_2048
                0x08010f94     0x4000 /Users/enrique/Downloads/Senior-Design/firmware/Drivers/CMSIS/DSP_DRIVERS/Lib/GCC/libarm_cortexM4lf_math.a(arm_common_tables.o)
                0x08010f94                twiddleCoef_2048
 .rodata.twiddleCoef_256
                0x08014f94      0x800 /Users/enrique/Downloads/Senior-Design/firmware/Drivers/CMSIS/DSP_DRIVERS/Lib/GCC/libarm_cortexM4lf_math.a(arm_common_tables.o)
                0x08014f94                twiddleCoef_256
 .rodata.twiddleCoef_32
                0x08015794      0x100 /Users/enrique/Downloads/Senior-Design/firmware/Drivers/CMSIS/DSP_DRIVERS/Lib/GCC/libarm_cortexM4lf_math.a(arm_common_tables.o)
                0x08015794                twiddleCoef_32
 .rodata.twiddleCoef_512
                0x08015894     0x1000 /Users/enrique/Downloads/Senior-Design/firmware/Drivers/CMSIS/DSP_DRIVERS/Lib/GCC/libarm_cortexM4lf_math.a(arm_common_tables.o)
                0x08015894                twiddleCoef_512
 .rodata.twiddleCoef_rfft_1024
                0x08016894     0x1000 /Users/enrique/Downloads/Senior-Design/firmware/Drivers/CMSIS/DSP_DRIVERS/Lib/GCC/libarm_cortexM4lf_math.a(arm_common_tables.o)
                0x08016894                twiddleCoef_rfft_1024
 .rodata.twiddleCoef_rfft_2048
                0x08017894     0x2000 /Users/enrique/Downloads/Senior-Design/firmware/Drivers/CMSIS/DSP_DRIVERS/Lib/GCC/libarm_cortexM4lf_math.a(arm_common_tables.o)
                0x08017894                twiddleCoef_rfft_2048
 .rodata.twiddleCoef_rfft_256
                0x08019894      0x400 /Users/enrique/Downloads/Senior-Design/firmware/Drivers/CMSIS/DSP_DRIVERS/Lib/GCC/libarm_cortexM4lf_math.a(arm_common_tables.o)
                0x08019894                twiddleCoef_rfft_256
 .rodata.twiddleCoef_rfft_32
                0x08019c94       0x80 /Users/enrique/Downloads/Senior-Design/firmware/Drivers/CMSIS/DSP_DRIVERS/Lib/GCC/libarm_cortexM4lf_math.a(arm_common_tables.o)
                0x08019c94                twiddleCoef_rfft_32
 .rodata.twiddleCoef_rfft_4096
                0x08019d14     0x4000 /Users/enrique/Downloads/Senior-Design/firmware/Drivers/CMSIS/DSP_DRIVERS/Lib/GCC/libarm_cortexM4lf_math.a(arm_common_tables.o)
                0x08019d14                twiddleCoef_rfft_4096
 .rodata.twiddleCoef_rfft_512
                0x0801dd14      0x800 /Users/enrique/Downloads/Senior-Design/firmware/Drivers/CMSIS/DSP_DRIVERS/Lib/GCC/libarm_cortexM4lf_math.a(arm_common_tables.o)
                0x0801dd14                twiddleCoef_rfft_512
 .rodata.twiddleCoef_rfft_64
                0x0801e514      0x100 /Users/enrique/Downloads/Senior-Design/firmware/Drivers/CMSIS/DSP_DRIVERS/Lib/GCC/libarm_cortexM4lf_math.a(arm_common_tables.o)
                0x0801e514                twiddleCoef_rfft_64
 .rodata._printf_float.str1.1
                0x0801e614      0x171 /Applications/STM32CubeIDE.app/Contents/Eclipse/plugins/com.st.stm32cube.ide.mcu.externaltools.gnu-tools-for-stm32.13.3.rel1.macos64_1.0.0.202411102158/tools/bin/../lib/gcc/arm-none-eabi/13.3.1/../../../../arm-none-eabi/lib/thumb/v7e-m+fp/hard/libc_nano.a(libc_a-nano-vfprintf_float.o)
                                 0x12 (size before relaxing)
 .rodata._printf_i.str1.1
                0x0801e785       0x22 /Applications/STM32CubeIDE.app/Contents/Eclipse/plugins/com.st.stm32cube.ide.mcu.externaltools.gnu-tools-for-stm32.13.3.rel1.macos64_1.0.0.202411102158/tools/bin/../lib/gcc/arm-none-eabi/13.3.1/../../../../arm-none-eabi/lib/thumb/v7e-m+fp/hard/libc_nano.a(libc_a-nano-vfprintf_i.o)
 .rodata._dtoa_r.str1.1
                0x0801e785       0x8f /Applications/STM32CubeIDE.app/Contents/Eclipse/plugins/com.st.stm32cube.ide.mcu.externaltools.gnu-tools-for-stm32.13.3.rel1.macos64_1.0.0.202411102158/tools/bin/../lib/gcc/arm-none-eabi/13.3.1/../../../../arm-none-eabi/lib/thumb/v7e-m+fp/hard/libc_nano.a(libc_a-dtoa.o)
 .rodata._Balloc.str1.1
                0x0801e785       0x70 /Applications/STM32CubeIDE.app/Contents/Eclipse/plugins/com.st.stm32cube.ide.mcu.externaltools.gnu-tools-for-stm32.13.3.rel1.macos64_1.0.0.202411102158/tools/bin/../lib/gcc/arm-none-eabi/13.3.1/../../../../arm-none-eabi/lib/thumb/v7e-m+fp/hard/libc_nano.a(libc_a-mprec.o)
 .rodata.__multadd.str1.1
                0x0801e785       0x11 /Applications/STM32CubeIDE.app/Contents/Eclipse/plugins/com.st.stm32cube.ide.mcu.externaltools.gnu-tools-for-stm32.13.3.rel1.macos64_1.0.0.202411102158/tools/bin/../lib/gcc/arm-none-eabi/13.3.1/../../../../arm-none-eabi/lib/thumb/v7e-m+fp/hard/libc_nano.a(libc_a-mprec.o)
 *fill*         0x0801e785        0x3 
 .rodata.p05.0  0x0801e788        0xc /Applications/STM32CubeIDE.app/Contents/Eclipse/plugins/com.st.stm32cube.ide.mcu.externaltools.gnu-tools-for-stm32.13.3.rel1.macos64_1.0.0.202411102158/tools/bin/../lib/gcc/arm-none-eabi/13.3.1/../../../../arm-none-eabi/lib/thumb/v7e-m+fp/hard/libc_nano.a(libc_a-mprec.o)
 *fill*         0x0801e794        0x4 
 .rodata.__mprec_bigtens
                0x0801e798       0x28 /Applications/STM32CubeIDE.app/Contents/Eclipse/plugins/com.st.stm32cube.ide.mcu.externaltools.gnu-tools-for-stm32.13.3.rel1.macos64_1.0.0.202411102158/tools/bin/../lib/gcc/arm-none-eabi/13.3.1/../../../../arm-none-eabi/lib/thumb/v7e-m+fp/hard/libc_nano.a(libc_a-mprec.o)
                0x0801e798                __mprec_bigtens
 .rodata.__mprec_tens
                0x0801e7c0       0xc8 /Applications/STM32CubeIDE.app/Contents/Eclipse/plugins/com.st.stm32cube.ide.mcu.externaltools.gnu-tools-for-stm32.13.3.rel1.macos64_1.0.0.202411102158/tools/bin/../lib/gcc/arm-none-eabi/13.3.1/../../../../arm-none-eabi/lib/thumb/v7e-m+fp/hard/libc_nano.a(libc_a-mprec.o)
                0x0801e7c0                __mprec_tens
 .rodata._setlocale_r.str1.1
                0x0801e888        0x9 /Applications/STM32CubeIDE.app/Contents/Eclipse/plugins/com.st.stm32cube.ide.mcu.externaltools.gnu-tools-for-stm32.13.3.rel1.macos64_1.0.0.202411102158/tools/bin/../lib/gcc/arm-none-eabi/13.3.1/../../../../arm-none-eabi/lib/thumb/v7e-m+fp/hard/libc_nano.a(libc_a-locale.o)
 .rodata.str1.1
                0x0801e888        0x2 /Applications/STM32CubeIDE.app/Contents/Eclipse/plugins/com.st.stm32cube.ide.mcu.externaltools.gnu-tools-for-stm32.13.3.rel1.macos64_1.0.0.202411102158/tools/bin/../lib/gcc/arm-none-eabi/13.3.1/../../../../arm-none-eabi/lib/thumb/v7e-m+fp/hard/libc_nano.a(libc_a-locale.o)
 .rodata._ctype_
                0x0801e888      0x101 /Applications/STM32CubeIDE.app/Contents/Eclipse/plugins/com.st.stm32cube.ide.mcu.externaltools.gnu-tools-for-stm32.13.3.rel1.macos64_1.0.0.202411102158/tools/bin/../lib/gcc/arm-none-eabi/13.3.1/../../../../arm-none-eabi/lib/thumb/v7e-m+fp/hard/libc_nano.a(libc_a-ctype_.o)
                0x0801e888                _ctype_
 .rodata.__assert_func.str1.1
                0x0801e989       0x3d /Applications/STM32CubeIDE.app/Contents/Eclipse/plugins/com.st.stm32cube.ide.mcu.externaltools.gnu-tools-for-stm32.13.3.rel1.macos64_1.0.0.202411102158/tools/bin/../lib/gcc/arm-none-eabi/13.3.1/../../../../arm-none-eabi/lib/thumb/v7e-m+fp/hard/libc_nano.a(libc_a-assert.o)
 .rodata._vfprintf_r.str1.1
                0x0801e989       0x11 /Applications/STM32CubeIDE.app/Contents/Eclipse/plugins/com.st.stm32cube.ide.mcu.externaltools.gnu-tools-for-stm32.13.3.rel1.macos64_1.0.0.202411102158/tools/bin/../lib/gcc/arm-none-eabi/13.3.1/../../../../arm-none-eabi/lib/thumb/v7e-m+fp/hard/libc_nano.a(libc_a-nano-vfprintf.o)
                0x0801e9c8                        . = ALIGN (0x4)
 *fill*         0x0801e989        0x3 

.ARM.extab      0x0801e98c        0x0
                0x0801e98c                        . = ALIGN (0x4)
 *(.ARM.extab* .gnu.linkonce.armextab.*)
                0x0801e98c                        . = ALIGN (0x4)

.ARM            0x0801e98c        0x8
                0x0801e98c                        . = ALIGN (0x4)
                0x0801e98c                        __exidx_start = .
 *(.ARM.exidx*)
 .ARM.exidx     0x0801e98c        0x8 /Applications/STM32CubeIDE.app/Contents/Eclipse/plugins/com.st.stm32cube.ide.mcu.externaltools.gnu-tools-for-stm32.13.3.rel1.macos64_1.0.0.202411102158/tools/bin/../lib/gcc/arm-none-eabi/13.3.1/../../../../arm-none-eabi/lib/thumb/v7e-m+fp/hard/libc_nano.a(libc_a-memchr.o)
 .ARM.exidx     0x0801e994        0x0 /Applications/STM32CubeIDE.app/Contents/Eclipse/plugins/com.st.stm32cube.ide.mcu.externaltools.gnu-tools-for-stm32.13.3.rel1.macos64_1.0.0.202411102158/tools/bin/../lib/gcc/arm-none-eabi/13.3.1/../../../../arm-none-eabi/lib/thumb/v7e-m+fp/hard/libc_nano.a(libc_a-strlen.o)
                                  0x8 (size before relaxing)
 .ARM.exidx     0x0801e994        0x0 /Applications/STM32CubeIDE.app/Contents/Eclipse/plugins/com.st.stm32cube.ide.mcu.externaltools.gnu-tools-for-stm32.13.3.rel1.macos64_1.0.0.202411102158/tools/bin/../lib/gcc/arm-none-eabi/13.3.1/thumb/v7e-m+fp/hard/libgcc.a(_udivmoddi4.o)
                                  0x8 (size before relaxing)
                0x0801e994                        __exidx_end = .
                0x0801e994                        . = ALIGN (0x4)

.preinit_array  0x0801e994        0x0
                0x0801e994                        . = ALIGN (0x4)
                0x0801e994                        PROVIDE (__preinit_array_start = .)
 *(.preinit_array*)
                0x0801e994                        PROVIDE (__preinit_array_end = .)
                0x0801e994                        . = ALIGN (0x4)

.init_array     0x0801e994        0x4
                0x0801e994                        . = ALIGN (0x4)
                0x0801e994                        PROVIDE (__init_array_start = .)
 *(SORT_BY_NAME(.init_array.*))
 *(.init_array*)
 .init_array    0x0801e994        0x4 /Applications/STM32CubeIDE.app/Contents/Eclipse/plugins/com.st.stm32cube.ide.mcu.externaltools.gnu-tools-for-stm32.13.3.rel1.macos64_1.0.0.202411102158/tools/bin/../lib/gcc/arm-none-eabi/13.3.1/thumb/v7e-m+fp/hard/crtbegin.o
                0x0801e998                        PROVIDE (__init_array_end = .)
                0x0801e998                        . = ALIGN (0x4)

.fini_array     0x0801e998        0x4
                0x0801e998                        . = ALIGN (0x4)
                [!provide]                        PROVIDE (__fini_array_start = .)
 *(SORT_BY_NAME(.fini_array.*))
 *(.fini_array*)
 .fini_array    0x0801e998        0x4 /Applications/STM32CubeIDE.app/Contents/Eclipse/plugins/com.st.stm32cube.ide.mcu.externaltools.gnu-tools-for-stm32.13.3.rel1.macos64_1.0.0.202411102158/tools/bin/../lib/gcc/arm-none-eabi/13.3.1/thumb/v7e-m+fp/hard/crtbegin.o
                [!provide]                        PROVIDE (__fini_array_end = .)
                0x0801e99c                        . = ALIGN (0x4)
                0x0801e99c                        _sidata = LOADADDR (.data)

.rel.dyn        0x0801e99c        0x0
 .rel.iplt      0x0801e99c        0x0 /Applications/STM32CubeIDE.app/Contents/Eclipse/plugins/com.st.stm32cube.ide.mcu.externaltools.gnu-tools-for-stm32.13.3.rel1.macos64_1.0.0.202411102158/tools/bin/../lib/gcc/arm-none-eabi/13.3.1/thumb/v7e-m+fp/hard/crtbegin.o

.data           0x20000000      0x268 load address 0x0801e99c
                0x20000000                        . = ALIGN (0x4)
                0x20000000                        _sdata = .
 *(.data)
 *(.data*)
 .data.bars_x   0x20000000       0x80 ./Core/Src/lcd.o
                0x20000000                bars_x
 .data.colors   0x20000080       0x10 ./Core/Src/lcd.o
                0x20000080                colors
 .data.DMA_MIN_SIZE
                0x20000090        0x2 ./Core/Src/lcd.o
                0x20000090                DMA_MIN_SIZE
 *fill*         0x20000092        0x2 
 .data.SystemCoreClock
                0x20000094        0x4 ./Core/Src/system_stm32g4xx.o
                0x20000094                SystemCoreClock
 .data.uwTickPrio
                0x20000098        0x4 ./Drivers/STM32G4xx_HAL_Driver/Src/stm32g4xx_hal.o
                0x20000098                uwTickPrio
 .data.uwTickFreq
                0x2000009c        0x4 ./Drivers/STM32G4xx_HAL_Driver/Src/stm32g4xx_hal.o
                0x2000009c                uwTickFreq
 .data.__sglue  0x200000a0        0xc /Applications/STM32CubeIDE.app/Contents/Eclipse/plugins/com.st.stm32cube.ide.mcu.externaltools.gnu-tools-for-stm32.13.3.rel1.macos64_1.0.0.202411102158/tools/bin/../lib/gcc/arm-none-eabi/13.3.1/../../../../arm-none-eabi/lib/thumb/v7e-m+fp/hard/libc_nano.a(libc_a-findfp.o)
                0x200000a0                __sglue
 .data._impure_ptr
                0x200000ac        0x4 /Applications/STM32CubeIDE.app/Contents/Eclipse/plugins/com.st.stm32cube.ide.mcu.externaltools.gnu-tools-for-stm32.13.3.rel1.macos64_1.0.0.202411102158/tools/bin/../lib/gcc/arm-none-eabi/13.3.1/../../../../arm-none-eabi/lib/thumb/v7e-m+fp/hard/libc_nano.a(libc_a-impure.o)
                0x200000ac                _impure_ptr
 .data._impure_data
                0x200000b0       0x4c /Applications/STM32CubeIDE.app/Contents/Eclipse/plugins/com.st.stm32cube.ide.mcu.externaltools.gnu-tools-for-stm32.13.3.rel1.macos64_1.0.0.202411102158/tools/bin/../lib/gcc/arm-none-eabi/13.3.1/../../../../arm-none-eabi/lib/thumb/v7e-m+fp/hard/libc_nano.a(libc_a-impure.o)
                0x200000b0                _impure_data
 .data.__global_locale
                0x200000fc      0x16c /Applications/STM32CubeIDE.app/Contents/Eclipse/plugins/com.st.stm32cube.ide.mcu.externaltools.gnu-tools-for-stm32.13.3.rel1.macos64_1.0.0.202411102158/tools/bin/../lib/gcc/arm-none-eabi/13.3.1/../../../../arm-none-eabi/lib/thumb/v7e-m+fp/hard/libc_nano.a(libc_a-locale.o)
                0x200000fc                __global_locale
 *(.RamFunc)
 *(.RamFunc*)
                0x20000268                        . = ALIGN (0x4)
                0x20000268                        _edata = .

.igot.plt       0x20000268        0x0 load address 0x0801ec04
 .igot.plt      0x20000268        0x0 /Applications/STM32CubeIDE.app/Contents/Eclipse/plugins/com.st.stm32cube.ide.mcu.externaltools.gnu-tools-for-stm32.13.3.rel1.macos64_1.0.0.202411102158/tools/bin/../lib/gcc/arm-none-eabi/13.3.1/thumb/v7e-m+fp/hard/crtbegin.o
                0x20000268                        . = ALIGN (0x4)

.bss            0x20000268     0x1d50 load address 0x0801ec04
                0x20000268                        _sbss = .